../Drivers/STM32L0xx_HAL_Driver/Inc/stm32l0xx_ll_rcc.h:703:22:LL_RCC_HSE_DisableBypass	8	static
../Drivers/STM32L0xx_HAL_Driver/Inc/stm32l0xx_ll_rcc.h:800:26:LL_RCC_HSI_IsReady	8	static
../Drivers/STM32L0xx_HAL_Driver/Inc/stm32l0xx_ll_rcc.h:891:22:LL_RCC_HSI_SetCalibTrimming	16	static
../Drivers/STM32L0xx_HAL_Driver/Inc/stm32l0xx_ll_rcc.h:1095:26:LL_RCC_LSE_IsReady	8	static
../Drivers/STM32L0xx_HAL_Driver/Inc/stm32l0xx_ll_rcc.h:1143:26:LL_RCC_LSI_IsReady	8	static
../Drivers/STM32L0xx_HAL_Driver/Inc/stm32l0xx_ll_rcc.h:1161:22:LL_RCC_MSI_Enable	8	static
../Drivers/STM32L0xx_HAL_Driver/Inc/stm32l0xx_ll_rcc.h:1181:26:LL_RCC_MSI_IsReady	8	static
../Drivers/STM32L0xx_HAL_Driver/Inc/stm32l0xx_ll_rcc.h:1199:22:LL_RCC_MSI_SetRange	16	static
../Drivers/STM32L0xx_HAL_Driver/Inc/stm32l0xx_ll_rcc.h:1216:26:LL_RCC_MSI_GetRange	8	static
../Drivers/STM32L0xx_HAL_Driver/Inc/stm32l0xx_ll_rcc.h:1240:22:LL_RCC_MSI_SetCalibTrimming	16	static
../Drivers/STM32L0xx_HAL_Driver/Inc/stm32l0xx_ll_rcc.h:1287:26:LL_RCC_GetSysClkSource	8	static
../Drivers/STM32L0xx_HAL_Driver/Inc/stm32l0xx_ll_rcc.h:1358:26:LL_RCC_GetAHBPrescaler	8	static
../Drivers/STM32L0xx_HAL_Driver/Inc/stm32l0xx_ll_rcc.h:1373:26:LL_RCC_GetAPB1Prescaler	8	static
../Drivers/STM32L0xx_HAL_Driver/Inc/stm32l0xx_ll_rcc.h:1388:26:LL_RCC_GetAPB2Prescaler	8	static
../Drivers/STM32L0xx_HAL_Driver/Inc/stm32l0xx_ll_rcc.h:1584:26:LL_RCC_GetUSARTClockSource	16	static
../Drivers/STM32L0xx_HAL_Driver/Inc/stm32l0xx_ll_rcc.h:1602:26:LL_RCC_GetLPUARTClockSource	16	static
../Drivers/STM32L0xx_HAL_Driver/Inc/stm32l0xx_ll_rcc.h:1623:26:LL_RCC_GetI2CClockSource	16	static
../Drivers/STM32L0xx_HAL_Driver/Inc/stm32l0xx_ll_rcc.h:1639:26:LL_RCC_GetLPTIMClockSource	16	static
../Drivers/STM32L0xx_HAL_Driver/Inc/stm32l0xx_ll_rcc.h:1803:26:LL_RCC_PLL_IsReady	8	static
../Drivers/STM32L0xx_HAL_Driver/Inc/stm32l0xx_ll_rcc.h:1857:26:LL_RCC_PLL_GetMainSource	8	static
../Drivers/STM32L0xx_HAL_Driver/Inc/stm32l0xx_ll_rcc.h:1876:26:LL_RCC_PLL_GetMultiplicator	8	static
../Drivers/STM32L0xx_HAL_Driver/Inc/stm32l0xx_ll_rcc.h:1889:26:LL_RCC_PLL_GetDivider	8	static
../Drivers/STM32L0xx_HAL_Driver/Inc/stm32l0xx_ll_rcc.h:2095:26:LL_RCC_IsActiveFlag_HSIDIV	8	static
../Drivers/STM32L0xx_HAL_Driver/Inc/stm32l0xx_ll_rcc.h:2187:22:LL_RCC_ClearResetFlags	8	static
../Drivers/STM32L0xx_HAL_Driver/Src/stm32l0xx_ll_rcc.c:110:13:LL_RCC_DeInit	16	static,ignoring_inline_asm
../Drivers/STM32L0xx_HAL_Driver/Src/stm32l0xx_ll_rcc.c:220:6:LL_RCC_GetSystemClocksFreq	16	static
../Drivers/STM32L0xx_HAL_Driver/Src/stm32l0xx_ll_rcc.c:245:10:LL_RCC_GetUSARTClockFreq	24	static
../Drivers/STM32L0xx_HAL_Driver/Src/stm32l0xx_ll_rcc.c:342:10:LL_RCC_GetI2CClockFreq	24	static
../Drivers/STM32L0xx_HAL_Driver/Src/stm32l0xx_ll_rcc.c:421:10:LL_RCC_GetLPUARTClockFreq	24	static
../Drivers/STM32L0xx_HAL_Driver/Src/stm32l0xx_ll_rcc.c:472:10:LL_RCC_GetLPTIMClockFreq	24	static
../Drivers/STM32L0xx_HAL_Driver/Src/stm32l0xx_ll_rcc.c:577:17:RCC_GetSystemClockFreq	16	static
../Drivers/STM32L0xx_HAL_Driver/Src/stm32l0xx_ll_rcc.c:620:17:RCC_GetHCLKClockFreq	16	static
../Drivers/STM32L0xx_HAL_Driver/Src/stm32l0xx_ll_rcc.c:631:17:RCC_GetPCLK1ClockFreq	16	static
../Drivers/STM32L0xx_HAL_Driver/Src/stm32l0xx_ll_rcc.c:642:17:RCC_GetPCLK2ClockFreq	16	static
../Drivers/STM32L0xx_HAL_Driver/Src/stm32l0xx_ll_rcc.c:652:17:RCC_PLL_GetFreqDomain_SYS	24	static
