../Drivers/CMSIS/Include/core_cm4.h:1648:22:__NVIC_SetPriorityGrouping	1
../Drivers/CMSIS/Include/core_cm4.h:1667:26:__NVIC_GetPriorityGrouping	1
../Drivers/CMSIS/Include/core_cm4.h:1679:22:__NVIC_EnableIRQ	2
../Drivers/CMSIS/Include/core_cm4.h:1809:22:__NVIC_SetPriority	2
../Drivers/CMSIS/Include/core_cm4.h:1856:26:NVIC_EncodePriority	2
../Drivers/STM32L4xx_HAL_Driver/Inc/stm32l4xx_ll_adc.h:3134:26:LL_ADC_DMA_GetRegAddr	1
../Drivers/STM32L4xx_HAL_Driver/Inc/stm32l4xx_ll_adc.h:3252:22:LL_ADC_SetCommonPathInternalCh	1
../Drivers/STM32L4xx_HAL_Driver/Inc/stm32l4xx_ll_adc.h:4286:22:LL_ADC_REG_SetSequencerRanks	1
../Drivers/STM32L4xx_HAL_Driver/Inc/stm32l4xx_ll_adc.h:5464:22:LL_ADC_SetChannelSamplingTime	1
../Drivers/STM32L4xx_HAL_Driver/Inc/stm32l4xx_ll_adc.h:5621:22:LL_ADC_SetChannelSingleDiff	1
../Drivers/STM32L4xx_HAL_Driver/Inc/stm32l4xx_ll_adc.h:6256:22:LL_ADC_SetOverSamplingScope	1
../Drivers/STM32L4xx_HAL_Driver/Inc/stm32l4xx_ll_adc.h:6703:22:LL_ADC_DisableDeepPowerDown	1
../Drivers/STM32L4xx_HAL_Driver/Inc/stm32l4xx_ll_adc.h:6736:22:LL_ADC_EnableInternalRegulator	1
../Drivers/STM32L4xx_HAL_Driver/Inc/stm32l4xx_ll_adc.h:6787:22:LL_ADC_Enable	1
../Drivers/STM32L4xx_HAL_Driver/Inc/stm32l4xx_ll_adc.h:6912:22:LL_ADC_REG_StartConversion	1
../Drivers/STM32L4xx_HAL_Driver/Inc/stm32l4xx_ll_dma.h:552:22:LL_DMA_EnableChannel	1
../Drivers/STM32L4xx_HAL_Driver/Inc/stm32l4xx_ll_dma.h:655:22:LL_DMA_SetDataTransferDirection	1
../Drivers/STM32L4xx_HAL_Driver/Inc/stm32l4xx_ll_dma.h:706:22:LL_DMA_SetMode	1
../Drivers/STM32L4xx_HAL_Driver/Inc/stm32l4xx_ll_dma.h:753:22:LL_DMA_SetPeriphIncMode	1
../Drivers/STM32L4xx_HAL_Driver/Inc/stm32l4xx_ll_dma.h:800:22:LL_DMA_SetMemoryIncMode	1
../Drivers/STM32L4xx_HAL_Driver/Inc/stm32l4xx_ll_dma.h:848:22:LL_DMA_SetPeriphSize	1
../Drivers/STM32L4xx_HAL_Driver/Inc/stm32l4xx_ll_dma.h:897:22:LL_DMA_SetMemorySize	1
../Drivers/STM32L4xx_HAL_Driver/Inc/stm32l4xx_ll_dma.h:947:22:LL_DMA_SetChannelPriorityLevel	1
../Drivers/STM32L4xx_HAL_Driver/Inc/stm32l4xx_ll_dma.h:996:22:LL_DMA_SetDataLength	1
../Drivers/STM32L4xx_HAL_Driver/Inc/stm32l4xx_ll_dma.h:1049:22:LL_DMA_ConfigAddresses	2
../Drivers/STM32L4xx_HAL_Driver/Inc/stm32l4xx_ll_dma.h:1512:22:LL_DMA_SetPeriphRequest	2
../Drivers/STM32L4xx_HAL_Driver/Inc/stm32l4xx_ll_rcc.h:2024:22:LL_RCC_HSE_EnableCSS	1
../Drivers/STM32L4xx_HAL_Driver/Inc/stm32l4xx_ll_rcc.h:2054:22:LL_RCC_HSE_Enable	1
../Drivers/STM32L4xx_HAL_Driver/Inc/stm32l4xx_ll_rcc.h:2074:26:LL_RCC_HSE_IsReady	2
../Drivers/STM32L4xx_HAL_Driver/Inc/stm32l4xx_ll_rcc.h:2268:22:LL_RCC_LSE_Enable	1
../Drivers/STM32L4xx_HAL_Driver/Inc/stm32l4xx_ll_rcc.h:2314:22:LL_RCC_LSE_SetDriveCapability	1
../Drivers/STM32L4xx_HAL_Driver/Inc/stm32l4xx_ll_rcc.h:2338:22:LL_RCC_LSE_EnableCSS	1
../Drivers/STM32L4xx_HAL_Driver/Inc/stm32l4xx_ll_rcc.h:2360:26:LL_RCC_LSE_IsReady	2
../Drivers/STM32L4xx_HAL_Driver/Inc/stm32l4xx_ll_rcc.h:2740:22:LL_RCC_SetSysClkSource	1
../Drivers/STM32L4xx_HAL_Driver/Inc/stm32l4xx_ll_rcc.h:2754:26:LL_RCC_GetSysClkSource	1
../Drivers/STM32L4xx_HAL_Driver/Inc/stm32l4xx_ll_rcc.h:2774:22:LL_RCC_SetAHBPrescaler	1
../Drivers/STM32L4xx_HAL_Driver/Inc/stm32l4xx_ll_rcc.h:2790:22:LL_RCC_SetAPB1Prescaler	1
../Drivers/STM32L4xx_HAL_Driver/Inc/stm32l4xx_ll_rcc.h:2806:22:LL_RCC_SetAPB2Prescaler	1
../Drivers/STM32L4xx_HAL_Driver/Inc/stm32l4xx_ll_rcc.h:2950:22:LL_RCC_SetUSARTClockSource	1
../Drivers/STM32L4xx_HAL_Driver/Inc/stm32l4xx_ll_rcc.h:3153:22:LL_RCC_SetADCClockSource	1
../Drivers/STM32L4xx_HAL_Driver/Inc/stm32l4xx_ll_rcc.h:3648:22:LL_RCC_SetRTCClockSource	1
../Drivers/STM32L4xx_HAL_Driver/Inc/stm32l4xx_ll_rcc.h:3662:26:LL_RCC_GetRTCClockSource	1
../Drivers/STM32L4xx_HAL_Driver/Inc/stm32l4xx_ll_rcc.h:3672:22:LL_RCC_EnableRTC	1
../Drivers/STM32L4xx_HAL_Driver/Inc/stm32l4xx_ll_rcc.h:3702:22:LL_RCC_ForceBackupDomainReset	1
../Drivers/STM32L4xx_HAL_Driver/Inc/stm32l4xx_ll_rcc.h:3712:22:LL_RCC_ReleaseBackupDomainReset	1
../Drivers/STM32L4xx_HAL_Driver/Inc/stm32l4xx_ll_rcc.h:3731:22:LL_RCC_PLL_Enable	1
../Drivers/STM32L4xx_HAL_Driver/Inc/stm32l4xx_ll_rcc.h:3752:26:LL_RCC_PLL_IsReady	2
../Drivers/STM32L4xx_HAL_Driver/Inc/stm32l4xx_ll_rcc.h:3798:22:LL_RCC_PLL_ConfigDomain_SYS	1
../Drivers/STM32L4xx_HAL_Driver/Inc/stm32l4xx_ll_rcc.h:4197:22:LL_RCC_PLL_EnableDomain_SYS	1
../Drivers/STM32L4xx_HAL_Driver/Inc/stm32l4xx_ll_rcc.h:4240:22:LL_RCC_PLLSAI1_Enable	1
../Drivers/STM32L4xx_HAL_Driver/Inc/stm32l4xx_ll_rcc.h:4260:26:LL_RCC_PLLSAI1_IsReady	2
../Drivers/STM32L4xx_HAL_Driver/Inc/stm32l4xx_ll_rcc.h:4605:22:LL_RCC_PLLSAI1_ConfigDomain_ADC	1
../Drivers/STM32L4xx_HAL_Driver/Inc/stm32l4xx_ll_rcc.h:4805:22:LL_RCC_PLLSAI1_EnableDomain_ADC	1
../Drivers/STM32L4xx_HAL_Driver/Inc/stm32l4xx_ll_bus.h:327:22:LL_AHB1_GRP1_EnableClock	1
../Drivers/STM32L4xx_HAL_Driver/Inc/stm32l4xx_ll_bus.h:563:22:LL_AHB2_GRP1_EnableClock	1
../Drivers/STM32L4xx_HAL_Driver/Inc/stm32l4xx_ll_bus.h:1087:22:LL_APB1_GRP1_EnableClock	1
../Drivers/STM32L4xx_HAL_Driver/Inc/stm32l4xx_ll_bus.h:1179:26:LL_APB1_GRP1_IsEnabledClock	2
../Drivers/STM32L4xx_HAL_Driver/Inc/stm32l4xx_ll_bus.h:1263:22:LL_APB1_GRP1_DisableClock	1
../Drivers/STM32L4xx_HAL_Driver/Inc/stm32l4xx_ll_bus.h:1673:22:LL_APB2_GRP1_EnableClock	1
../Drivers/STM32L4xx_HAL_Driver/Inc/stm32l4xx_ll_system.h:1403:22:LL_FLASH_SetLatency	1
../Drivers/STM32L4xx_HAL_Driver/Inc/stm32l4xx_ll_system.h:1431:26:LL_FLASH_GetLatency	1
../Drivers/STM32L4xx_HAL_Driver/Inc/stm32l4xx_ll_pwr.h:343:22:LL_PWR_SetRegulVoltageScaling	1
../Drivers/STM32L4xx_HAL_Driver/Inc/stm32l4xx_ll_pwr.h:397:22:LL_PWR_EnableBkUpAccess	1
../Drivers/STM32L4xx_HAL_Driver/Inc/stm32l4xx_ll_pwr.h:417:26:LL_PWR_IsEnabledBkUpAccess	2
../Drivers/STM32L4xx_HAL_Driver/Inc/stm32l4xx_ll_pwr.h:1607:26:LL_PWR_IsActiveFlag_VOS	2
../Drivers/STM32L4xx_HAL_Driver/Inc/stm32l4xx_ll_usart.h:693:22:LL_USART_Enable	1
../Drivers/STM32L4xx_HAL_Driver/Inc/stm32l4xx_ll_usart.h:2810:22:LL_USART_ConfigAsyncMode	1
../Drivers/STM32L4xx_HAL_Driver/Inc/stm32l4xx_ll_usart.h:3187:26:LL_USART_IsActiveFlag_TXE	2
../Drivers/STM32L4xx_HAL_Driver/Inc/stm32l4xx_ll_usart.h:3672:22:LL_USART_EnableIT_RXNE	2
../Drivers/STM32L4xx_HAL_Driver/Inc/stm32l4xx_ll_usart.h:4566:22:LL_USART_TransmitData8	1
../Drivers/STM32L4xx_HAL_Driver/Inc/stm32l4xx_ll_gpio.h:985:22:LL_GPIO_ResetOutputPin	1
../Core/Src/main.c:32:5:_write	3
../Core/Src/main.c:95:5:main	6
../Core/Src/main.c:228:6:SystemClock_Config	7
../Core/Src/main.c:285:6:PeriphCommonClock_Config	2
../Core/Src/main.c:303:13:MX_ADC1_Init	2
../Core/Src/main.c:437:13:MX_RTC_Init	7
../Core/Src/main.c:522:13:MX_USART1_UART_Init	1
../Core/Src/main.c:579:13:MX_USART2_UART_Init	1
../Core/Src/main.c:636:13:MX_USART3_UART_Init	1
../Core/Src/main.c:691:13:MX_DMA_Init	1
../Core/Src/main.c:710:13:MX_GPIO_Init	1
../Core/Src/main.c:773:6:Error_Handler	1
