../Drivers/CMSIS/Include/core_cm0plus.h:741:22:__NVIC_EnableIRQ	2
../Drivers/CMSIS/Include/core_cm0plus.h:848:22:__NVIC_SetPriority	2
../Drivers/STM32L0xx_HAL_Driver/Inc/stm32l0xx_ll_adc.h:1639:26:LL_ADC_DMA_GetRegAddr	1
../Drivers/STM32L0xx_HAL_Driver/Inc/stm32l0xx_ll_adc.h:1737:22:LL_ADC_SetCommonFrequencyMode	1
../Drivers/STM32L0xx_HAL_Driver/Inc/stm32l0xx_ll_adc.h:1796:22:LL_ADC_SetCommonPathInternalCh	1
../Drivers/STM32L0xx_HAL_Driver/Inc/stm32l0xx_ll_adc.h:2153:22:LL_ADC_SetSamplingTimeCommonChannels	1
../Drivers/STM32L0xx_HAL_Driver/Inc/stm32l0xx_ll_adc.h:2341:22:LL_ADC_REG_SetSequencerScanDirection	1
../Drivers/STM32L0xx_HAL_Driver/Inc/stm32l0xx_ll_adc.h:2547:22:LL_ADC_REG_SetSequencerChAdd	1
../Drivers/STM32L0xx_HAL_Driver/Inc/stm32l0xx_ll_adc.h:3137:22:LL_ADC_SetOverSamplingScope	1
../Drivers/STM32L0xx_HAL_Driver/Inc/stm32l0xx_ll_adc.h:3305:22:LL_ADC_EnableInternalRegulator	1
../Drivers/STM32L0xx_HAL_Driver/Inc/stm32l0xx_ll_adc.h:3356:22:LL_ADC_Enable	1
../Drivers/STM32L0xx_HAL_Driver/Inc/stm32l0xx_ll_adc.h:3483:22:LL_ADC_REG_StartConversion	1
../Drivers/STM32L0xx_HAL_Driver/Inc/stm32l0xx_ll_adc.h:3878:22:LL_ADC_DisableIT_EOC	1
../Drivers/STM32L0xx_HAL_Driver/Inc/stm32l0xx_ll_adc.h:3889:22:LL_ADC_DisableIT_EOS	1
../Drivers/STM32L0xx_HAL_Driver/Inc/stm32l0xx_ll_dma.h:507:22:LL_DMA_EnableChannel	1
../Drivers/STM32L0xx_HAL_Driver/Inc/stm32l0xx_ll_dma.h:606:22:LL_DMA_SetDataTransferDirection	1
../Drivers/STM32L0xx_HAL_Driver/Inc/stm32l0xx_ll_dma.h:655:22:LL_DMA_SetMode	1
../Drivers/STM32L0xx_HAL_Driver/Inc/stm32l0xx_ll_dma.h:700:22:LL_DMA_SetPeriphIncMode	1
../Drivers/STM32L0xx_HAL_Driver/Inc/stm32l0xx_ll_dma.h:745:22:LL_DMA_SetMemoryIncMode	1
../Drivers/STM32L0xx_HAL_Driver/Inc/stm32l0xx_ll_dma.h:791:22:LL_DMA_SetPeriphSize	1
../Drivers/STM32L0xx_HAL_Driver/Inc/stm32l0xx_ll_dma.h:838:22:LL_DMA_SetMemorySize	1
../Drivers/STM32L0xx_HAL_Driver/Inc/stm32l0xx_ll_dma.h:886:22:LL_DMA_SetChannelPriorityLevel	1
../Drivers/STM32L0xx_HAL_Driver/Inc/stm32l0xx_ll_dma.h:933:22:LL_DMA_SetDataLength	1
../Drivers/STM32L0xx_HAL_Driver/Inc/stm32l0xx_ll_dma.h:984:22:LL_DMA_ConfigAddresses	2
../Drivers/STM32L0xx_HAL_Driver/Inc/stm32l0xx_ll_dma.h:1207:22:LL_DMA_SetPeriphRequest	1
../Drivers/STM32L0xx_HAL_Driver/Inc/stm32l0xx_ll_rcc.h:780:22:LL_RCC_HSI_Enable	1
../Drivers/STM32L0xx_HAL_Driver/Inc/stm32l0xx_ll_rcc.h:800:26:LL_RCC_HSI_IsReady	2
../Drivers/STM32L0xx_HAL_Driver/Inc/stm32l0xx_ll_rcc.h:891:22:LL_RCC_HSI_SetCalibTrimming	1
../Drivers/STM32L0xx_HAL_Driver/Inc/stm32l0xx_ll_rcc.h:1273:22:LL_RCC_SetSysClkSource	1
../Drivers/STM32L0xx_HAL_Driver/Inc/stm32l0xx_ll_rcc.h:1287:26:LL_RCC_GetSysClkSource	1
../Drivers/STM32L0xx_HAL_Driver/Inc/stm32l0xx_ll_rcc.h:1307:22:LL_RCC_SetAHBPrescaler	1
../Drivers/STM32L0xx_HAL_Driver/Inc/stm32l0xx_ll_rcc.h:1323:22:LL_RCC_SetAPB1Prescaler	1
../Drivers/STM32L0xx_HAL_Driver/Inc/stm32l0xx_ll_rcc.h:1339:22:LL_RCC_SetAPB2Prescaler	1
../Drivers/STM32L0xx_HAL_Driver/Inc/stm32l0xx_ll_bus.h:222:22:LL_AHB1_GRP1_EnableClock	1
../Drivers/STM32L0xx_HAL_Driver/Inc/stm32l0xx_ll_bus.h:438:22:LL_APB1_GRP1_EnableClock	1
../Drivers/STM32L0xx_HAL_Driver/Inc/stm32l0xx_ll_bus.h:784:22:LL_APB2_GRP1_EnableClock	1
../Drivers/STM32L0xx_HAL_Driver/Inc/stm32l0xx_ll_bus.h:985:22:LL_IOP_GRP1_EnableClock	1
../Drivers/STM32L0xx_HAL_Driver/Inc/stm32l0xx_ll_system.h:913:22:LL_FLASH_SetLatency	1
../Drivers/STM32L0xx_HAL_Driver/Inc/stm32l0xx_ll_system.h:925:26:LL_FLASH_GetLatency	1
../Drivers/STM32L0xx_HAL_Driver/Inc/stm32l0xx_ll_pwr.h:271:22:LL_PWR_SetRegulVoltageScaling	1
../Drivers/STM32L0xx_HAL_Driver/Inc/stm32l0xx_ll_pwr.h:678:26:LL_PWR_IsActiveFlag_VOS	1
../Drivers/STM32L0xx_HAL_Driver/Inc/stm32l0xx_ll_spi.h:378:22:LL_SPI_SetStandard	1
../Drivers/STM32L0xx_HAL_Driver/Inc/stm32l0xx_ll_spi.h:744:26:LL_SPI_IsActiveFlag_RXNE	2
../Drivers/STM32L0xx_HAL_Driver/Inc/stm32l0xx_ll_spi.h:755:26:LL_SPI_IsActiveFlag_TXE	2
../Drivers/STM32L0xx_HAL_Driver/Inc/stm32l0xx_ll_spi.h:1090:25:LL_SPI_ReceiveData8	1
../Drivers/STM32L0xx_HAL_Driver/Inc/stm32l0xx_ll_spi.h:1113:22:LL_SPI_TransmitData8	1
../Drivers/STM32L0xx_HAL_Driver/Inc/stm32l0xx_ll_gpio.h:762:26:LL_GPIO_IsInputPinSet	1
../Core/Src/main.c:77:5:main	7
../Core/Src/main.c:206:6:SystemClock_Config	5
../Core/Src/main.c:245:13:MX_ADC_Init	2
../Core/Src/main.c:421:13:MX_SPI1_Init	1
../Core/Src/main.c:489:13:MX_DMA_Init	1
../Core/Src/main.c:508:13:MX_GPIO_Init	1
../Core/Src/main.c:536:6:Error_Handler	1
