../Drivers/CMSIS/Include/core_cm4.h:1667:26:__NVIC_GetPriorityGrouping	4	static
../Drivers/CMSIS/Include/core_cm4.h:1679:22:__NVIC_EnableIRQ	16	static,ignoring_inline_asm
../Drivers/CMSIS/Include/core_cm4.h:1809:22:__NVIC_SetPriority	16	static
../Drivers/CMSIS/Include/core_cm4.h:1856:26:NVIC_EncodePriority	40	static
../Drivers/STM32L4xx_HAL_Driver/Inc/stm32l4xx_ll_adc.h:3116:26:LL_ADC_DMA_GetRegAddr	24	static
../Drivers/STM32L4xx_HAL_Driver/Inc/stm32l4xx_ll_adc.h:3252:22:LL_ADC_SetCommonPathInternalCh	16	static
../Drivers/STM32L4xx_HAL_Driver/Inc/stm32l4xx_ll_adc.h:4286:22:LL_ADC_REG_SetSequencerRanks	32	static
../Drivers/STM32L4xx_HAL_Driver/Inc/stm32l4xx_ll_adc.h:5464:22:LL_ADC_SetChannelSamplingTime	32	static
../Drivers/STM32L4xx_HAL_Driver/Inc/stm32l4xx_ll_adc.h:5621:22:LL_ADC_SetChannelSingleDiff	24	static
../Drivers/STM32L4xx_HAL_Driver/Inc/stm32l4xx_ll_adc.h:6256:22:LL_ADC_SetOverSamplingScope	16	static
../Drivers/STM32L4xx_HAL_Driver/Inc/stm32l4xx_ll_adc.h:6703:22:LL_ADC_DisableDeepPowerDown	16	static
../Drivers/STM32L4xx_HAL_Driver/Inc/stm32l4xx_ll_adc.h:6736:22:LL_ADC_EnableInternalRegulator	16	static
../Drivers/STM32L4xx_HAL_Driver/Inc/stm32l4xx_ll_adc.h:6787:22:LL_ADC_Enable	16	static
../Drivers/STM32L4xx_HAL_Driver/Inc/stm32l4xx_ll_adc.h:6912:22:LL_ADC_REG_StartConversion	16	static
../Drivers/STM32L4xx_HAL_Driver/Inc/stm32l4xx_ll_dma.h:552:22:LL_DMA_EnableChannel	24	static
../Drivers/STM32L4xx_HAL_Driver/Inc/stm32l4xx_ll_dma.h:655:22:LL_DMA_SetDataTransferDirection	32	static
../Drivers/STM32L4xx_HAL_Driver/Inc/stm32l4xx_ll_dma.h:706:22:LL_DMA_SetMode	32	static
../Drivers/STM32L4xx_HAL_Driver/Inc/stm32l4xx_ll_dma.h:753:22:LL_DMA_SetPeriphIncMode	32	static
../Drivers/STM32L4xx_HAL_Driver/Inc/stm32l4xx_ll_dma.h:800:22:LL_DMA_SetMemoryIncMode	32	static
../Drivers/STM32L4xx_HAL_Driver/Inc/stm32l4xx_ll_dma.h:848:22:LL_DMA_SetPeriphSize	32	static
../Drivers/STM32L4xx_HAL_Driver/Inc/stm32l4xx_ll_dma.h:897:22:LL_DMA_SetMemorySize	32	static
../Drivers/STM32L4xx_HAL_Driver/Inc/stm32l4xx_ll_dma.h:947:22:LL_DMA_SetChannelPriorityLevel	32	static
../Drivers/STM32L4xx_HAL_Driver/Inc/stm32l4xx_ll_dma.h:996:22:LL_DMA_SetDataLength	32	static
../Drivers/STM32L4xx_HAL_Driver/Inc/stm32l4xx_ll_dma.h:1049:22:LL_DMA_ConfigAddresses	32	static
../Drivers/STM32L4xx_HAL_Driver/Inc/stm32l4xx_ll_dma.h:1512:22:LL_DMA_SetPeriphRequest	40	static,ignoring_inline_asm
../Drivers/STM32L4xx_HAL_Driver/Inc/stm32l4xx_ll_rcc.h:2024:22:LL_RCC_HSE_EnableCSS	4	static
../Drivers/STM32L4xx_HAL_Driver/Inc/stm32l4xx_ll_rcc.h:2054:22:LL_RCC_HSE_Enable	4	static
../Drivers/STM32L4xx_HAL_Driver/Inc/stm32l4xx_ll_rcc.h:2074:26:LL_RCC_HSE_IsReady	4	static
../Drivers/STM32L4xx_HAL_Driver/Inc/stm32l4xx_ll_rcc.h:2219:22:LL_RCC_HSI48_Enable	4	static
../Drivers/STM32L4xx_HAL_Driver/Inc/stm32l4xx_ll_rcc.h:2239:26:LL_RCC_HSI48_IsReady	4	static
../Drivers/STM32L4xx_HAL_Driver/Inc/stm32l4xx_ll_rcc.h:2268:22:LL_RCC_LSE_Enable	4	static
../Drivers/STM32L4xx_HAL_Driver/Inc/stm32l4xx_ll_rcc.h:2314:22:LL_RCC_LSE_SetDriveCapability	16	static
../Drivers/STM32L4xx_HAL_Driver/Inc/stm32l4xx_ll_rcc.h:2338:22:LL_RCC_LSE_EnableCSS	4	static
../Drivers/STM32L4xx_HAL_Driver/Inc/stm32l4xx_ll_rcc.h:2360:26:LL_RCC_LSE_IsReady	4	static
../Drivers/STM32L4xx_HAL_Driver/Inc/stm32l4xx_ll_rcc.h:2740:22:LL_RCC_SetSysClkSource	16	static
../Drivers/STM32L4xx_HAL_Driver/Inc/stm32l4xx_ll_rcc.h:2754:26:LL_RCC_GetSysClkSource	4	static
../Drivers/STM32L4xx_HAL_Driver/Inc/stm32l4xx_ll_rcc.h:2774:22:LL_RCC_SetAHBPrescaler	16	static
../Drivers/STM32L4xx_HAL_Driver/Inc/stm32l4xx_ll_rcc.h:2790:22:LL_RCC_SetAPB1Prescaler	16	static
../Drivers/STM32L4xx_HAL_Driver/Inc/stm32l4xx_ll_rcc.h:2806:22:LL_RCC_SetAPB2Prescaler	16	static
../Drivers/STM32L4xx_HAL_Driver/Inc/stm32l4xx_ll_rcc.h:2950:22:LL_RCC_SetUSARTClockSource	16	static
../Drivers/STM32L4xx_HAL_Driver/Inc/stm32l4xx_ll_rcc.h:2970:22:LL_RCC_SetUARTClockSource	16	static
../Drivers/STM32L4xx_HAL_Driver/Inc/stm32l4xx_ll_rcc.h:3134:22:LL_RCC_SetUSBClockSource	16	static
../Drivers/STM32L4xx_HAL_Driver/Inc/stm32l4xx_ll_rcc.h:3153:22:LL_RCC_SetADCClockSource	16	static
../Drivers/STM32L4xx_HAL_Driver/Inc/stm32l4xx_ll_rcc.h:3648:22:LL_RCC_SetRTCClockSource	16	static
../Drivers/STM32L4xx_HAL_Driver/Inc/stm32l4xx_ll_rcc.h:3662:26:LL_RCC_GetRTCClockSource	4	static
../Drivers/STM32L4xx_HAL_Driver/Inc/stm32l4xx_ll_rcc.h:3672:22:LL_RCC_EnableRTC	4	static
../Drivers/STM32L4xx_HAL_Driver/Inc/stm32l4xx_ll_rcc.h:3702:22:LL_RCC_ForceBackupDomainReset	4	static
../Drivers/STM32L4xx_HAL_Driver/Inc/stm32l4xx_ll_rcc.h:3712:22:LL_RCC_ReleaseBackupDomainReset	4	static
../Drivers/STM32L4xx_HAL_Driver/Inc/stm32l4xx_ll_rcc.h:3731:22:LL_RCC_PLL_Enable	4	static
../Drivers/STM32L4xx_HAL_Driver/Inc/stm32l4xx_ll_rcc.h:3752:26:LL_RCC_PLL_IsReady	4	static
../Drivers/STM32L4xx_HAL_Driver/Inc/stm32l4xx_ll_rcc.h:3798:22:LL_RCC_PLL_ConfigDomain_SYS	24	static
../Drivers/STM32L4xx_HAL_Driver/Inc/stm32l4xx_ll_rcc.h:4197:22:LL_RCC_PLL_EnableDomain_SYS	4	static
../Drivers/STM32L4xx_HAL_Driver/Inc/stm32l4xx_ll_rcc.h:4240:22:LL_RCC_PLLSAI1_Enable	4	static
../Drivers/STM32L4xx_HAL_Driver/Inc/stm32l4xx_ll_rcc.h:4260:26:LL_RCC_PLLSAI1_IsReady	4	static
../Drivers/STM32L4xx_HAL_Driver/Inc/stm32l4xx_ll_rcc.h:4605:22:LL_RCC_PLLSAI1_ConfigDomain_ADC	24	static
../Drivers/STM32L4xx_HAL_Driver/Inc/stm32l4xx_ll_rcc.h:4805:22:LL_RCC_PLLSAI1_EnableDomain_ADC	4	static
../Drivers/STM32L4xx_HAL_Driver/Inc/stm32l4xx_ll_bus.h:327:22:LL_AHB1_GRP1_EnableClock	24	static
../Drivers/STM32L4xx_HAL_Driver/Inc/stm32l4xx_ll_bus.h:563:22:LL_AHB2_GRP1_EnableClock	24	static
../Drivers/STM32L4xx_HAL_Driver/Inc/stm32l4xx_ll_bus.h:1087:22:LL_APB1_GRP1_EnableClock	24	static
../Drivers/STM32L4xx_HAL_Driver/Inc/stm32l4xx_ll_bus.h:1179:26:LL_APB1_GRP1_IsEnabledClock	16	static
../Drivers/STM32L4xx_HAL_Driver/Inc/stm32l4xx_ll_bus.h:1263:22:LL_APB1_GRP1_DisableClock	16	static
../Drivers/STM32L4xx_HAL_Driver/Inc/stm32l4xx_ll_bus.h:1673:22:LL_APB2_GRP1_EnableClock	24	static
../Drivers/STM32L4xx_HAL_Driver/Inc/stm32l4xx_ll_system.h:1403:22:LL_FLASH_SetLatency	16	static
../Drivers/STM32L4xx_HAL_Driver/Inc/stm32l4xx_ll_system.h:1431:26:LL_FLASH_GetLatency	4	static
../Drivers/STM32L4xx_HAL_Driver/Inc/stm32l4xx_ll_pwr.h:343:22:LL_PWR_SetRegulVoltageScaling	16	static
../Drivers/STM32L4xx_HAL_Driver/Inc/stm32l4xx_ll_pwr.h:397:22:LL_PWR_EnableBkUpAccess	4	static
../Drivers/STM32L4xx_HAL_Driver/Inc/stm32l4xx_ll_pwr.h:417:26:LL_PWR_IsEnabledBkUpAccess	4	static
../Drivers/STM32L4xx_HAL_Driver/Inc/stm32l4xx_ll_pwr.h:1607:26:LL_PWR_IsActiveFlag_VOS	4	static
../Drivers/STM32L4xx_HAL_Driver/Inc/stm32l4xx_ll_spi.h:439:22:LL_SPI_SetStandard	16	static
../Drivers/STM32L4xx_HAL_Driver/Inc/stm32l4xx_ll_spi.h:875:22:LL_SPI_EnableNSSPulseMgt	16	static
../Drivers/STM32L4xx_HAL_Driver/Inc/stm32l4xx_ll_tim.h:1678:22:LL_TIM_DisableARRPreload	16	static
../Drivers/STM32L4xx_HAL_Driver/Inc/stm32l4xx_ll_tim.h:2395:22:LL_TIM_OC_DisableFast	24	static
../Drivers/STM32L4xx_HAL_Driver/Inc/stm32l4xx_ll_tim.h:2447:22:LL_TIM_OC_EnablePreload	24	static
../Drivers/STM32L4xx_HAL_Driver/Inc/stm32l4xx_ll_tim.h:3229:22:LL_TIM_DisableExternalClock	16	static
../Drivers/STM32L4xx_HAL_Driver/Inc/stm32l4xx_ll_tim.h:3312:22:LL_TIM_SetTriggerOutput	16	static
../Drivers/STM32L4xx_HAL_Driver/Inc/stm32l4xx_ll_tim.h:3409:22:LL_TIM_DisableMasterSlaveMode	16	static
../Drivers/STM32L4xx_HAL_Driver/Inc/stm32l4xx_ll_tim.h:3462:22:LL_TIM_ConfigETR	24	static
../Drivers/STM32L4xx_HAL_Driver/Inc/stm32l4xx_ll_tim.h:4077:22:LL_TIM_SetOCRefClearInputSource	16	static
../Drivers/STM32L4xx_HAL_Driver/Inc/stm32l4xx_ll_usart.h:693:22:LL_USART_Enable	16	static
../Drivers/STM32L4xx_HAL_Driver/Inc/stm32l4xx_ll_usart.h:2810:22:LL_USART_ConfigAsyncMode	16	static
../Drivers/STM32L4xx_HAL_Driver/Inc/stm32l4xx_ll_usart.h:3187:26:LL_USART_IsActiveFlag_TXE	16	static
../Drivers/STM32L4xx_HAL_Driver/Inc/stm32l4xx_ll_usart.h:3672:22:LL_USART_EnableIT_RXNE	40	static,ignoring_inline_asm
../Drivers/STM32L4xx_HAL_Driver/Inc/stm32l4xx_ll_usart.h:4566:22:LL_USART_TransmitData8	16	static
../Drivers/STM32L4xx_HAL_Driver/Inc/stm32l4xx_ll_gpio.h:985:22:LL_GPIO_ResetOutputPin	16	static
../Core/Src/main.c:32:5:_write	32	static
../Core/Src/main.c:118:5:main	16	static
../Core/Src/main.c:273:6:SystemClock_Config	8	static
../Core/Src/main.c:340:6:PeriphCommonClock_Config	8	static
../Core/Src/main.c:359:13:MX_ADC1_Init	88	static
../Core/Src/main.c:569:13:MX_ADC3_Init	88	static
../Core/Src/main.c:703:13:MX_CAN1_Init	8	static
../Core/Src/main.c:740:13:MX_CAN2_Init	8	static
../Core/Src/main.c:777:13:MX_I2C1_Init	8	static
../Core/Src/main.c:825:13:MX_QUADSPI_Init	8	static
../Core/Src/main.c:860:13:MX_RTC_Init	24	static
../Core/Src/main.c:929:13:MX_SPI2_Init	72	static
../Core/Src/main.c:994:13:MX_TIM3_Init	88	static
../Core/Src/main.c:1057:13:MX_TIM4_Init	88	static
../Core/Src/main.c:1124:13:MX_UART4_Init	64	static
../Core/Src/main.c:1181:13:MX_USART1_UART_Init	64	static
../Core/Src/main.c:1247:13:MX_USART2_UART_Init	64	static
../Core/Src/main.c:1304:13:MX_USART3_UART_Init	64	static
../Core/Src/main.c:1361:13:MX_USB_OTG_FS_USB_Init	4	static
../Core/Src/main.c:1380:13:MX_DMA_Init	8	static
../Core/Src/main.c:1402:13:MX_GPIO_Init	32	static
../Core/Src/main.c:1485:6:Error_Handler	4	static,ignoring_inline_asm
