Archive member included to satisfy reference by file (symbol)

C:/ST/STM32CubeIDE_1.17.0/STM32CubeIDE/plugins/com.st.stm32cube.ide.mcu.externaltools.gnu-tools-for-stm32.13.3.rel1.win32_1.0.0.202411081344/tools/bin/../lib/gcc/arm-none-eabi/13.3.1/../../../../arm-none-eabi/lib/thumb/v7e-m+fp/hard\libc_nano.a(libc_a-exit.o)
                              C:/ST/STM32CubeIDE_1.17.0/STM32CubeIDE/plugins/com.st.stm32cube.ide.mcu.externaltools.gnu-tools-for-stm32.13.3.rel1.win32_1.0.0.202411081344/tools/bin/../lib/gcc/arm-none-eabi/13.3.1/../../../../arm-none-eabi/lib/thumb/v7e-m+fp/hard/crt0.o (exit)
C:/ST/STM32CubeIDE_1.17.0/STM32CubeIDE/plugins/com.st.stm32cube.ide.mcu.externaltools.gnu-tools-for-stm32.13.3.rel1.win32_1.0.0.202411081344/tools/bin/../lib/gcc/arm-none-eabi/13.3.1/../../../../arm-none-eabi/lib/thumb/v7e-m+fp/hard\libc_nano.a(libc_a-findfp.o)
                              C:/ST/STM32CubeIDE_1.17.0/STM32CubeIDE/plugins/com.st.stm32cube.ide.mcu.externaltools.gnu-tools-for-stm32.13.3.rel1.win32_1.0.0.202411081344/tools/bin/../lib/gcc/arm-none-eabi/13.3.1/../../../../arm-none-eabi/lib/thumb/v7e-m+fp/hard\libc_nano.a(libc_a-exit.o) (__stdio_exit_handler)
C:/ST/STM32CubeIDE_1.17.0/STM32CubeIDE/plugins/com.st.stm32cube.ide.mcu.externaltools.gnu-tools-for-stm32.13.3.rel1.win32_1.0.0.202411081344/tools/bin/../lib/gcc/arm-none-eabi/13.3.1/../../../../arm-none-eabi/lib/thumb/v7e-m+fp/hard\libc_nano.a(libc_a-fwalk.o)
                              C:/ST/STM32CubeIDE_1.17.0/STM32CubeIDE/plugins/com.st.stm32cube.ide.mcu.externaltools.gnu-tools-for-stm32.13.3.rel1.win32_1.0.0.202411081344/tools/bin/../lib/gcc/arm-none-eabi/13.3.1/../../../../arm-none-eabi/lib/thumb/v7e-m+fp/hard\libc_nano.a(libc_a-findfp.o) (_fwalk_sglue)
C:/ST/STM32CubeIDE_1.17.0/STM32CubeIDE/plugins/com.st.stm32cube.ide.mcu.externaltools.gnu-tools-for-stm32.13.3.rel1.win32_1.0.0.202411081344/tools/bin/../lib/gcc/arm-none-eabi/13.3.1/../../../../arm-none-eabi/lib/thumb/v7e-m+fp/hard\libc_nano.a(libc_a-stdio.o)
                              C:/ST/STM32CubeIDE_1.17.0/STM32CubeIDE/plugins/com.st.stm32cube.ide.mcu.externaltools.gnu-tools-for-stm32.13.3.rel1.win32_1.0.0.202411081344/tools/bin/../lib/gcc/arm-none-eabi/13.3.1/../../../../arm-none-eabi/lib/thumb/v7e-m+fp/hard\libc_nano.a(libc_a-findfp.o) (__sread)
C:/ST/STM32CubeIDE_1.17.0/STM32CubeIDE/plugins/com.st.stm32cube.ide.mcu.externaltools.gnu-tools-for-stm32.13.3.rel1.win32_1.0.0.202411081344/tools/bin/../lib/gcc/arm-none-eabi/13.3.1/../../../../arm-none-eabi/lib/thumb/v7e-m+fp/hard\libc_nano.a(libc_a-memset.o)
                              C:/ST/STM32CubeIDE_1.17.0/STM32CubeIDE/plugins/com.st.stm32cube.ide.mcu.externaltools.gnu-tools-for-stm32.13.3.rel1.win32_1.0.0.202411081344/tools/bin/../lib/gcc/arm-none-eabi/13.3.1/../../../../arm-none-eabi/lib/thumb/v7e-m+fp/hard/crt0.o (memset)
C:/ST/STM32CubeIDE_1.17.0/STM32CubeIDE/plugins/com.st.stm32cube.ide.mcu.externaltools.gnu-tools-for-stm32.13.3.rel1.win32_1.0.0.202411081344/tools/bin/../lib/gcc/arm-none-eabi/13.3.1/../../../../arm-none-eabi/lib/thumb/v7e-m+fp/hard\libc_nano.a(libc_a-closer.o)
                              C:/ST/STM32CubeIDE_1.17.0/STM32CubeIDE/plugins/com.st.stm32cube.ide.mcu.externaltools.gnu-tools-for-stm32.13.3.rel1.win32_1.0.0.202411081344/tools/bin/../lib/gcc/arm-none-eabi/13.3.1/../../../../arm-none-eabi/lib/thumb/v7e-m+fp/hard\libc_nano.a(libc_a-stdio.o) (_close_r)
C:/ST/STM32CubeIDE_1.17.0/STM32CubeIDE/plugins/com.st.stm32cube.ide.mcu.externaltools.gnu-tools-for-stm32.13.3.rel1.win32_1.0.0.202411081344/tools/bin/../lib/gcc/arm-none-eabi/13.3.1/../../../../arm-none-eabi/lib/thumb/v7e-m+fp/hard\libc_nano.a(libc_a-reent.o)
                              C:/ST/STM32CubeIDE_1.17.0/STM32CubeIDE/plugins/com.st.stm32cube.ide.mcu.externaltools.gnu-tools-for-stm32.13.3.rel1.win32_1.0.0.202411081344/tools/bin/../lib/gcc/arm-none-eabi/13.3.1/../../../../arm-none-eabi/lib/thumb/v7e-m+fp/hard\libc_nano.a(libc_a-closer.o) (errno)
C:/ST/STM32CubeIDE_1.17.0/STM32CubeIDE/plugins/com.st.stm32cube.ide.mcu.externaltools.gnu-tools-for-stm32.13.3.rel1.win32_1.0.0.202411081344/tools/bin/../lib/gcc/arm-none-eabi/13.3.1/../../../../arm-none-eabi/lib/thumb/v7e-m+fp/hard\libc_nano.a(libc_a-impure.o)
                              C:/ST/STM32CubeIDE_1.17.0/STM32CubeIDE/plugins/com.st.stm32cube.ide.mcu.externaltools.gnu-tools-for-stm32.13.3.rel1.win32_1.0.0.202411081344/tools/bin/../lib/gcc/arm-none-eabi/13.3.1/../../../../arm-none-eabi/lib/thumb/v7e-m+fp/hard\libc_nano.a(libc_a-reent.o) (_impure_ptr)
C:/ST/STM32CubeIDE_1.17.0/STM32CubeIDE/plugins/com.st.stm32cube.ide.mcu.externaltools.gnu-tools-for-stm32.13.3.rel1.win32_1.0.0.202411081344/tools/bin/../lib/gcc/arm-none-eabi/13.3.1/../../../../arm-none-eabi/lib/thumb/v7e-m+fp/hard\libc_nano.a(libc_a-lseekr.o)
[...]
Memory Configuration

Name             Origin             Length             Attributes
RAM              0x20000000         0x00020000         xrw
RAM2             0x10000000         0x00008000         xrw
FLASH            0x08000000         0x00080000         xr
*default*        0x00000000         0xffffffff

Linker script and memory map

LOAD C:/ST/STM32CubeIDE_1.17.0/STM32CubeIDE/plugins/com.st.stm32cube.ide.mcu.externaltools.gnu-tools-for-stm32.13.3.rel1.win32_1.0.0.202411081344/tools/bin/../lib/gcc/arm-none-eabi/13.3.1/thumb/v7e-m+fp/hard/crti.o
LOAD C:/ST/STM32CubeIDE_1.17.0/STM32CubeIDE/plugins/com.st.stm32cube.ide.mcu.externaltools.gnu-tools-for-stm32.13.3.rel1.win32_1.0.0.202411081344/tools/bin/../lib/gcc/arm-none-eabi/13.3.1/thumb/v7e-m+fp/hard/crtbegin.o
LOAD C:/ST/STM32CubeIDE_1.17.0/STM32CubeIDE/plugins/com.st.stm32cube.ide.mcu.externaltools.gnu-tools-for-stm32.13.3.rel1.win32_1.0.0.202411081344/tools/bin/../lib/gcc/arm-none-eabi/13.3.1/../../../../arm-none-eabi/lib/thumb/v7e-m+fp/hard/crt0.o
LOAD ./Core/Src/main.o
LOAD ./Core/Src/sric_functions.o
LOAD ./Core/Src/stm32l4xx_it.o
LOAD ./Core/Src/syscalls.o
LOAD ./Core/Src/sysmem.o
LOAD ./Core/Src/system_stm32l4xx.o
LOAD ./Core/Startup/startup_stm32l452ceux.o
LOAD ./Drivers/STM32L4xx_HAL_Driver/Src/stm32l4xx_ll_adc.o
LOAD ./Drivers/STM32L4xx_HAL_Driver/Src/stm32l4xx_ll_dma.o
LOAD ./Drivers/STM32L4xx_HAL_Driver/Src/stm32l4xx_ll_exti.o
LOAD ./Drivers/STM32L4xx_HAL_Driver/Src/stm32l4xx_ll_gpio.o
LOAD ./Drivers/STM32L4xx_HAL_Driver/Src/stm32l4xx_ll_pwr.o
LOAD ./Drivers/STM32L4xx_HAL_Driver/Src/stm32l4xx_ll_rcc.o
LOAD ./Drivers/STM32L4xx_HAL_Driver/Src/stm32l4xx_ll_rtc.o
LOAD ./Drivers/STM32L4xx_HAL_Driver/Src/stm32l4xx_ll_usart.o
LOAD ./Drivers/STM32L4xx_HAL_Driver/Src/stm32l4xx_ll_utils.o
START GROUP
LOAD C:/ST/STM32CubeIDE_1.17.0/STM32CubeIDE/plugins/com.st.stm32cube.ide.mcu.externaltools.gnu-tools-for-stm32.13.3.rel1.win32_1.0.0.202411081344/tools/bin/../lib/gcc/arm-none-eabi/13.3.1/../../../../arm-none-eabi/lib/thumb/v7e-m+fp/hard\libc_nano.a
LOAD C:/ST/STM32CubeIDE_1.17.0/STM32CubeIDE/plugins/com.st.stm32cube.ide.mcu.externaltools.gnu-tools-for-stm32.13.3.rel1.win32_1.0.0.202411081344/tools/bin/../lib/gcc/arm-none-eabi/13.3.1/../../../../arm-none-eabi/lib/thumb/v7e-m+fp/hard\libm.a
END GROUP
START GROUP
LOAD C:/ST/STM32CubeIDE_1.17.0/STM32CubeIDE/plugins/com.st.stm32cube.ide.mcu.externaltools.gnu-tools-for-stm32.13.3.rel1.win32_1.0.0.202411081344/tools/bin/../lib/gcc/arm-none-eabi/13.3.1/thumb/v7e-m+fp/hard\libgcc.a
LOAD C:/ST/STM32CubeIDE_1.17.0/STM32CubeIDE/plugins/com.st.stm32cube.ide.mcu.externaltools.gnu-tools-for-stm32.13.3.rel1.win32_1.0.0.202411081344/tools/bin/../lib/gcc/arm-none-eabi/13.3.1/../../../../arm-none-eabi/lib/thumb/v7e-m+fp/hard\libc_nano.a
END GROUP
START GROUP
LOAD C:/ST/STM32CubeIDE_1.17.0/STM32CubeIDE/plugins/com.st.stm32cube.ide.mcu.externaltools.gnu-tools-for-stm32.13.3.rel1.win32_1.0.0.202411081344/tools/bin/../lib/gcc/arm-none-eabi/13.3.1/thumb/v7e-m+fp/hard\libgcc.a
LOAD C:/ST/STM32CubeIDE_1.17.0/STM32CubeIDE/plugins/com.st.stm32cube.ide.mcu.externaltools.gnu-tools-for-stm32.13.3.rel1.win32_1.0.0.202411081344/tools/bin/../lib/gcc/arm-none-eabi/13.3.1/../../../../arm-none-eabi/lib/thumb/v7e-m+fp/hard\libc_nano.a
LOAD C:/ST/STM32CubeIDE_1.17.0/STM32CubeIDE/plugins/com.st.stm32cube.ide.mcu.externaltools.gnu-tools-for-stm32.13.3.rel1.win32_1.0.0.202411081344/tools/bin/../lib/gcc/arm-none-eabi/13.3.1/../../../../arm-none-eabi/lib/thumb/v7e-m+fp/hard\libnosys.a
END GROUP
START GROUP
LOAD C:/ST/STM32CubeIDE_1.17.0/STM32CubeIDE/plugins/com.st.stm32cube.ide.mcu.externaltools.gnu-tools-for-stm32.13.3.rel1.win32_1.0.0.202411081344/tools/bin/../lib/gcc/arm-none-eabi/13.3.1/thumb/v7e-m+fp/hard\libgcc.a
LOAD C:/ST/STM32CubeIDE_1.17.0/STM32CubeIDE/plugins/com.st.stm32cube.ide.mcu.externaltools.gnu-tools-for-stm32.13.3.rel1.win32_1.0.0.202411081344/tools/bin/../lib/gcc/arm-none-eabi/13.3.1/../../../../arm-none-eabi/lib/thumb/v7e-m+fp/hard\libc_nano.a
LOAD C:/ST/STM32CubeIDE_1.17.0/STM32CubeIDE/plugins/com.st.stm32cube.ide.mcu.externaltools.gnu-tools-for-stm32.13.3.rel1.win32_1.0.0.202411081344/tools/bin/../lib/gcc/arm-none-eabi/13.3.1/../../../../arm-none-eabi/lib/thumb/v7e-m+fp/hard\libnosys.a
END GROUP
LOAD C:/ST/STM32CubeIDE_1.17.0/STM32CubeIDE/plugins/com.st.stm32cube.ide.mcu.externaltools.gnu-tools-for-stm32.13.3.rel1.win32_1.0.0.202411081344/tools/bin/../lib/gcc/arm-none-eabi/13.3.1/thumb/v7e-m+fp/hard/crtend.o
LOAD C:/ST/STM32CubeIDE_1.17.0/STM32CubeIDE/plugins/com.st.stm32cube.ide.mcu.externaltools.gnu-tools-for-stm32.13.3.rel1.win32_1.0.0.202411081344/tools/bin/../lib/gcc/arm-none-eabi/13.3.1/thumb/v7e-m+fp/hard/crtn.o
                0x20020000                        _estack = (ORIGIN (RAM) + LENGTH (RAM))
                0x00000200                        _Min_Heap_Size = 0x200
                0x00000400                        _Min_Stack_Size = 0x400

.isr_vector     0x08000000      0x194
                0x08000000                        . = ALIGN (0x4)
 *(.isr_vector)
 .isr_vector    0x08000000      0x194 ./Core/Startup/startup_stm32l452ceux.o
                0x08000000                g_pfnVectors
                0x08000194                        . = ALIGN (0x4)

.text           0x08000194     0x3388
                0x08000194                        . = ALIGN (0x4)
 *(.text)
 .text          0x08000194       0x40 C:/ST/STM32CubeIDE_1.17.0/STM32CubeIDE/plugins/com.st.stm32cube.ide.mcu.externaltools.gnu-tools-for-stm32.13.3.rel1.win32_1.0.0.202411081344/tools/bin/../lib/gcc/arm-none-eabi/13.3.1/thumb/v7e-m+fp/hard/crtbegin.o
 *(.text*)
 .text.__NVIC_SetPriorityGrouping
                0x080001d4       0x48 ./Core/Src/main.o
 .text.__NVIC_GetPriorityGrouping
                0x0800021c       0x1c ./Core/Src/main.o
 .text.__NVIC_EnableIRQ
                0x08000238       0x3c ./Core/Src/main.o
 .text.__NVIC_SetPriority
                0x08000274       0x54 ./Core/Src/main.o
 .text.NVIC_EncodePriority
                0x080002c8       0x66 ./Core/Src/main.o
 .text.LL_ADC_DMA_GetRegAddr
                0x0800032e       0x1a ./Core/Src/main.o
 .text.LL_ADC_SetCommonPathInternalCh
                0x08000348       0x26 ./Core/Src/main.o
 .text.LL_ADC_REG_SetSequencerRanks
                0x0800036e       0x58 ./Core/Src/main.o
 .text.LL_ADC_SetChannelSamplingTime
                0x080003c6       0x56 ./Core/Src/main.o
 .text.LL_ADC_SetChannelSingleDiff
                0x0800041c       0x48 ./Core/Src/main.o
 .text.LL_ADC_SetOverSamplingScope
                0x08000464       0x2a ./Core/Src/main.o
 .text.LL_ADC_DisableDeepPowerDown
                0x0800048e       0x24 ./Core/Src/main.o
 .text.LL_ADC_EnableInternalRegulator
                0x080004b2       0x28 ./Core/Src/main.o
 .text.LL_ADC_Enable
                0x080004da       0x28 ./Core/Src/main.o
 .text.LL_ADC_REG_StartConversion
                0x08000502       0x28 ./Core/Src/main.o
 *fill*         0x0800052a        0x2 
 .text.LL_DMA_EnableChannel
                0x0800052c       0x44 ./Core/Src/main.o
 .text.LL_DMA_SetDataTransferDirection
                0x08000570       0x50 ./Core/Src/main.o
 .text.LL_DMA_SetMode
                0x080005c0       0x4c ./Core/Src/main.o
 .text.LL_DMA_SetPeriphIncMode
                0x0800060c       0x4c ./Core/Src/main.o
 .text.LL_DMA_SetMemoryIncMode
                0x08000658       0x4c ./Core/Src/main.o
 .text.LL_DMA_SetPeriphSize
                0x080006a4       0x4c ./Core/Src/main.o
 .text.LL_DMA_SetMemorySize
                0x080006f0       0x4c ./Core/Src/main.o
 .text.LL_DMA_SetChannelPriorityLevel
                0x0800073c       0x4c ./Core/Src/main.o
 .text.LL_DMA_SetDataLength
                0x08000788       0x4c ./Core/Src/main.o
 .text.LL_DMA_ConfigAddresses
                0x080007d4       0x7c ./Core/Src/main.o
 .text.LL_DMA_SetPeriphRequest
                0x08000850       0x6c ./Core/Src/main.o
 .text.LL_RCC_HSE_EnableCSS
                0x080008bc       0x20 ./Core/Src/main.o
 .text.LL_RCC_HSE_Enable
                0x080008dc       0x20 ./Core/Src/main.o
 .text.LL_RCC_HSE_IsReady
                0x080008fc       0x28 ./Core/Src/main.o
 .text.LL_RCC_LSE_Enable
                0x08000924       0x24 ./Core/Src/main.o
 .text.LL_RCC_LSE_SetDriveCapability
                0x08000948       0x2c ./Core/Src/main.o
 .text.LL_RCC_LSE_EnableCSS
                0x08000974       0x24 ./Core/Src/main.o
 .text.LL_RCC_LSE_IsReady
                0x08000998       0x28 ./Core/Src/main.o
 .text.LL_RCC_SetSysClkSource
                0x080009c0       0x28 ./Core/Src/main.o
 .text.LL_RCC_GetSysClkSource
                0x080009e8       0x1c ./Core/Src/main.o
 .text.LL_RCC_SetAHBPrescaler
                0x08000a04       0x28 ./Core/Src/main.o
 .text.LL_RCC_SetAPB1Prescaler
                0x08000a2c       0x28 ./Core/Src/main.o
 .text.LL_RCC_SetAPB2Prescaler
                0x08000a54       0x28 ./Core/Src/main.o
 .text.LL_RCC_SetUSARTClockSource
                0x08000a7c       0x34 ./Core/Src/main.o
 .text.LL_RCC_SetADCClockSource
                0x08000ab0       0x2c ./Core/Src/main.o
 .text.LL_RCC_SetRTCClockSource
                0x08000adc       0x2c ./Core/Src/main.o
 .text.LL_RCC_GetRTCClockSource
                0x08000b08       0x1c ./Core/Src/main.o
 .text.LL_RCC_EnableRTC
                0x08000b24       0x24 ./Core/Src/main.o
 .text.LL_RCC_ForceBackupDomainReset
                0x08000b48       0x24 ./Core/Src/main.o
 .text.LL_RCC_ReleaseBackupDomainReset
                0x08000b6c       0x24 ./Core/Src/main.o
 .text.LL_RCC_PLL_Enable
                0x08000b90       0x20 ./Core/Src/main.o
 .text.LL_RCC_PLL_IsReady
                0x08000bb0       0x28 ./Core/Src/main.o
 .text.LL_RCC_PLL_ConfigDomain_SYS
                0x08000bd8       0x40 ./Core/Src/main.o
 .text.LL_RCC_PLL_EnableDomain_SYS
                0x08000c18       0x20 ./Core/Src/main.o
 .text.LL_RCC_PLLSAI1_Enable
                0x08000c38       0x20 ./Core/Src/main.o
 .text.LL_RCC_PLLSAI1_IsReady
                0x08000c58       0x28 ./Core/Src/main.o
 .text.LL_RCC_PLLSAI1_ConfigDomain_ADC
                0x08000c80       0x4c ./Core/Src/main.o
 .text.LL_RCC_PLLSAI1_EnableDomain_ADC
                0x08000ccc       0x20 ./Core/Src/main.o
 .text.LL_AHB1_GRP1_EnableClock
                0x08000cec       0x30 ./Core/Src/main.o
 .text.LL_AHB2_GRP1_EnableClock
                0x08000d1c       0x30 ./Core/Src/main.o
 .text.LL_APB1_GRP1_EnableClock
                0x08000d4c       0x30 ./Core/Src/main.o
 .text.LL_APB1_GRP1_IsEnabledClock
                0x08000d7c       0x2c ./Core/Src/main.o
 .text.LL_APB1_GRP1_DisableClock
                0x08000da8       0x28 ./Core/Src/main.o
 .text.LL_APB2_GRP1_EnableClock
                0x08000dd0       0x30 ./Core/Src/main.o
 .text.LL_FLASH_SetLatency
                0x08000e00       0x28 ./Core/Src/main.o
 .text.LL_FLASH_GetLatency
                0x08000e28       0x1c ./Core/Src/main.o
 .text.LL_PWR_SetRegulVoltageScaling
                0x08000e44       0x28 ./Core/Src/main.o
 .text.LL_PWR_EnableBkUpAccess
                0x08000e6c       0x20 ./Core/Src/main.o
 .text.LL_PWR_IsEnabledBkUpAccess
                0x08000e8c       0x28 ./Core/Src/main.o
 .text.LL_PWR_IsActiveFlag_VOS
                0x08000eb4       0x28 ./Core/Src/main.o
 .text.LL_USART_Enable
                0x08000edc       0x20 ./Core/Src/main.o
 .text.LL_USART_ConfigAsyncMode
                0x08000efc       0x2c ./Core/Src/main.o
 .text.LL_USART_EnableIT_RXNE
                0x08000f28       0x42 ./Core/Src/main.o
 .text.LL_GPIO_ResetOutputPin
                0x08000f6a       0x1c ./Core/Src/main.o
 *fill*         0x08000f86        0x2 
 .text.main     0x08000f88      0x178 ./Core/Src/main.o
                0x08000f88                main
 .text.SystemClock_Config
                0x08001100       0xb4 ./Core/Src/main.o
                0x08001100                SystemClock_Config
 .text.PeriphCommonClock_Config
                0x080011b4       0x2a ./Core/Src/main.o
                0x080011b4                PeriphCommonClock_Config
 *fill*         0x080011de        0x2 
 .text.MX_ADC1_Init
                0x080011e0      0x248 ./Core/Src/main.o
 .text.MX_RTC_Init
                0x08001428       0xf8 ./Core/Src/main.o
 .text.MX_USART1_UART_Init
                0x08001520       0xc8 ./Core/Src/main.o
 .text.MX_USART2_UART_Init
                0x080015e8       0xc8 ./Core/Src/main.o
 .text.MX_USART3_UART_Init
                0x080016b0       0xcc ./Core/Src/main.o
 .text.MX_DMA_Init
                0x0800177c       0x2e ./Core/Src/main.o
 *fill*         0x080017aa        0x2 
 .text.MX_GPIO_Init
                0x080017ac       0xc0 ./Core/Src/main.o
 .text.LL_USART_IsActiveFlag_TXE
                0x0800186c       0x26 ./Core/Src/sric_functions.o
 .text.LL_USART_TransmitData8
                0x08001892       0x20 ./Core/Src/sric_functions.o
 .text.LL_GPIO_SetOutputPin
                0x080018b2       0x1c ./Core/Src/sric_functions.o
 .text.LL_GPIO_ResetOutputPin
                0x080018ce       0x1c ./Core/Src/sric_functions.o
 .text.PMIC_2_SRIC_Check_CHKSUM
                0x080018ea       0x62 ./Core/Src/sric_functions.o
                0x080018ea                PMIC_2_SRIC_Check_CHKSUM
 .text.PMIC_2_SRIC_Parsing
                0x0800194c       0x96 ./Core/Src/sric_functions.o
                0x0800194c                PMIC_2_SRIC_Parsing
 .text.OBC_2_SRIC_Check_CHKSUM
                0x080019e2       0x62 ./Core/Src/sric_functions.o
                0x080019e2                OBC_2_SRIC_Check_CHKSUM
 .text.OBC_2_SRIC_Parsing
                0x08001a44       0x96 ./Core/Src/sric_functions.o
                0x08001a44                OBC_2_SRIC_Parsing
 *fill*         0x08001ada        0x2 
 .text.SRIC_CONFIG_SAT_POWER
                0x08001adc      0x1bc ./Core/Src/sric_functions.o
                0x08001adc                SRIC_CONFIG_SAT_POWER
 .text.SEND_DATA_UART
                0x08001c98       0x92 ./Core/Src/sric_functions.o
                0x08001c98                SEND_DATA_UART
 .text.LL_DMA_IsActiveFlag_TC1
                0x08001d2a       0x26 ./Core/Src/stm32l4xx_it.o
 .text.LL_DMA_ClearFlag_TC1
                0x08001d50       0x1a ./Core/Src/stm32l4xx_it.o
 .text.LL_USART_IsActiveFlag_RXNE
                0x08001d6a       0x26 ./Core/Src/stm32l4xx_it.o
 .text.LL_USART_ReceiveData8
                0x08001d90       0x1c ./Core/Src/stm32l4xx_it.o
 .text.NMI_Handler
                0x08001dac        0x8 ./Core/Src/stm32l4xx_it.o
                0x08001dac                NMI_Handler
 .text.HardFault_Handler
                0x08001db4        0x8 ./Core/Src/stm32l4xx_it.o
                0x08001db4                HardFault_Handler
 .text.MemManage_Handler
                0x08001dbc        0x8 ./Core/Src/stm32l4xx_it.o
                0x08001dbc                MemManage_Handler
 .text.BusFault_Handler
                0x08001dc4        0x8 ./Core/Src/stm32l4xx_it.o
                0x08001dc4                BusFault_Handler
 .text.UsageFault_Handler
                0x08001dcc        0x8 ./Core/Src/stm32l4xx_it.o
                0x08001dcc                UsageFault_Handler
 .text.SVC_Handler
                0x08001dd4        0xe ./Core/Src/stm32l4xx_it.o
                0x08001dd4                SVC_Handler
 .text.DebugMon_Handler
                0x08001de2        0xe ./Core/Src/stm32l4xx_it.o
                0x08001de2                DebugMon_Handler
 .text.PendSV_Handler
                0x08001df0        0xe ./Core/Src/stm32l4xx_it.o
                0x08001df0                PendSV_Handler
 .text.SysTick_Handler
                0x08001dfe        0xe ./Core/Src/stm32l4xx_it.o
                0x08001dfe                SysTick_Handler
 .text.DMA1_Channel1_IRQHandler
                0x08001e0c       0x28 ./Core/Src/stm32l4xx_it.o
                0x08001e0c                DMA1_Channel1_IRQHandler
 .text.USART1_IRQHandler
                0x08001e34       0x34 ./Core/Src/stm32l4xx_it.o
                0x08001e34                USART1_IRQHandler
 .text.USART2_IRQHandler
                0x08001e68       0xd4 ./Core/Src/stm32l4xx_it.o
                0x08001e68                USART2_IRQHandler
 .text.USART3_IRQHandler
                0x08001f3c       0xd4 ./Core/Src/stm32l4xx_it.o
                0x08001f3c                USART3_IRQHandler
 .text.SystemInit
                0x08002010       0x24 ./Core/Src/system_stm32l4xx.o
                0x08002010                SystemInit
 .text.Reset_Handler
                0x08002034       0x50 ./Core/Startup/startup_stm32l452ceux.o
                0x08002034                Reset_Handler
 .text.Default_Handler
                0x08002084        0x2 ./Core/Startup/startup_stm32l452ceux.o
                0x08002084                RTC_Alarm_IRQHandler
                0x08002084                EXTI2_IRQHandler
                0x08002084                TIM1_CC_IRQHandler
                0x08002084                TSC_IRQHandler
                0x08002084                TAMP_STAMP_IRQHandler
                0x08002084                EXTI3_IRQHandler
                0x08002084                LPTIM2_IRQHandler
                0x08002084                DFSDM1_FLT1_IRQHandler
                0x08002084                I2C3_ER_IRQHandler
                0x08002084                EXTI0_IRQHandler
                0x08002084                I2C2_EV_IRQHandler
                0x08002084                CAN1_RX0_IRQHandler
                0x08002084                FPU_IRQHandler
                0x08002084                TIM1_UP_TIM16_IRQHandler
                0x08002084                SPI1_IRQHandler
                0x08002084                TIM6_DAC_IRQHandler
                0x08002084                DMA2_Channel2_IRQHandler
                0x08002084                DMA1_Channel4_IRQHandler
                0x08002084                ADC1_IRQHandler
                0x08002084                DMA1_Channel7_IRQHandler
                0x08002084                CAN1_RX1_IRQHandler
                0x08002084                DMA2_Channel1_IRQHandler
                0x08002084                QUADSPI_IRQHandler
                0x08002084                I2C1_EV_IRQHandler
                0x08002084                DMA1_Channel6_IRQHandler
                0x08002084                UART4_IRQHandler
                0x08002084                DMA2_Channel4_IRQHandler
                0x08002084                TIM3_IRQHandler
                0x08002084                RCC_IRQHandler
                0x08002084                TIM1_TRG_COM_IRQHandler
                0x08002084                Default_Handler
                0x08002084                DMA2_Channel7_IRQHandler
                0x08002084                EXTI15_10_IRQHandler
                0x08002084                SDMMC1_IRQHandler
                0x08002084                I2C3_EV_IRQHandler
                0x08002084                USB_IRQHandler
                0x08002084                EXTI9_5_IRQHandler
                0x08002084                RTC_WKUP_IRQHandler
                0x08002084                PVD_PVM_IRQHandler
                0x08002084                SPI2_IRQHandler
                0x08002084                CAN1_TX_IRQHandler
                0x08002084                DMA2_Channel5_IRQHandler
                0x08002084                CRS_IRQHandler
                0x08002084                DMA1_Channel5_IRQHandler
                0x08002084                EXTI4_IRQHandler
                0x08002084                RNG_IRQHandler
                0x08002084                DMA1_Channel3_IRQHandler
                0x08002084                COMP_IRQHandler
                0x08002084                WWDG_IRQHandler
                0x08002084                I2C4_EV_IRQHandler
                0x08002084                LPUART1_IRQHandler
                0x08002084                DMA2_Channel6_IRQHandler
                0x08002084                TIM2_IRQHandler
                0x08002084                EXTI1_IRQHandler
                0x08002084                DFSDM1_FLT0_IRQHandler
                0x08002084                I2C2_ER_IRQHandler
                0x08002084                DMA1_Channel2_IRQHandler
                0x08002084                CAN1_SCE_IRQHandler
                0x08002084                FLASH_IRQHandler
                0x08002084                SPI3_IRQHandler
                0x08002084                I2C1_ER_IRQHandler
                0x08002084                LPTIM1_IRQHandler
                0x08002084                I2C4_ER_IRQHandler
                0x08002084                SAI1_IRQHandler
                0x08002084                DMA2_Channel3_IRQHandler
                0x08002084                TIM1_BRK_TIM15_IRQHandler
 .text.LL_ADC_SetCommonClock
                0x08002086       0x26 ./Drivers/STM32L4xx_HAL_Driver/Src/stm32l4xx_ll_adc.o
 .text.LL_ADC_REG_SetSequencerLength
                0x080020ac       0x26 ./Drivers/STM32L4xx_HAL_Driver/Src/stm32l4xx_ll_adc.o
 .text.LL_ADC_IsEnabled
                0x080020d2       0x26 ./Drivers/STM32L4xx_HAL_Driver/Src/stm32l4xx_ll_adc.o
 .text.LL_ADC_CommonInit
                0x080020f8       0x3c ./Drivers/STM32L4xx_HAL_Driver/Src/stm32l4xx_ll_adc.o
                0x080020f8                LL_ADC_CommonInit
 .text.LL_ADC_Init
                0x08002134       0x4c ./Drivers/STM32L4xx_HAL_Driver/Src/stm32l4xx_ll_adc.o
                0x08002134                LL_ADC_Init
 .text.LL_ADC_REG_Init
                0x08002180       0x94 ./Drivers/STM32L4xx_HAL_Driver/Src/stm32l4xx_ll_adc.o
                0x08002180                LL_ADC_REG_Init
 .text.LL_GPIO_SetPinMode
                0x08002214       0x7a ./Drivers/STM32L4xx_HAL_Driver/Src/stm32l4xx_ll_gpio.o
 .text.LL_GPIO_SetPinOutputType
                0x0800228e       0x30 ./Drivers/STM32L4xx_HAL_Driver/Src/stm32l4xx_ll_gpio.o
 .text.LL_GPIO_SetPinSpeed
                0x080022be       0x7a ./Drivers/STM32L4xx_HAL_Driver/Src/stm32l4xx_ll_gpio.o
 .text.LL_GPIO_SetPinPull
                0x08002338       0x7a ./Drivers/STM32L4xx_HAL_Driver/Src/stm32l4xx_ll_gpio.o
 .text.LL_GPIO_SetAFPin_0_7
                0x080023b2       0x7a ./Drivers/STM32L4xx_HAL_Driver/Src/stm32l4xx_ll_gpio.o
 .text.LL_GPIO_SetAFPin_8_15
                0x0800242c       0x7e ./Drivers/STM32L4xx_HAL_Driver/Src/stm32l4xx_ll_gpio.o
 .text.LL_GPIO_Init
                0x080024aa       0xdc ./Drivers/STM32L4xx_HAL_Driver/Src/stm32l4xx_ll_gpio.o
                0x080024aa                LL_GPIO_Init
 *fill*         0x08002586        0x2 
 .text.LL_RCC_HSI_IsReady
                0x08002588       0x28 ./Drivers/STM32L4xx_HAL_Driver/Src/stm32l4xx_ll_rcc.o
 .text.LL_RCC_LSE_IsReady
                0x080025b0       0x28 ./Drivers/STM32L4xx_HAL_Driver/Src/stm32l4xx_ll_rcc.o
 .text.LL_RCC_MSI_IsEnabledRangeSelect
                0x080025d8       0x24 ./Drivers/STM32L4xx_HAL_Driver/Src/stm32l4xx_ll_rcc.o
 .text.LL_RCC_MSI_GetRange
                0x080025fc       0x1c ./Drivers/STM32L4xx_HAL_Driver/Src/stm32l4xx_ll_rcc.o
 .text.LL_RCC_MSI_GetRangeAfterStandby
                0x08002618       0x1c ./Drivers/STM32L4xx_HAL_Driver/Src/stm32l4xx_ll_rcc.o
 .text.LL_RCC_GetSysClkSource
                0x08002634       0x1c ./Drivers/STM32L4xx_HAL_Driver/Src/stm32l4xx_ll_rcc.o
 .text.LL_RCC_GetAHBPrescaler
                0x08002650       0x1c ./Drivers/STM32L4xx_HAL_Driver/Src/stm32l4xx_ll_rcc.o
 .text.LL_RCC_GetAPB1Prescaler
                0x0800266c       0x1c ./Drivers/STM32L4xx_HAL_Driver/Src/stm32l4xx_ll_rcc.o
 .text.LL_RCC_GetAPB2Prescaler
                0x08002688       0x1c ./Drivers/STM32L4xx_HAL_Driver/Src/stm32l4xx_ll_rcc.o
 .text.LL_RCC_GetUSARTClockSource
                0x080026a4       0x28 ./Drivers/STM32L4xx_HAL_Driver/Src/stm32l4xx_ll_rcc.o
 .text.LL_RCC_GetUARTClockSource
                0x080026cc       0x28 ./Drivers/STM32L4xx_HAL_Driver/Src/stm32l4xx_ll_rcc.o
 .text.LL_RCC_PLL_GetMainSource
                0x080026f4       0x1c ./Drivers/STM32L4xx_HAL_Driver/Src/stm32l4xx_ll_rcc.o
 .text.LL_RCC_PLL_GetN
                0x08002710       0x1c ./Drivers/STM32L4xx_HAL_Driver/Src/stm32l4xx_ll_rcc.o
 .text.LL_RCC_PLL_GetR
                0x0800272c       0x1c ./Drivers/STM32L4xx_HAL_Driver/Src/stm32l4xx_ll_rcc.o
 .text.LL_RCC_PLL_GetDivider
                0x08002748       0x1c ./Drivers/STM32L4xx_HAL_Driver/Src/stm32l4xx_ll_rcc.o
 .text.LL_RCC_GetUSARTClockFreq
                0x08002764      0x1c4 ./Drivers/STM32L4xx_HAL_Driver/Src/stm32l4xx_ll_rcc.o
                0x08002764                LL_RCC_GetUSARTClockFreq
 .text.LL_RCC_GetUARTClockFreq
                0x08002928       0xa0 ./Drivers/STM32L4xx_HAL_Driver/Src/stm32l4xx_ll_rcc.o
                0x08002928                LL_RCC_GetUARTClockFreq
 .text.RCC_GetSystemClockFreq
                0x080029c8      0x11c ./Drivers/STM32L4xx_HAL_Driver/Src/stm32l4xx_ll_rcc.o
 .text.RCC_GetHCLKClockFreq
                0x08002ae4       0x2c ./Drivers/STM32L4xx_HAL_Driver/Src/stm32l4xx_ll_rcc.o
 .text.RCC_GetPCLK1ClockFreq
                0x08002b10       0x28 ./Drivers/STM32L4xx_HAL_Driver/Src/stm32l4xx_ll_rcc.o
 .text.RCC_GetPCLK2ClockFreq
                0x08002b38       0x28 ./Drivers/STM32L4xx_HAL_Driver/Src/stm32l4xx_ll_rcc.o
 .text.RCC_PLL_GetFreqDomain_SYS
                0x08002b60      0x114 ./Drivers/STM32L4xx_HAL_Driver/Src/stm32l4xx_ll_rcc.o
 .text.LL_RTC_SetHourFormat
                0x08002c74       0x26 ./Drivers/STM32L4xx_HAL_Driver/Src/stm32l4xx_ll_rtc.o
 .text.LL_RTC_GetHourFormat
                0x08002c9a       0x1c ./Drivers/STM32L4xx_HAL_Driver/Src/stm32l4xx_ll_rtc.o
 .text.LL_RTC_EnableInitMode
                0x08002cb6       0x1c ./Drivers/STM32L4xx_HAL_Driver/Src/stm32l4xx_ll_rtc.o
 .text.LL_RTC_DisableInitMode
                0x08002cd2       0x1c ./Drivers/STM32L4xx_HAL_Driver/Src/stm32l4xx_ll_rtc.o
 .text.LL_RTC_IsShadowRegBypassEnabled
                0x08002cee       0x26 ./Drivers/STM32L4xx_HAL_Driver/Src/stm32l4xx_ll_rtc.o
 .text.LL_RTC_SetAsynchPrescaler
                0x08002d14       0x28 ./Drivers/STM32L4xx_HAL_Driver/Src/stm32l4xx_ll_rtc.o
 .text.LL_RTC_SetSynchPrescaler
                0x08002d3c       0x2a ./Drivers/STM32L4xx_HAL_Driver/Src/stm32l4xx_ll_rtc.o
 .text.LL_RTC_EnableWriteProtection
                0x08002d66       0x1a ./Drivers/STM32L4xx_HAL_Driver/Src/stm32l4xx_ll_rtc.o
 .text.LL_RTC_DisableWriteProtection
                0x08002d80       0x20 ./Drivers/STM32L4xx_HAL_Driver/Src/stm32l4xx_ll_rtc.o
 .text.LL_RTC_TIME_Config
                0x08002da0       0x4e ./Drivers/STM32L4xx_HAL_Driver/Src/stm32l4xx_ll_rtc.o
 *fill*         0x08002dee        0x2 
 .text.LL_RTC_DATE_Config
                0x08002df0       0x50 ./Drivers/STM32L4xx_HAL_Driver/Src/stm32l4xx_ll_rtc.o
 .text.LL_RTC_IsActiveFlag_INIT
                0x08002e40       0x26 ./Drivers/STM32L4xx_HAL_Driver/Src/stm32l4xx_ll_rtc.o
 .text.LL_RTC_IsActiveFlag_RS
                0x08002e66       0x26 ./Drivers/STM32L4xx_HAL_Driver/Src/stm32l4xx_ll_rtc.o
 .text.LL_RTC_ClearFlag_RS
                0x08002e8c       0x24 ./Drivers/STM32L4xx_HAL_Driver/Src/stm32l4xx_ll_rtc.o
 .text.LL_SYSTICK_IsActiveCounterFlag
                0x08002eb0       0x28 ./Drivers/STM32L4xx_HAL_Driver/Src/stm32l4xx_ll_rtc.o
 .text.LL_RTC_Init
                0x08002ed8       0x5e ./Drivers/STM32L4xx_HAL_Driver/Src/stm32l4xx_ll_rtc.o
                0x08002ed8                LL_RTC_Init
 *fill*         0x08002f36        0x2 
 .text.LL_RTC_TIME_Init
                0x08002f38      0x14c ./Drivers/STM32L4xx_HAL_Driver/Src/stm32l4xx_ll_rtc.o
                0x08002f38                LL_RTC_TIME_Init
 .text.LL_RTC_DATE_Init
                0x08003084      0x148 ./Drivers/STM32L4xx_HAL_Driver/Src/stm32l4xx_ll_rtc.o
                0x08003084                LL_RTC_DATE_Init
 .text.LL_RTC_EnterInitMode
                0x080031cc       0x66 ./Drivers/STM32L4xx_HAL_Driver/Src/stm32l4xx_ll_rtc.o
                0x080031cc                LL_RTC_EnterInitMode
 .text.LL_RTC_WaitForSynchro
                0x08003232       0x5a ./Drivers/STM32L4xx_HAL_Driver/Src/stm32l4xx_ll_rtc.o
                0x08003232                LL_RTC_WaitForSynchro
 .text.LL_USART_IsEnabled
                0x0800328c       0x26 ./Drivers/STM32L4xx_HAL_Driver/Src/stm32l4xx_ll_usart.o
 .text.LL_USART_SetStopBitsLength
                0x080032b2       0x26 ./Drivers/STM32L4xx_HAL_Driver/Src/stm32l4xx_ll_usart.o
 .text.LL_USART_SetHWFlowCtrl
                0x080032d8       0x26 ./Drivers/STM32L4xx_HAL_Driver/Src/stm32l4xx_ll_usart.o
 .text.LL_USART_SetBaudRate
                0x080032fe       0x6e ./Drivers/STM32L4xx_HAL_Driver/Src/stm32l4xx_ll_usart.o
 .text.LL_USART_Init
                0x0800336c       0xe0 ./Drivers/STM32L4xx_HAL_Driver/Src/stm32l4xx_ll_usart.o
                0x0800336c                LL_USART_Init
 .text.LL_InitTick
                0x0800344c       0x34 ./Drivers/STM32L4xx_HAL_Driver/Src/stm32l4xx_ll_utils.o
 .text.LL_Init1msTick
                0x08003480       0x1a ./Drivers/STM32L4xx_HAL_Driver/Src/stm32l4xx_ll_utils.o
                0x08003480                LL_Init1msTick
 *fill*         0x0800349a        0x2 
 .text.LL_SetSystemCoreClock
                0x0800349c       0x20 ./Drivers/STM32L4xx_HAL_Driver/Src/stm32l4xx_ll_utils.o
                0x0800349c                LL_SetSystemCoreClock
 .text.__libc_init_array
                0x080034bc       0x48 C:/ST/STM32CubeIDE_1.17.0/STM32CubeIDE/plugins/com.st.stm32cube.ide.mcu.externaltools.gnu-tools-for-stm32.13.3.rel1.win32_1.0.0.202411081344/tools/bin/../lib/gcc/arm-none-eabi/13.3.1/../../../../arm-none-eabi/lib/thumb/v7e-m+fp/hard\libc_nano.a(libc_a-init.o)
                0x080034bc                __libc_init_array
 *(.glue_7)
 .glue_7        0x08003504        0x0 linker stubs
 *(.glue_7t)
 .glue_7t       0x08003504        0x0 linker stubs
 *(.eh_frame)
 .eh_frame      0x08003504        0x0 C:/ST/STM32CubeIDE_1.17.0/STM32CubeIDE/plugins/com.st.stm32cube.ide.mcu.externaltools.gnu-tools-for-stm32.13.3.rel1.win32_1.0.0.202411081344/tools/bin/../lib/gcc/arm-none-eabi/13.3.1/thumb/v7e-m+fp/hard/crtbegin.o
 *(.init)
 .init          0x08003504        0x4 C:/ST/STM32CubeIDE_1.17.0/STM32CubeIDE/plugins/com.st.stm32cube.ide.mcu.externaltools.gnu-tools-for-stm32.13.3.rel1.win32_1.0.0.202411081344/tools/bin/../lib/gcc/arm-none-eabi/13.3.1/thumb/v7e-m+fp/hard/crti.o
                0x08003504                _init
 .init          0x08003508        0x8 C:/ST/STM32CubeIDE_1.17.0/STM32CubeIDE/plugins/com.st.stm32cube.ide.mcu.externaltools.gnu-tools-for-stm32.13.3.rel1.win32_1.0.0.202411081344/tools/bin/../lib/gcc/arm-none-eabi/13.3.1/thumb/v7e-m+fp/hard/crtn.o
 *(.fini)
 .fini          0x08003510        0x4 C:/ST/STM32CubeIDE_1.17.0/STM32CubeIDE/plugins/com.st.stm32cube.ide.mcu.externaltools.gnu-tools-for-stm32.13.3.rel1.win32_1.0.0.202411081344/tools/bin/../lib/gcc/arm-none-eabi/13.3.1/thumb/v7e-m+fp/hard/crti.o
                0x08003510                _fini
 .fini          0x08003514        0x8 C:/ST/STM32CubeIDE_1.17.0/STM32CubeIDE/plugins/com.st.stm32cube.ide.mcu.externaltools.gnu-tools-for-stm32.13.3.rel1.win32_1.0.0.202411081344/tools/bin/../lib/gcc/arm-none-eabi/13.3.1/thumb/v7e-m+fp/hard/crtn.o
                0x0800351c                        . = ALIGN (0x4)
                0x0800351c                        _etext = .

.vfp11_veneer   0x0800351c        0x0
 .vfp11_veneer  0x0800351c        0x0 linker stubs

.v4_bx          0x0800351c        0x0
 .v4_bx         0x0800351c        0x0 linker stubs

.iplt           0x0800351c        0x0
 .iplt          0x0800351c        0x0 C:/ST/STM32CubeIDE_1.17.0/STM32CubeIDE/plugins/com.st.stm32cube.ide.mcu.externaltools.gnu-tools-for-stm32.13.3.rel1.win32_1.0.0.202411081344/tools/bin/../lib/gcc/arm-none-eabi/13.3.1/thumb/v7e-m+fp/hard/crtbegin.o

.rodata         0x0800351c       0x50
                0x0800351c                        . = ALIGN (0x4)
 *(.rodata)
 *(.rodata*)
 .rodata.CHANNEL_OFFSET_TAB
                0x0800351c        0x7 ./Core/Src/main.o
 *fill*         0x08003523        0x1 
 .rodata.AHBPrescTable
                0x08003524       0x10 ./Core/Src/system_stm32l4xx.o
                0x08003524                AHBPrescTable
 .rodata.APBPrescTable
                0x08003534        0x8 ./Core/Src/system_stm32l4xx.o
                0x08003534                APBPrescTable
 .rodata.MSIRangeTable
                0x0800353c       0x30 ./Core/Src/system_stm32l4xx.o
                0x0800353c                MSIRangeTable
                0x0800356c                        . = ALIGN (0x4)

.ARM.extab      0x0800356c        0x0
                0x0800356c                        . = ALIGN (0x4)
 *(.ARM.extab* .gnu.linkonce.armextab.*)
                0x0800356c                        . = ALIGN (0x4)

.ARM            0x0800356c        0x0
                0x0800356c                        . = ALIGN (0x4)
                0x0800356c                        __exidx_start = .
 *(.ARM.exidx*)
                0x0800356c                        __exidx_end = .
                0x0800356c                        . = ALIGN (0x4)

.preinit_array  0x0800356c        0x0
                0x0800356c                        . = ALIGN (0x4)
                0x0800356c                        PROVIDE (__preinit_array_start = .)
 *(.preinit_array*)
                0x0800356c                        PROVIDE (__preinit_array_end = .)
                0x0800356c                        . = ALIGN (0x4)

.init_array     0x0800356c        0x4
                0x0800356c                        . = ALIGN (0x4)
                0x0800356c                        PROVIDE (__init_array_start = .)
 *(SORT_BY_NAME(.init_array.*))
 *(.init_array*)
 .init_array    0x0800356c        0x4 C:/ST/STM32CubeIDE_1.17.0/STM32CubeIDE/plugins/com.st.stm32cube.ide.mcu.externaltools.gnu-tools-for-stm32.13.3.rel1.win32_1.0.0.202411081344/tools/bin/../lib/gcc/arm-none-eabi/13.3.1/thumb/v7e-m+fp/hard/crtbegin.o
                0x08003570                        PROVIDE (__init_array_end = .)
                0x08003570                        . = ALIGN (0x4)

.fini_array     0x08003570        0x4
                0x08003570                        . = ALIGN (0x4)
                [!provide]                        PROVIDE (__fini_array_start = .)
 *(SORT_BY_NAME(.fini_array.*))
 *(.fini_array*)
 .fini_array    0x08003570        0x4 C:/ST/STM32CubeIDE_1.17.0/STM32CubeIDE/plugins/com.st.stm32cube.ide.mcu.externaltools.gnu-tools-for-stm32.13.3.rel1.win32_1.0.0.202411081344/tools/bin/../lib/gcc/arm-none-eabi/13.3.1/thumb/v7e-m+fp/hard/crtbegin.o
                [!provide]                        PROVIDE (__fini_array_end = .)
                0x08003574                        . = ALIGN (0x4)
                0x08003574                        _sidata = LOADADDR (.data)

.rel.dyn        0x08003574        0x0
 .rel.iplt      0x08003574        0x0 C:/ST/STM32CubeIDE_1.17.0/STM32CubeIDE/plugins/com.st.stm32cube.ide.mcu.externaltools.gnu-tools-for-stm32.13.3.rel1.win32_1.0.0.202411081344/tools/bin/../lib/gcc/arm-none-eabi/13.3.1/thumb/v7e-m+fp/hard/crtbegin.o

.data           0x20000000        0x4 load address 0x08003574
                0x20000000                        . = ALIGN (0x4)
                0x20000000                        _sdata = .
 *(.data)
 *(.data*)
 .data.SystemCoreClock
                0x20000000        0x4 ./Core/Src/system_stm32l4xx.o
                0x20000000                SystemCoreClock
 *(.RamFunc)
 *(.RamFunc*)
                0x20000004                        . = ALIGN (0x4)
                0x20000004                        _edata = .

.igot.plt       0x20000004        0x0 load address 0x08003578
 .igot.plt      0x20000004        0x0 C:/ST/STM32CubeIDE_1.17.0/STM32CubeIDE/plugins/com.st.stm32cube.ide.mcu.externaltools.gnu-tools-for-stm32.13.3.rel1.win32_1.0.0.202411081344/tools/bin/../lib/gcc/arm-none-eabi/13.3.1/thumb/v7e-m+fp/hard/crtbegin.o
                0x20000004                        . = ALIGN (0x4)

.bss            0x20000004       0xac load address 0x08003578
                0x20000004                        _sbss = .
                0x20000004                        __bss_start__ = _sbss
 *(.bss)
 .bss           0x20000004       0x1c C:/ST/STM32CubeIDE_1.17.0/STM32CubeIDE/plugins/com.st.stm32cube.ide.mcu.externaltools.gnu-tools-for-stm32.13.3.rel1.win32_1.0.0.202411081344/tools/bin/../lib/gcc/arm-none-eabi/13.3.1/thumb/v7e-m+fp/hard/crtbegin.o
 *(.bss*)
 .bss.flagDMATC
                0x20000020        0x1 ./Core/Src/main.o
                0x20000020                flagDMATC
 *fill*         0x20000021        0x3 
 .bss.adcVal    0x20000024        0xc ./Core/Src/main.o
                0x20000024                adcVal
 .bss.sric_2_pmic_tx_buffer
                0x20000030       0x14 ./Core/Src/main.o
                0x20000030                sric_2_pmic_tx_buffer
 .bss.sric_2_obc_tx_buffer
                0x20000044       0x14 ./Core/Src/main.o
                0x20000044                sric_2_obc_tx_buffer
 .bss.obc2sr    0x20000058       0x10 ./Core/Src/sric_functions.o
                0x20000058                obc2sr
 .bss.pm2sr     0x20000068       0x10 ./Core/Src/sric_functions.o
                0x20000068                pm2sr
 .bss.usart1_rx_flag
                0x20000078        0x1 ./Core/Src/stm32l4xx_it.o
                0x20000078                usart1_rx_flag
 .bss.usart1_rx_data
                0x20000079        0x1 ./Core/Src/stm32l4xx_it.o
                0x20000079                usart1_rx_data
 .bss.usart2_rx_flag
                0x2000007a        0x1 ./Core/Src/stm32l4xx_it.o
                0x2000007a                usart2_rx_flag
 .bss.usart2_rx_data
                0x2000007b        0x1 ./Core/Src/stm32l4xx_it.o
                0x2000007b                usart2_rx_data
 .bss.usart3_rx_flag
                0x2000007c        0x1 ./Core/Src/stm32l4xx_it.o
                0x2000007c                usart3_rx_flag
 .bss.usart3_rx_data
                0x2000007d        0x1 ./Core/Src/stm32l4xx_it.o
                0x2000007d                usart3_rx_data
 *fill*         0x2000007e        0x2 
 .bss.pmic_2_sric_rx_buffer
                0x20000080       0x14 ./Core/Src/stm32l4xx_it.o
                0x20000080                pmic_2_sric_rx_buffer
 .bss.pmic_2_sric_rx_complete_flag
                0x20000094        0x1 ./Core/Src/stm32l4xx_it.o
                0x20000094                pmic_2_sric_rx_complete_flag
 *fill*         0x20000095        0x3 
 .bss.obc_2_sric_rx_buffer
                0x20000098       0x14 ./Core/Src/stm32l4xx_it.o
                0x20000098                obc_2_sric_rx_buffer
 .bss.obc_2_sric_rx_complete_flag
                0x200000ac        0x1 ./Core/Src/stm32l4xx_it.o
                0x200000ac                obc_2_sric_rx_complete_flag
 .bss.cnt.1     0x200000ad        0x1 ./Core/Src/stm32l4xx_it.o
 .bss.cnt.0     0x200000ae        0x1 ./Core/Src/stm32l4xx_it.o
 *(COMMON)
                0x200000b0                        . = ALIGN (0x4)
 *fill*         0x200000af        0x1 
                0x200000b0                        _ebss = .
                0x200000b0                        __bss_end__ = _ebss

._user_heap_stack
                0x200000b0      0x600 load address 0x08003578
                0x200000b0                        . = ALIGN (0x8)
                [!provide]                        PROVIDE (end = .)
                0x200000b0                        PROVIDE (_end = .)
                0x200002b0                        . = (. + _Min_Heap_Size)
 *fill*         0x200000b0      0x200 
                0x200006b0                        . = (. + _Min_Stack_Size)
 *fill*         0x200002b0      0x400 
                0x200006b0                        . = ALIGN (0x8)

/DISCARD/
 libc.a(*)
 libm.a(*)
 libgcc.a(*)

.ARM.attributes
                0x00000000       0x30
 *(.ARM.attributes)
 .ARM.attributes
                0x00000000       0x22 C:/ST/STM32CubeIDE_1.17.0/STM32CubeIDE/plugins/com.st.stm32cube.ide.mcu.externaltools.gnu-tools-for-stm32.13.3.rel1.win32_1.0.0.202411081344/tools/bin/../lib/gcc/arm-none-eabi/13.3.1/thumb/v7e-m+fp/hard/crti.o
 .ARM.attributes
                0x00000022       0x34 C:/ST/STM32CubeIDE_1.17.0/STM32CubeIDE/plugins/com.st.stm32cube.ide.mcu.externaltools.gnu-tools-for-stm32.13.3.rel1.win32_1.0.0.202411081344/tools/bin/../lib/gcc/arm-none-eabi/13.3.1/thumb/v7e-m+fp/hard/crtbegin.o
 .ARM.attributes
                0x00000056       0x34 ./Core/Src/main.o
 .ARM.attributes
                0x0000008a       0x34 ./Core/Src/sric_functions.o
 .ARM.attributes
                0x000000be       0x34 ./Core/Src/stm32l4xx_it.o
 .ARM.attributes
                0x000000f2       0x34 ./Core/Src/system_stm32l4xx.o
 .ARM.attributes
                0x00000126       0x21 ./Core/Startup/startup_stm32l452ceux.o
 .ARM.attributes
                0x00000147       0x34 ./Drivers/STM32L4xx_HAL_Driver/Src/stm32l4xx_ll_adc.o
 .ARM.attributes
                0x0000017b       0x34 ./Drivers/STM32L4xx_HAL_Driver/Src/stm32l4xx_ll_gpio.o
 .ARM.attributes
                0x000001af       0x34 ./Drivers/STM32L4xx_HAL_Driver/Src/stm32l4xx_ll_rcc.o
 .ARM.attributes
                0x000001e3       0x34 ./Drivers/STM32L4xx_HAL_Driver/Src/stm32l4xx_ll_rtc.o
 .ARM.attributes
                0x00000217       0x34 ./Drivers/STM32L4xx_HAL_Driver/Src/stm32l4xx_ll_usart.o
 .ARM.attributes
                0x0000024b       0x34 ./Drivers/STM32L4xx_HAL_Driver/Src/stm32l4xx_ll_utils.o
 .ARM.attributes
                0x0000027f       0x34 C:/ST/STM32CubeIDE_1.17.0/STM32CubeIDE/plugins/com.st.stm32cube.ide.mcu.externaltools.gnu-tools-for-stm32.13.3.rel1.win32_1.0.0.202411081344/tools/bin/../lib/gcc/arm-none-eabi/13.3.1/../../../../arm-none-eabi/lib/thumb/v7e-m+fp/hard\libc_nano.a(libc_a-init.o)
 .ARM.attributes
                0x000002b3       0x22 C:/ST/STM32CubeIDE_1.17.0/STM32CubeIDE/plugins/com.st.stm32cube.ide.mcu.externaltools.gnu-tools-for-stm32.13.3.rel1.win32_1.0.0.202411081344/tools/bin/../lib/gcc/arm-none-eabi/13.3.1/thumb/v7e-m+fp/hard/crtn.o
OUTPUT(EPS SRIC.elf elf32-littlearm)
LOAD linker stubs
LOAD C:/ST/STM32CubeIDE_1.17.0/STM32CubeIDE/plugins/com.st.stm32cube.ide.mcu.externaltools.gnu-tools-for-stm32.13.3.rel1.win32_1.0.0.202411081344/tools/bin/../lib/gcc/arm-none-eabi/13.3.1/../../../../arm-none-eabi/lib/thumb/v7e-m+fp/hard\libc.a
LOAD C:/ST/STM32CubeIDE_1.17.0/STM32CubeIDE/plugins/com.st.stm32cube.ide.mcu.externaltools.gnu-tools-for-stm32.13.3.rel1.win32_1.0.0.202411081344/tools/bin/../lib/gcc/arm-none-eabi/13.3.1/../../../../arm-none-eabi/lib/thumb/v7e-m+fp/hard\libm.a
LOAD C:/ST/STM32CubeIDE_1.17.0/STM32CubeIDE/plugins/com.st.stm32cube.ide.mcu.externaltools.gnu-tools-for-stm32.13.3.rel1.win32_1.0.0.202411081344/tools/bin/../lib/gcc/arm-none-eabi/13.3.1/thumb/v7e-m+fp/hard\libgcc.a

.debug_info     0x00000000     0x7e79
 .debug_info    0x00000000     0x2a11 ./Core/Src/main.o
 .debug_info    0x00002a11      0x6db ./Core/Src/sric_functions.o
 .debug_info    0x000030ec      0x459 ./Core/Src/stm32l4xx_it.o
 .debug_info    0x00003545      0x5c6 ./Core/Src/system_stm32l4xx.o
 .debug_info    0x00003b0b       0x30 ./Core/Startup/startup_stm32l452ceux.o
 .debug_info    0x00003b3b      0xaf4 ./Drivers/STM32L4xx_HAL_Driver/Src/stm32l4xx_ll_adc.o
 .debug_info    0x0000462f      0x957 ./Drivers/STM32L4xx_HAL_Driver/Src/stm32l4xx_ll_gpio.o
 .debug_info    0x00004f86      0xd1c ./Drivers/STM32L4xx_HAL_Driver/Src/stm32l4xx_ll_rcc.o
 .debug_info    0x00005ca2      0xe4a ./Drivers/STM32L4xx_HAL_Driver/Src/stm32l4xx_ll_rtc.o
 .debug_info    0x00006aec      0x79f ./Drivers/STM32L4xx_HAL_Driver/Src/stm32l4xx_ll_usart.o
 .debug_info    0x0000728b      0xbee ./Drivers/STM32L4xx_HAL_Driver/Src/stm32l4xx_ll_utils.o

.debug_abbrev   0x00000000     0x1564
 .debug_abbrev  0x00000000      0x417 ./Core/Src/main.o
 .debug_abbrev  0x00000417      0x20c ./Core/Src/sric_functions.o
 .debug_abbrev  0x00000623      0x1aa ./Core/Src/stm32l4xx_it.o
 .debug_abbrev  0x000007cd      0x11a ./Core/Src/system_stm32l4xx.o
 .debug_abbrev  0x000008e7       0x24 ./Core/Startup/startup_stm32l452ceux.o
 .debug_abbrev  0x0000090b      0x1a9 ./Drivers/STM32L4xx_HAL_Driver/Src/stm32l4xx_ll_adc.o
 .debug_abbrev  0x00000ab4      0x235 ./Drivers/STM32L4xx_HAL_Driver/Src/stm32l4xx_ll_gpio.o
 .debug_abbrev  0x00000ce9      0x221 ./Drivers/STM32L4xx_HAL_Driver/Src/stm32l4xx_ll_rcc.o
 .debug_abbrev  0x00000f0a      0x22f ./Drivers/STM32L4xx_HAL_Driver/Src/stm32l4xx_ll_rtc.o
 .debug_abbrev  0x00001139      0x1cc ./Drivers/STM32L4xx_HAL_Driver/Src/stm32l4xx_ll_usart.o
 .debug_abbrev  0x00001305      0x25f ./Drivers/STM32L4xx_HAL_Driver/Src/stm32l4xx_ll_utils.o

.debug_aranges  0x00000000      0xab8
 .debug_aranges
                0x00000000      0x2b0 ./Core/Src/main.o
 .debug_aranges
                0x000002b0       0x78 ./Core/Src/sric_functions.o
 .debug_aranges
                0x00000328       0xa0 ./Core/Src/stm32l4xx_it.o
 .debug_aranges
                0x000003c8       0x28 ./Core/Src/system_stm32l4xx.o
 .debug_aranges
                0x000003f0       0x28 ./Core/Startup/startup_stm32l452ceux.o
 .debug_aranges
                0x00000418       0xd8 ./Drivers/STM32L4xx_HAL_Driver/Src/stm32l4xx_ll_adc.o
 .debug_aranges
                0x000004f0       0x70 ./Drivers/STM32L4xx_HAL_Driver/Src/stm32l4xx_ll_gpio.o
 .debug_aranges
                0x00000560      0x240 ./Drivers/STM32L4xx_HAL_Driver/Src/stm32l4xx_ll_rcc.o
 .debug_aranges
                0x000007a0      0x160 ./Drivers/STM32L4xx_HAL_Driver/Src/stm32l4xx_ll_rtc.o
 .debug_aranges
                0x00000900       0x88 ./Drivers/STM32L4xx_HAL_Driver/Src/stm32l4xx_ll_usart.o
 .debug_aranges
                0x00000988      0x130 ./Drivers/STM32L4xx_HAL_Driver/Src/stm32l4xx_ll_utils.o

.debug_rnglists
                0x00000000      0x801
 .debug_rnglists
                0x00000000      0x207 ./Core/Src/main.o
 .debug_rnglists
                0x00000207       0x59 ./Core/Src/sric_functions.o
 .debug_rnglists
                0x00000260       0x75 ./Core/Src/stm32l4xx_it.o
 .debug_rnglists
                0x000002d5       0x1a ./Core/Src/system_stm32l4xx.o
 .debug_rnglists
                0x000002ef       0x19 ./Core/Startup/startup_stm32l452ceux.o
 .debug_rnglists
                0x00000308       0x9f ./Drivers/STM32L4xx_HAL_Driver/Src/stm32l4xx_ll_adc.o
 .debug_rnglists
                0x000003a7       0x51 ./Drivers/STM32L4xx_HAL_Driver/Src/stm32l4xx_ll_gpio.o
 .debug_rnglists
                0x000003f8      0x1bc ./Drivers/STM32L4xx_HAL_Driver/Src/stm32l4xx_ll_rcc.o
 .debug_rnglists
                0x000005b4      0x108 ./Drivers/STM32L4xx_HAL_Driver/Src/stm32l4xx_ll_rtc.o
 .debug_rnglists
                0x000006bc       0x63 ./Drivers/STM32L4xx_HAL_Driver/Src/stm32l4xx_ll_usart.o
 .debug_rnglists
                0x0000071f       0xe2 ./Drivers/STM32L4xx_HAL_Driver/Src/stm32l4xx_ll_utils.o

.debug_macro    0x00000000    0x1df0a
 .debug_macro   0x00000000      0x273 ./Core/Src/main.o
 .debug_macro   0x00000273      0xb20 ./Core/Src/main.o
 .debug_macro   0x00000d93       0x2e ./Core/Src/main.o
 .debug_macro   0x00000dc1       0x28 ./Core/Src/main.o
 .debug_macro   0x00000de9       0x22 ./Core/Src/main.o
 .debug_macro   0x00000e0b       0x8e ./Core/Src/main.o
 .debug_macro   0x00000e99       0x51 ./Core/Src/main.o
 .debug_macro   0x00000eea      0x103 ./Core/Src/main.o
 .debug_macro   0x00000fed       0x6a ./Core/Src/main.o
 .debug_macro   0x00001057      0x1df ./Core/Src/main.o
 .debug_macro   0x00001236       0x1c ./Core/Src/main.o
 .debug_macro   0x00001252       0x22 ./Core/Src/main.o
 .debug_macro   0x00001274       0xfb ./Core/Src/main.o
 .debug_macro   0x0000136f     0x1011 ./Core/Src/main.o
 .debug_macro   0x00002380      0x11f ./Core/Src/main.o
 .debug_macro   0x0000249f    0x16336 ./Core/Src/main.o
 .debug_macro   0x000187d5       0x6d ./Core/Src/main.o
 .debug_macro   0x00018842      0xdfc ./Core/Src/main.o
 .debug_macro   0x0001963e      0x2cb ./Core/Src/main.o
 .debug_macro   0x00019909       0xd0 ./Core/Src/main.o
 .debug_macro   0x000199d9      0x826 ./Core/Src/main.o
 .debug_macro   0x0001a1ff      0x18a ./Core/Src/main.o
 .debug_macro   0x0001a389      0x2c6 ./Core/Src/main.o
 .debug_macro   0x0001a64f      0x14e ./Core/Src/main.o
 .debug_macro   0x0001a79d      0x1a6 ./Core/Src/main.o
 .debug_macro   0x0001a943       0xa7 ./Core/Src/main.o
 .debug_macro   0x0001a9ea      0x1ec ./Core/Src/main.o
 .debug_macro   0x0001abd6      0x4e5 ./Core/Src/main.o
 .debug_macro   0x0001b0bb      0x30c ./Core/Src/main.o
 .debug_macro   0x0001b3c7      0x169 ./Core/Src/main.o
 .debug_macro   0x0001b530       0xee ./Core/Src/main.o
 .debug_macro   0x0001b61e       0x61 ./Core/Src/main.o
 .debug_macro   0x0001b67f       0x2a ./Core/Src/main.o
 .debug_macro   0x0001b6a9       0x43 ./Core/Src/main.o
 .debug_macro   0x0001b6ec       0x34 ./Core/Src/main.o
 .debug_macro   0x0001b720       0x16 ./Core/Src/main.o
 .debug_macro   0x0001b736       0x9e ./Core/Src/main.o
 .debug_macro   0x0001b7d4      0x370 ./Core/Src/main.o
 .debug_macro   0x0001bb44      0x112 ./Core/Src/main.o
 .debug_macro   0x0001bc56       0x10 ./Core/Src/main.o
 .debug_macro   0x0001bc66       0x16 ./Core/Src/main.o
 .debug_macro   0x0001bc7c       0x4a ./Core/Src/main.o
 .debug_macro   0x0001bcc6       0x34 ./Core/Src/main.o
 .debug_macro   0x0001bcfa       0x10 ./Core/Src/main.o
 .debug_macro   0x0001bd0a       0x58 ./Core/Src/main.o
 .debug_macro   0x0001bd62       0x8e ./Core/Src/main.o
 .debug_macro   0x0001bdf0       0x1c ./Core/Src/main.o
 .debug_macro   0x0001be0c      0x185 ./Core/Src/main.o
 .debug_macro   0x0001bf91       0x16 ./Core/Src/main.o
 .debug_macro   0x0001bfa7       0x16 ./Core/Src/main.o
 .debug_macro   0x0001bfbd      0x146 ./Core/Src/main.o
 .debug_macro   0x0001c103       0x16 ./Core/Src/main.o
 .debug_macro   0x0001c119       0x3c ./Core/Src/main.o
 .debug_macro   0x0001c155       0x20 ./Core/Src/main.o
 .debug_macro   0x0001c175      0x162 ./Core/Src/sric_functions.o
 .debug_macro   0x0001c2d7      0x17a ./Core/Src/stm32l4xx_it.o
 .debug_macro   0x0001c451       0xce ./Core/Src/system_stm32l4xx.o
 .debug_macro   0x0001c51f      0x162 ./Drivers/STM32L4xx_HAL_Driver/Src/stm32l4xx_ll_adc.o
 .debug_macro   0x0001c681      0x110 ./Drivers/STM32L4xx_HAL_Driver/Src/stm32l4xx_ll_gpio.o
 .debug_macro   0x0001c791      0x163 ./Drivers/STM32L4xx_HAL_Driver/Src/stm32l4xx_ll_gpio.o
 .debug_macro   0x0001c8f4      0x125 ./Drivers/STM32L4xx_HAL_Driver/Src/stm32l4xx_ll_rcc.o
 .debug_macro   0x0001ca19      0x820 ./Drivers/STM32L4xx_HAL_Driver/Src/stm32l4xx_ll_rcc.o
 .debug_macro   0x0001d239      0x16a ./Drivers/STM32L4xx_HAL_Driver/Src/stm32l4xx_ll_rtc.o
 .debug_macro   0x0001d3a3      0x4df ./Drivers/STM32L4xx_HAL_Driver/Src/stm32l4xx_ll_rtc.o
 .debug_macro   0x0001d882      0x143 ./Drivers/STM32L4xx_HAL_Driver/Src/stm32l4xx_ll_usart.o
 .debug_macro   0x0001d9c5      0x306 ./Drivers/STM32L4xx_HAL_Driver/Src/stm32l4xx_ll_usart.o
 .debug_macro   0x0001dccb      0x19e ./Drivers/STM32L4xx_HAL_Driver/Src/stm32l4xx_ll_utils.o
 .debug_macro   0x0001de69       0xa1 ./Drivers/STM32L4xx_HAL_Driver/Src/stm32l4xx_ll_utils.o

.debug_line     0x00000000     0x77d0
 .debug_line    0x00000000     0x1540 ./Core/Src/main.o
 .debug_line    0x00001540      0x916 ./Core/Src/sric_functions.o
 .debug_line    0x00001e56      0x8ac ./Core/Src/stm32l4xx_it.o
 .debug_line    0x00002702      0x58e ./Core/Src/system_stm32l4xx.o
 .debug_line    0x00002c90       0x7a ./Core/Startup/startup_stm32l452ceux.o
 .debug_line    0x00002d0a      0x93f ./Drivers/STM32L4xx_HAL_Driver/Src/stm32l4xx_ll_adc.o
 .debug_line    0x00003649      0x8ae ./Drivers/STM32L4xx_HAL_Driver/Src/stm32l4xx_ll_gpio.o
 .debug_line    0x00003ef7     0x1952 ./Drivers/STM32L4xx_HAL_Driver/Src/stm32l4xx_ll_rcc.o
 .debug_line    0x00005849      0xc74 ./Drivers/STM32L4xx_HAL_Driver/Src/stm32l4xx_ll_rtc.o
 .debug_line    0x000064bd      0x78e ./Drivers/STM32L4xx_HAL_Driver/Src/stm32l4xx_ll_usart.o
 .debug_line    0x00006c4b      0xb85 ./Drivers/STM32L4xx_HAL_Driver/Src/stm32l4xx_ll_utils.o

.debug_str      0x00000000    0xa937b
 .debug_str     0x00000000    0xa937b ./Core/Src/main.o
                              0xa4298 (size before relaxing)
 .debug_str     0x000a937b    0x9f130 ./Core/Src/sric_functions.o
 .debug_str     0x000a937b    0x9f156 ./Core/Src/stm32l4xx_it.o
 .debug_str     0x000a937b    0x872d0 ./Core/Src/system_stm32l4xx.o
 .debug_str     0x000a937b       0x73 ./Core/Startup/startup_stm32l452ceux.o
 .debug_str     0x000a937b    0x93302 ./Drivers/STM32L4xx_HAL_Driver/Src/stm32l4xx_ll_adc.o
 .debug_str     0x000a937b    0x88b24 ./Drivers/STM32L4xx_HAL_Driver/Src/stm32l4xx_ll_gpio.o
 .debug_str     0x000a937b    0x8cba2 ./Drivers/STM32L4xx_HAL_Driver/Src/stm32l4xx_ll_rcc.o
 .debug_str     0x000a937b    0x8a852 ./Drivers/STM32L4xx_HAL_Driver/Src/stm32l4xx_ll_rtc.o
 .debug_str     0x000a937b    0x8e353 ./Drivers/STM32L4xx_HAL_Driver/Src/stm32l4xx_ll_usart.o
 .debug_str     0x000a937b    0x8f180 ./Drivers/STM32L4xx_HAL_Driver/Src/stm32l4xx_ll_utils.o

.comment        0x00000000       0x43
 .comment       0x00000000       0x43 ./Core/Src/main.o
                                 0x44 (size before relaxing)
 .comment       0x00000043       0x44 ./Core/Src/sric_functions.o
 .comment       0x00000043       0x44 ./Core/Src/stm32l4xx_it.o
 .comment       0x00000043       0x44 ./Core/Src/system_stm32l4xx.o
 .comment       0x00000043       0x44 ./Drivers/STM32L4xx_HAL_Driver/Src/stm32l4xx_ll_adc.o
 .comment       0x00000043       0x44 ./Drivers/STM32L4xx_HAL_Driver/Src/stm32l4xx_ll_gpio.o
 .comment       0x00000043       0x44 ./Drivers/STM32L4xx_HAL_Driver/Src/stm32l4xx_ll_rcc.o
 .comment       0x00000043       0x44 ./Drivers/STM32L4xx_HAL_Driver/Src/stm32l4xx_ll_rtc.o
 .comment       0x00000043       0x44 ./Drivers/STM32L4xx_HAL_Driver/Src/stm32l4xx_ll_usart.o
 .comment       0x00000043       0x44 ./Drivers/STM32L4xx_HAL_Driver/Src/stm32l4xx_ll_utils.o

.debug_frame    0x00000000     0x2d04
 .debug_frame   0x00000000      0xc04 ./Core/Src/main.o
 .debug_frame   0x00000c04      0x1d8 ./Core/Src/sric_functions.o
 .debug_frame   0x00000ddc      0x218 ./Core/Src/stm32l4xx_it.o
 .debug_frame   0x00000ff4       0x58 ./Core/Src/system_stm32l4xx.o
 .debug_frame   0x0000104c      0x3bc ./Drivers/STM32L4xx_HAL_Driver/Src/stm32l4xx_ll_adc.o
 .debug_frame   0x00001408      0x1c0 ./Drivers/STM32L4xx_HAL_Driver/Src/stm32l4xx_ll_gpio.o
 .debug_frame   0x000015c8      0x994 ./Drivers/STM32L4xx_HAL_Driver/Src/stm32l4xx_ll_rcc.o
 .debug_frame   0x00001f5c      0x66c ./Drivers/STM32L4xx_HAL_Driver/Src/stm32l4xx_ll_rtc.o
 .debug_frame   0x000025c8      0x234 ./Drivers/STM32L4xx_HAL_Driver/Src/stm32l4xx_ll_usart.o
 .debug_frame   0x000027fc      0x4dc ./Drivers/STM32L4xx_HAL_Driver/Src/stm32l4xx_ll_utils.o
 .debug_frame   0x00002cd8       0x2c C:/ST/STM32CubeIDE_1.17.0/STM32CubeIDE/plugins/com.st.stm32cube.ide.mcu.externaltools.gnu-tools-for-stm32.13.3.rel1.win32_1.0.0.202411081344/tools/bin/../lib/gcc/arm-none-eabi/13.3.1/../../../../arm-none-eabi/lib/thumb/v7e-m+fp/hard\libc_nano.a(libc_a-init.o)

.debug_line_str
                0x00000000       0x57
 .debug_line_str
                0x00000000       0x57 ./Core/Startup/startup_stm32l452ceux.o
