Archive member included to satisfy reference by file (symbol)

C:/ST/STM32CubeIDE_1.17.0/STM32CubeIDE/plugins/com.st.stm32cube.ide.mcu.externaltools.gnu-tools-for-stm32.13.3.rel1.win32_1.0.0.202411081344/tools/bin/../lib/gcc/arm-none-eabi/13.3.1/../../../../arm-none-eabi/lib/thumb/v7e-m+fp/hard\libc_nano.a(libc_a-exit.o)
                              C:/ST/STM32CubeIDE_1.17.0/STM32CubeIDE/plugins/com.st.stm32cube.ide.mcu.externaltools.gnu-tools-for-stm32.13.3.rel1.win32_1.0.0.202411081344/tools/bin/../lib/gcc/arm-none-eabi/13.3.1/../../../../arm-none-eabi/lib/thumb/v7e-m+fp/hard/crt0.o (exit)
C:/ST/STM32CubeIDE_1.17.0/STM32CubeIDE/plugins/com.st.stm32cube.ide.mcu.externaltools.gnu-tools-for-stm32.13.3.rel1.win32_1.0.0.202411081344/tools/bin/../lib/gcc/arm-none-eabi/13.3.1/../../../../arm-none-eabi/lib/thumb/v7e-m+fp/hard\libc_nano.a(libc_a-findfp.o)
                              C:/ST/STM32CubeIDE_1.17.0/STM32CubeIDE/plugins/com.st.stm32cube.ide.mcu.externaltools.gnu-tools-for-stm32.13.3.rel1.win32_1.0.0.202411081344/tools/bin/../lib/gcc/arm-none-eabi/13.3.1/../../../../arm-none-eabi/lib/thumb/v7e-m+fp/hard\libc_nano.a(libc_a-exit.o) (__stdio_exit_handler)
C:/ST/STM32CubeIDE_1.17.0/STM32CubeIDE/plugins/com.st.stm32cube.ide.mcu.externaltools.gnu-tools-for-stm32.13.3.rel1.win32_1.0.0.202411081344/tools/bin/../lib/gcc/arm-none-eabi/13.3.1/../../../../arm-none-eabi/lib/thumb/v7e-m+fp/hard\libc_nano.a(libc_a-fwalk.o)
                              C:/ST/STM32CubeIDE_1.17.0/STM32CubeIDE/plugins/com.st.stm32cube.ide.mcu.externaltools.gnu-tools-for-stm32.13.3.rel1.win32_1.0.0.202411081344/tools/bin/../lib/gcc/arm-none-eabi/13.3.1/../../../../arm-none-eabi/lib/thumb/v7e-m+fp/hard\libc_nano.a(libc_a-findfp.o) (_fwalk_sglue)
C:/ST/STM32CubeIDE_1.17.0/STM32CubeIDE/plugins/com.st.stm32cube.ide.mcu.externaltools.gnu-tools-for-stm32.13.3.rel1.win32_1.0.0.202411081344/tools/bin/../lib/gcc/arm-none-eabi/13.3.1/../../../../arm-none-eabi/lib/thumb/v7e-m+fp/hard\libc_nano.a(libc_a-stdio.o)
                              C:/ST/STM32CubeIDE_1.17.0/STM32CubeIDE/plugins/com.st.stm32cube.ide.mcu.externaltools.gnu-tools-for-stm32.13.3.rel1.win32_1.0.0.202411081344/tools/bin/../lib/gcc/arm-none-eabi/13.3.1/../../../../arm-none-eabi/lib/thumb/v7e-m+fp/hard\libc_nano.a(libc_a-findfp.o) (__sread)
C:/ST/STM32CubeIDE_1.17.0/STM32CubeIDE/plugins/com.st.stm32cube.ide.mcu.externaltools.gnu-tools-for-stm32.13.3.rel1.win32_1.0.0.202411081344/tools/bin/../lib/gcc/arm-none-eabi/13.3.1/../../../../arm-none-eabi/lib/thumb/v7e-m+fp/hard\libc_nano.a(libc_a-memset.o)
                              C:/ST/STM32CubeIDE_1.17.0/STM32CubeIDE/plugins/com.st.stm32cube.ide.mcu.externaltools.gnu-tools-for-stm32.13.3.rel1.win32_1.0.0.202411081344/tools/bin/../lib/gcc/arm-none-eabi/13.3.1/../../../../arm-none-eabi/lib/thumb/v7e-m+fp/hard/crt0.o (memset)
C:/ST/STM32CubeIDE_1.17.0/STM32CubeIDE/plugins/com.st.stm32cube.ide.mcu.externaltools.gnu-tools-for-stm32.13.3.rel1.win32_1.0.0.202411081344/tools/bin/../lib/gcc/arm-none-eabi/13.3.1/../../../../arm-none-eabi/lib/thumb/v7e-m+fp/hard\libc_nano.a(libc_a-closer.o)
                              C:/ST/STM32CubeIDE_1.17.0/STM32CubeIDE/plugins/com.st.stm32cube.ide.mcu.externaltools.gnu-tools-for-stm32.13.3.rel1.win32_1.0.0.202411081344/tools/bin/../lib/gcc/arm-none-eabi/13.3.1/../../../../arm-none-eabi/lib/thumb/v7e-m+fp/hard\libc_nano.a(libc_a-stdio.o) (_close_r)
C:/ST/STM32CubeIDE_1.17.0/STM32CubeIDE/plugins/com.st.stm32cube.ide.mcu.externaltools.gnu-tools-for-stm32.13.3.rel1.win32_1.0.0.202411081344/tools/bin/../lib/gcc/arm-none-eabi/13.3.1/../../../../arm-none-eabi/lib/thumb/v7e-m+fp/hard\libc_nano.a(libc_a-reent.o)
                              C:/ST/STM32CubeIDE_1.17.0/STM32CubeIDE/plugins/com.st.stm32cube.ide.mcu.externaltools.gnu-tools-for-stm32.13.3.rel1.win32_1.0.0.202411081344/tools/bin/../lib/gcc/arm-none-eabi/13.3.1/../../../../arm-none-eabi/lib/thumb/v7e-m+fp/hard\libc_nano.a(libc_a-closer.o) (errno)
C:/ST/STM32CubeIDE_1.17.0/STM32CubeIDE/plugins/com.st.stm32cube.ide.mcu.externaltools.gnu-tools-for-stm32.13.3.rel1.win32_1.0.0.202411081344/tools/bin/../lib/gcc/arm-none-eabi/13.3.1/../../../../arm-none-eabi/lib/thumb/v7e-m+fp/hard\libc_nano.a(libc_a-impure.o)
                              C:/ST/STM32CubeIDE_1.17.0/STM32CubeIDE/plugins/com.st.stm32cube.ide.mcu.externaltools.gnu-tools-for-stm32.13.3.rel1.win32_1.0.0.202411081344/tools/bin/../lib/gcc/arm-none-eabi/13.3.1/../../../../arm-none-eabi/lib/thumb/v7e-m+fp/hard\libc_nano.a(libc_a-reent.o) (_impure_ptr)
C:/ST/STM32CubeIDE_1.17.0/STM32CubeIDE/plugins/com.st.stm32cube.ide.mcu.externaltools.gnu-tools-for-stm32.13.3.rel1.win32_1.0.0.202411081344/tools/bin/../lib/gcc/arm-none-eabi/13.3.1/../../../../arm-none-eabi/lib/thumb/v7e-m+fp/hard\libc_nano.a(libc_a-lseekr.o)
[...]
Memory Configuration

Name             Origin             Length             Attributes
RAM              0x20000000         0x00040000         xrw
RAM2             0x10000000         0x00010000         xrw
FLASH            0x08000000         0x00100000         xr
*default*        0x00000000         0xffffffff

Linker script and memory map

LOAD C:/ST/STM32CubeIDE_1.17.0/STM32CubeIDE/plugins/com.st.stm32cube.ide.mcu.externaltools.gnu-tools-for-stm32.13.3.rel1.win32_1.0.0.202411081344/tools/bin/../lib/gcc/arm-none-eabi/13.3.1/thumb/v7e-m+fp/hard/crti.o
LOAD C:/ST/STM32CubeIDE_1.17.0/STM32CubeIDE/plugins/com.st.stm32cube.ide.mcu.externaltools.gnu-tools-for-stm32.13.3.rel1.win32_1.0.0.202411081344/tools/bin/../lib/gcc/arm-none-eabi/13.3.1/thumb/v7e-m+fp/hard/crtbegin.o
LOAD C:/ST/STM32CubeIDE_1.17.0/STM32CubeIDE/plugins/com.st.stm32cube.ide.mcu.externaltools.gnu-tools-for-stm32.13.3.rel1.win32_1.0.0.202411081344/tools/bin/../lib/gcc/arm-none-eabi/13.3.1/../../../../arm-none-eabi/lib/thumb/v7e-m+fp/hard/crt0.o
LOAD ./Core/Src/main.o
LOAD ./Core/Src/pmic_functions.o
LOAD ./Core/Src/stm32l4xx_hal_msp.o
LOAD ./Core/Src/stm32l4xx_it.o
LOAD ./Core/Src/syscalls.o
LOAD ./Core/Src/sysmem.o
LOAD ./Core/Src/system_stm32l4xx.o
LOAD ./Core/Startup/startup_stm32l496vgtx.o
LOAD ./Drivers/STM32L4xx_HAL_Driver/Src/stm32l4xx_hal.o
LOAD ./Drivers/STM32L4xx_HAL_Driver/Src/stm32l4xx_hal_can.o
LOAD ./Drivers/STM32L4xx_HAL_Driver/Src/stm32l4xx_hal_cortex.o
LOAD ./Drivers/STM32L4xx_HAL_Driver/Src/stm32l4xx_hal_dma.o
LOAD ./Drivers/STM32L4xx_HAL_Driver/Src/stm32l4xx_hal_dma_ex.o
LOAD ./Drivers/STM32L4xx_HAL_Driver/Src/stm32l4xx_hal_exti.o
LOAD ./Drivers/STM32L4xx_HAL_Driver/Src/stm32l4xx_hal_flash.o
LOAD ./Drivers/STM32L4xx_HAL_Driver/Src/stm32l4xx_hal_flash_ex.o
LOAD ./Drivers/STM32L4xx_HAL_Driver/Src/stm32l4xx_hal_flash_ramfunc.o
LOAD ./Drivers/STM32L4xx_HAL_Driver/Src/stm32l4xx_hal_gpio.o
LOAD ./Drivers/STM32L4xx_HAL_Driver/Src/stm32l4xx_hal_i2c.o
LOAD ./Drivers/STM32L4xx_HAL_Driver/Src/stm32l4xx_hal_i2c_ex.o
LOAD ./Drivers/STM32L4xx_HAL_Driver/Src/stm32l4xx_hal_pwr.o
LOAD ./Drivers/STM32L4xx_HAL_Driver/Src/stm32l4xx_hal_pwr_ex.o
LOAD ./Drivers/STM32L4xx_HAL_Driver/Src/stm32l4xx_hal_qspi.o
LOAD ./Drivers/STM32L4xx_HAL_Driver/Src/stm32l4xx_hal_rcc.o
LOAD ./Drivers/STM32L4xx_HAL_Driver/Src/stm32l4xx_hal_rcc_ex.o
LOAD ./Drivers/STM32L4xx_HAL_Driver/Src/stm32l4xx_ll_adc.o
LOAD ./Drivers/STM32L4xx_HAL_Driver/Src/stm32l4xx_ll_dma.o
LOAD ./Drivers/STM32L4xx_HAL_Driver/Src/stm32l4xx_ll_exti.o
LOAD ./Drivers/STM32L4xx_HAL_Driver/Src/stm32l4xx_ll_gpio.o
LOAD ./Drivers/STM32L4xx_HAL_Driver/Src/stm32l4xx_ll_rcc.o
LOAD ./Drivers/STM32L4xx_HAL_Driver/Src/stm32l4xx_ll_rtc.o
LOAD ./Drivers/STM32L4xx_HAL_Driver/Src/stm32l4xx_ll_spi.o
LOAD ./Drivers/STM32L4xx_HAL_Driver/Src/stm32l4xx_ll_tim.o
LOAD ./Drivers/STM32L4xx_HAL_Driver/Src/stm32l4xx_ll_usart.o
LOAD ./Drivers/STM32L4xx_HAL_Driver/Src/stm32l4xx_ll_utils.o
START GROUP
LOAD C:/ST/STM32CubeIDE_1.17.0/STM32CubeIDE/plugins/com.st.stm32cube.ide.mcu.externaltools.gnu-tools-for-stm32.13.3.rel1.win32_1.0.0.202411081344/tools/bin/../lib/gcc/arm-none-eabi/13.3.1/../../../../arm-none-eabi/lib/thumb/v7e-m+fp/hard\libc_nano.a
LOAD C:/ST/STM32CubeIDE_1.17.0/STM32CubeIDE/plugins/com.st.stm32cube.ide.mcu.externaltools.gnu-tools-for-stm32.13.3.rel1.win32_1.0.0.202411081344/tools/bin/../lib/gcc/arm-none-eabi/13.3.1/../../../../arm-none-eabi/lib/thumb/v7e-m+fp/hard\libm.a
END GROUP
START GROUP
LOAD C:/ST/STM32CubeIDE_1.17.0/STM32CubeIDE/plugins/com.st.stm32cube.ide.mcu.externaltools.gnu-tools-for-stm32.13.3.rel1.win32_1.0.0.202411081344/tools/bin/../lib/gcc/arm-none-eabi/13.3.1/thumb/v7e-m+fp/hard\libgcc.a
LOAD C:/ST/STM32CubeIDE_1.17.0/STM32CubeIDE/plugins/com.st.stm32cube.ide.mcu.externaltools.gnu-tools-for-stm32.13.3.rel1.win32_1.0.0.202411081344/tools/bin/../lib/gcc/arm-none-eabi/13.3.1/../../../../arm-none-eabi/lib/thumb/v7e-m+fp/hard\libc_nano.a
END GROUP
START GROUP
LOAD C:/ST/STM32CubeIDE_1.17.0/STM32CubeIDE/plugins/com.st.stm32cube.ide.mcu.externaltools.gnu-tools-for-stm32.13.3.rel1.win32_1.0.0.202411081344/tools/bin/../lib/gcc/arm-none-eabi/13.3.1/thumb/v7e-m+fp/hard\libgcc.a
LOAD C:/ST/STM32CubeIDE_1.17.0/STM32CubeIDE/plugins/com.st.stm32cube.ide.mcu.externaltools.gnu-tools-for-stm32.13.3.rel1.win32_1.0.0.202411081344/tools/bin/../lib/gcc/arm-none-eabi/13.3.1/../../../../arm-none-eabi/lib/thumb/v7e-m+fp/hard\libc_nano.a
LOAD C:/ST/STM32CubeIDE_1.17.0/STM32CubeIDE/plugins/com.st.stm32cube.ide.mcu.externaltools.gnu-tools-for-stm32.13.3.rel1.win32_1.0.0.202411081344/tools/bin/../lib/gcc/arm-none-eabi/13.3.1/../../../../arm-none-eabi/lib/thumb/v7e-m+fp/hard\libnosys.a
END GROUP
START GROUP
LOAD C:/ST/STM32CubeIDE_1.17.0/STM32CubeIDE/plugins/com.st.stm32cube.ide.mcu.externaltools.gnu-tools-for-stm32.13.3.rel1.win32_1.0.0.202411081344/tools/bin/../lib/gcc/arm-none-eabi/13.3.1/thumb/v7e-m+fp/hard\libgcc.a
LOAD C:/ST/STM32CubeIDE_1.17.0/STM32CubeIDE/plugins/com.st.stm32cube.ide.mcu.externaltools.gnu-tools-for-stm32.13.3.rel1.win32_1.0.0.202411081344/tools/bin/../lib/gcc/arm-none-eabi/13.3.1/../../../../arm-none-eabi/lib/thumb/v7e-m+fp/hard\libc_nano.a
LOAD C:/ST/STM32CubeIDE_1.17.0/STM32CubeIDE/plugins/com.st.stm32cube.ide.mcu.externaltools.gnu-tools-for-stm32.13.3.rel1.win32_1.0.0.202411081344/tools/bin/../lib/gcc/arm-none-eabi/13.3.1/../../../../arm-none-eabi/lib/thumb/v7e-m+fp/hard\libnosys.a
END GROUP
LOAD C:/ST/STM32CubeIDE_1.17.0/STM32CubeIDE/plugins/com.st.stm32cube.ide.mcu.externaltools.gnu-tools-for-stm32.13.3.rel1.win32_1.0.0.202411081344/tools/bin/../lib/gcc/arm-none-eabi/13.3.1/thumb/v7e-m+fp/hard/crtend.o
LOAD C:/ST/STM32CubeIDE_1.17.0/STM32CubeIDE/plugins/com.st.stm32cube.ide.mcu.externaltools.gnu-tools-for-stm32.13.3.rel1.win32_1.0.0.202411081344/tools/bin/../lib/gcc/arm-none-eabi/13.3.1/thumb/v7e-m+fp/hard/crtn.o
                0x20040000                        _estack = (ORIGIN (RAM) + LENGTH (RAM))
                0x00000200                        _Min_Heap_Size = 0x200
                0x00000400                        _Min_Stack_Size = 0x400

.isr_vector     0x08000000      0x1ac
                0x08000000                        . = ALIGN (0x4)
 *(.isr_vector)
 .isr_vector    0x08000000      0x1ac ./Core/Startup/startup_stm32l496vgtx.o
                0x08000000                g_pfnVectors
                0x080001ac                        . = ALIGN (0x4)

.text           0x080001ac     0x559c
                0x080001ac                        . = ALIGN (0x4)
 *(.text)
 .text          0x080001ac       0x40 C:/ST/STM32CubeIDE_1.17.0/STM32CubeIDE/plugins/com.st.stm32cube.ide.mcu.externaltools.gnu-tools-for-stm32.13.3.rel1.win32_1.0.0.202411081344/tools/bin/../lib/gcc/arm-none-eabi/13.3.1/thumb/v7e-m+fp/hard/crtbegin.o
 *(.text*)
 .text.__NVIC_GetPriorityGrouping
                0x080001ec       0x1c ./Core/Src/main.o
 .text.__NVIC_EnableIRQ
                0x08000208       0x3c ./Core/Src/main.o
 .text.__NVIC_SetPriority
                0x08000244       0x54 ./Core/Src/main.o
 .text.NVIC_EncodePriority
                0x08000298       0x66 ./Core/Src/main.o
 *fill*         0x080002fe        0x2 
 .text.LL_ADC_DMA_GetRegAddr
                0x08000300       0x30 ./Core/Src/main.o
 .text.LL_ADC_SetCommonPathInternalCh
                0x08000330       0x26 ./Core/Src/main.o
 .text.LL_ADC_REG_SetSequencerRanks
                0x08000356       0x58 ./Core/Src/main.o
 .text.LL_ADC_SetChannelSamplingTime
                0x080003ae       0x56 ./Core/Src/main.o
 .text.LL_ADC_SetChannelSingleDiff
                0x08000404       0x48 ./Core/Src/main.o
 .text.LL_ADC_SetOverSamplingScope
                0x0800044c       0x2a ./Core/Src/main.o
 .text.LL_ADC_DisableDeepPowerDown
                0x08000476       0x24 ./Core/Src/main.o
 .text.LL_ADC_EnableInternalRegulator
                0x0800049a       0x28 ./Core/Src/main.o
 .text.LL_ADC_Enable
                0x080004c2       0x28 ./Core/Src/main.o
 .text.LL_ADC_REG_StartConversion
                0x080004ea       0x28 ./Core/Src/main.o
 *fill*         0x08000512        0x2 
 .text.LL_DMA_EnableChannel
                0x08000514       0x44 ./Core/Src/main.o
 .text.LL_DMA_SetDataTransferDirection
                0x08000558       0x50 ./Core/Src/main.o
 .text.LL_DMA_SetMode
                0x080005a8       0x4c ./Core/Src/main.o
 .text.LL_DMA_SetPeriphIncMode
                0x080005f4       0x4c ./Core/Src/main.o
 .text.LL_DMA_SetMemoryIncMode
                0x08000640       0x4c ./Core/Src/main.o
 .text.LL_DMA_SetPeriphSize
                0x0800068c       0x4c ./Core/Src/main.o
 .text.LL_DMA_SetMemorySize
                0x080006d8       0x4c ./Core/Src/main.o
 .text.LL_DMA_SetChannelPriorityLevel
                0x08000724       0x4c ./Core/Src/main.o
 .text.LL_DMA_SetDataLength
                0x08000770       0x4c ./Core/Src/main.o
 .text.LL_DMA_ConfigAddresses
                0x080007bc       0x7c ./Core/Src/main.o
 .text.LL_DMA_SetPeriphRequest
                0x08000838       0x6c ./Core/Src/main.o
 .text.LL_RCC_HSE_EnableCSS
                0x080008a4       0x20 ./Core/Src/main.o
 .text.LL_RCC_HSE_Enable
                0x080008c4       0x20 ./Core/Src/main.o
 .text.LL_RCC_HSE_IsReady
                0x080008e4       0x28 ./Core/Src/main.o
 .text.LL_RCC_HSI48_Enable
                0x0800090c       0x24 ./Core/Src/main.o
 .text.LL_RCC_HSI48_IsReady
                0x08000930       0x28 ./Core/Src/main.o
 .text.LL_RCC_LSE_Enable
                0x08000958       0x24 ./Core/Src/main.o
 .text.LL_RCC_LSE_SetDriveCapability
                0x0800097c       0x2c ./Core/Src/main.o
 .text.LL_RCC_LSE_EnableCSS
                0x080009a8       0x24 ./Core/Src/main.o
 .text.LL_RCC_LSE_IsReady
                0x080009cc       0x28 ./Core/Src/main.o
 .text.LL_RCC_SetSysClkSource
                0x080009f4       0x28 ./Core/Src/main.o
 .text.LL_RCC_GetSysClkSource
                0x08000a1c       0x1c ./Core/Src/main.o
 .text.LL_RCC_SetAHBPrescaler
                0x08000a38       0x28 ./Core/Src/main.o
 .text.LL_RCC_SetAPB1Prescaler
                0x08000a60       0x28 ./Core/Src/main.o
 .text.LL_RCC_SetAPB2Prescaler
                0x08000a88       0x28 ./Core/Src/main.o
 .text.LL_RCC_SetUSARTClockSource
                0x08000ab0       0x34 ./Core/Src/main.o
 .text.LL_RCC_SetUARTClockSource
                0x08000ae4       0x34 ./Core/Src/main.o
 .text.LL_RCC_SetUSBClockSource
                0x08000b18       0x2c ./Core/Src/main.o
 .text.LL_RCC_SetADCClockSource
                0x08000b44       0x2c ./Core/Src/main.o
 .text.LL_RCC_SetRTCClockSource
                0x08000b70       0x2c ./Core/Src/main.o
 .text.LL_RCC_GetRTCClockSource
                0x08000b9c       0x1c ./Core/Src/main.o
 .text.LL_RCC_EnableRTC
                0x08000bb8       0x24 ./Core/Src/main.o
 .text.LL_RCC_ForceBackupDomainReset
                0x08000bdc       0x24 ./Core/Src/main.o
 .text.LL_RCC_ReleaseBackupDomainReset
                0x08000c00       0x24 ./Core/Src/main.o
 .text.LL_RCC_PLL_Enable
                0x08000c24       0x20 ./Core/Src/main.o
 .text.LL_RCC_PLL_IsReady
                0x08000c44       0x28 ./Core/Src/main.o
 .text.LL_RCC_PLL_ConfigDomain_SYS
                0x08000c6c       0x40 ./Core/Src/main.o
 .text.LL_RCC_PLL_EnableDomain_SYS
                0x08000cac       0x20 ./Core/Src/main.o
 .text.LL_RCC_PLLSAI1_Enable
                0x08000ccc       0x20 ./Core/Src/main.o
 .text.LL_RCC_PLLSAI1_IsReady
                0x08000cec       0x28 ./Core/Src/main.o
 .text.LL_RCC_PLLSAI1_ConfigDomain_ADC
                0x08000d14       0x4c ./Core/Src/main.o
 .text.LL_RCC_PLLSAI1_EnableDomain_ADC
                0x08000d60       0x20 ./Core/Src/main.o
 .text.LL_AHB1_GRP1_EnableClock
                0x08000d80       0x30 ./Core/Src/main.o
 .text.LL_AHB2_GRP1_EnableClock
                0x08000db0       0x30 ./Core/Src/main.o
 .text.LL_APB1_GRP1_EnableClock
                0x08000de0       0x30 ./Core/Src/main.o
 .text.LL_APB1_GRP1_IsEnabledClock
                0x08000e10       0x2c ./Core/Src/main.o
 .text.LL_APB1_GRP1_DisableClock
                0x08000e3c       0x28 ./Core/Src/main.o
 .text.LL_APB2_GRP1_EnableClock
                0x08000e64       0x30 ./Core/Src/main.o
 .text.LL_FLASH_SetLatency
                0x08000e94       0x28 ./Core/Src/main.o
 .text.LL_FLASH_GetLatency
                0x08000ebc       0x1c ./Core/Src/main.o
 .text.LL_PWR_SetRegulVoltageScaling
                0x08000ed8       0x28 ./Core/Src/main.o
 .text.LL_PWR_EnableBkUpAccess
                0x08000f00       0x20 ./Core/Src/main.o
 .text.LL_PWR_IsEnabledBkUpAccess
                0x08000f20       0x28 ./Core/Src/main.o
 .text.LL_PWR_IsActiveFlag_VOS
                0x08000f48       0x28 ./Core/Src/main.o
 .text.LL_SPI_SetStandard
                0x08000f70       0x26 ./Core/Src/main.o
 .text.LL_SPI_EnableNSSPulseMgt
                0x08000f96       0x20 ./Core/Src/main.o
 .text.LL_TIM_DisableARRPreload
                0x08000fb6       0x20 ./Core/Src/main.o
 *fill*         0x08000fd6        0x2 
 .text.LL_TIM_OC_DisableFast
                0x08000fd8       0xa4 ./Core/Src/main.o
 .text.LL_TIM_OC_EnablePreload
                0x0800107c       0xa0 ./Core/Src/main.o
 .text.LL_TIM_DisableExternalClock
                0x0800111c       0x20 ./Core/Src/main.o
 .text.LL_TIM_SetTriggerOutput
                0x0800113c       0x26 ./Core/Src/main.o
 .text.LL_TIM_DisableMasterSlaveMode
                0x08001162       0x20 ./Core/Src/main.o
 .text.LL_TIM_ConfigETR
                0x08001182       0x32 ./Core/Src/main.o
 .text.LL_TIM_SetOCRefClearInputSource
                0x080011b4       0x26 ./Core/Src/main.o
 .text.LL_USART_Enable
                0x080011da       0x20 ./Core/Src/main.o
 .text.LL_USART_ConfigAsyncMode
                0x080011fa       0x2c ./Core/Src/main.o
 .text.LL_USART_EnableIT_RXNE
                0x08001226       0x42 ./Core/Src/main.o
 .text.LL_GPIO_ResetOutputPin
                0x08001268       0x1c ./Core/Src/main.o
 .text.main     0x08001284      0x1b8 ./Core/Src/main.o
                0x08001284                main
 .text.SystemClock_Config
                0x0800143c       0xd0 ./Core/Src/main.o
                0x0800143c                SystemClock_Config
 .text.PeriphCommonClock_Config
                0x0800150c       0x2e ./Core/Src/main.o
                0x0800150c                PeriphCommonClock_Config
 *fill*         0x0800153a        0x2 
 .text.MX_ADC1_Init
                0x0800153c      0x3e0 ./Core/Src/main.o
 .text.MX_ADC3_Init
                0x0800191c      0x254 ./Core/Src/main.o
 .text.MX_CAN1_Init
                0x08001b70       0x68 ./Core/Src/main.o
 .text.MX_CAN2_Init
                0x08001bd8       0x68 ./Core/Src/main.o
 .text.MX_I2C1_Init
                0x08001c40       0x80 ./Core/Src/main.o
 .text.MX_QUADSPI_Init
                0x08001cc0       0x58 ./Core/Src/main.o
 .text.MX_RTC_Init
                0x08001d18       0xb0 ./Core/Src/main.o
 .text.MX_SPI2_Init
                0x08001dc8       0xdc ./Core/Src/main.o
 .text.MX_TIM3_Init
                0x08001ea4      0x110 ./Core/Src/main.o
 .text.MX_TIM4_Init
                0x08001fb4      0x134 ./Core/Src/main.o
 .text.MX_UART4_Init
                0x080020e8       0xcc ./Core/Src/main.o
 .text.MX_USART1_UART_Init
                0x080021b4       0xf4 ./Core/Src/main.o
 .text.MX_USART2_UART_Init
                0x080022a8       0xc8 ./Core/Src/main.o
 .text.MX_USART3_UART_Init
                0x08002370       0xcc ./Core/Src/main.o
 .text.MX_USB_OTG_FS_USB_Init
                0x0800243c        0xe ./Core/Src/main.o
 .text.MX_DMA_Init
                0x0800244a       0x4e ./Core/Src/main.o
 .text.MX_GPIO_Init
                0x08002498      0x11c ./Core/Src/main.o
 .text.Error_Handler
                0x080025b4        0xc ./Core/Src/main.o
                0x080025b4                Error_Handler
 .text.LL_USART_IsActiveFlag_TXE
                0x080025c0       0x26 ./Core/Src/pmic_functions.o
 .text.LL_USART_TransmitData8
                0x080025e6       0x20 ./Core/Src/pmic_functions.o
 .text.LL_GPIO_SetOutputPin
                0x08002606       0x1c ./Core/Src/pmic_functions.o
 .text.LL_GPIO_ResetOutputPin
                0x08002622       0x1c ./Core/Src/pmic_functions.o
 .text.SRIC_2_PMIC_Check_CHKSUM
                0x0800263e       0x62 ./Core/Src/pmic_functions.o
                0x0800263e                SRIC_2_PMIC_Check_CHKSUM
 .text.SRIC_2_PMIC_Parsing
                0x080026a0       0x96 ./Core/Src/pmic_functions.o
                0x080026a0                SRIC_2_PMIC_Parsing
 .text.OBC_2_PMIC_Check_CHKSUM
                0x08002736       0x62 ./Core/Src/pmic_functions.o
                0x08002736                OBC_2_PMIC_Check_CHKSUM
 .text.OBC_2_PMIC_Parsing
                0x08002798       0x96 ./Core/Src/pmic_functions.o
                0x08002798                OBC_2_PMIC_Parsing
 *fill*         0x0800282e        0x2 
 .text.PMIC_CONFIG_SAT_POWER
                0x08002830      0x190 ./Core/Src/pmic_functions.o
                0x08002830                PMIC_CONFIG_SAT_POWER
 .text.SEND_DATA_UART
                0x080029c0       0x92 ./Core/Src/pmic_functions.o
                0x080029c0                SEND_DATA_UART
 *fill*         0x08002a52        0x2 
 .text.LL_RCC_SetI2CClockSource
                0x08002a54       0x50 ./Core/Src/stm32l4xx_hal_msp.o
 .text.HAL_MspInit
                0x08002aa4       0x48 ./Core/Src/stm32l4xx_hal_msp.o
                0x08002aa4                HAL_MspInit
 .text.HAL_CAN_MspInit
                0x08002aec      0x12c ./Core/Src/stm32l4xx_hal_msp.o
                0x08002aec                HAL_CAN_MspInit
 .text.HAL_I2C_MspInit
                0x08002c18       0x90 ./Core/Src/stm32l4xx_hal_msp.o
                0x08002c18                HAL_I2C_MspInit
 .text.HAL_QSPI_MspInit
                0x08002ca8       0x88 ./Core/Src/stm32l4xx_hal_msp.o
                0x08002ca8                HAL_QSPI_MspInit
 .text.LL_DMA_IsActiveFlag_TC1
                0x08002d30       0x26 ./Core/Src/stm32l4xx_it.o
 .text.LL_DMA_ClearFlag_TC1
                0x08002d56       0x1a ./Core/Src/stm32l4xx_it.o
 .text.LL_DMA_ClearFlag_TC3
                0x08002d70       0x1c ./Core/Src/stm32l4xx_it.o
 .text.LL_USART_IsActiveFlag_RXNE
                0x08002d8c       0x26 ./Core/Src/stm32l4xx_it.o
 .text.LL_USART_ReceiveData8
                0x08002db2       0x1c ./Core/Src/stm32l4xx_it.o
 .text.NMI_Handler
                0x08002dce        0x8 ./Core/Src/stm32l4xx_it.o
                0x08002dce                NMI_Handler
 .text.HardFault_Handler
                0x08002dd6        0x8 ./Core/Src/stm32l4xx_it.o
                0x08002dd6                HardFault_Handler
 .text.MemManage_Handler
                0x08002dde        0x8 ./Core/Src/stm32l4xx_it.o
                0x08002dde                MemManage_Handler
 .text.BusFault_Handler
                0x08002de6        0x8 ./Core/Src/stm32l4xx_it.o
                0x08002de6                BusFault_Handler
 .text.UsageFault_Handler
                0x08002dee        0x8 ./Core/Src/stm32l4xx_it.o
                0x08002dee                UsageFault_Handler
 .text.SVC_Handler
                0x08002df6        0xe ./Core/Src/stm32l4xx_it.o
                0x08002df6                SVC_Handler
 .text.DebugMon_Handler
                0x08002e04        0xe ./Core/Src/stm32l4xx_it.o
                0x08002e04                DebugMon_Handler
 .text.PendSV_Handler
                0x08002e12        0xe ./Core/Src/stm32l4xx_it.o
                0x08002e12                PendSV_Handler
 .text.SysTick_Handler
                0x08002e20        0xc ./Core/Src/stm32l4xx_it.o
                0x08002e20                SysTick_Handler
 .text.DMA1_Channel1_IRQHandler
                0x08002e2c       0x28 ./Core/Src/stm32l4xx_it.o
                0x08002e2c                DMA1_Channel1_IRQHandler
 .text.DMA1_Channel3_IRQHandler
                0x08002e54       0x28 ./Core/Src/stm32l4xx_it.o
                0x08002e54                DMA1_Channel3_IRQHandler
 .text.USART1_IRQHandler
                0x08002e7c       0x34 ./Core/Src/stm32l4xx_it.o
                0x08002e7c                USART1_IRQHandler
 .text.USART2_IRQHandler
                0x08002eb0       0xdc ./Core/Src/stm32l4xx_it.o
                0x08002eb0                USART2_IRQHandler
 .text.USART3_IRQHandler
                0x08002f8c       0xd8 ./Core/Src/stm32l4xx_it.o
                0x08002f8c                USART3_IRQHandler
 .text.UART4_IRQHandler
                0x08003064        0xe ./Core/Src/stm32l4xx_it.o
                0x08003064                UART4_IRQHandler
 *fill*         0x08003072        0x2 
 .text.SystemInit
                0x08003074       0x24 ./Core/Src/system_stm32l4xx.o
                0x08003074                SystemInit
 .text.Reset_Handler
                0x08003098       0x50 ./Core/Startup/startup_stm32l496vgtx.o
                0x08003098                Reset_Handler
 .text.Default_Handler
                0x080030e8        0x2 ./Core/Startup/startup_stm32l496vgtx.o
                0x080030e8                RTC_Alarm_IRQHandler
                0x080030e8                EXTI2_IRQHandler
                0x080030e8                TIM8_TRG_COM_IRQHandler
                0x080030e8                TIM8_CC_IRQHandler
                0x080030e8                TIM1_CC_IRQHandler
                0x080030e8                TSC_IRQHandler
                0x080030e8                TAMP_STAMP_IRQHandler
                0x080030e8                CAN2_RX1_IRQHandler
                0x080030e8                EXTI3_IRQHandler
                0x080030e8                LPTIM2_IRQHandler
                0x080030e8                DFSDM1_FLT1_IRQHandler
                0x080030e8                I2C3_ER_IRQHandler
                0x080030e8                DFSDM1_FLT2_IRQHandler
                0x080030e8                EXTI0_IRQHandler
                0x080030e8                I2C2_EV_IRQHandler
                0x080030e8                CAN1_RX0_IRQHandler
                0x080030e8                FPU_IRQHandler
                0x080030e8                TIM1_UP_TIM16_IRQHandler
                0x080030e8                CAN2_SCE_IRQHandler
                0x080030e8                ADC1_2_IRQHandler
                0x080030e8                SPI1_IRQHandler
                0x080030e8                TIM6_DAC_IRQHandler
                0x080030e8                DCMI_IRQHandler
                0x080030e8                CAN2_RX0_IRQHandler
                0x080030e8                TIM8_UP_IRQHandler
                0x080030e8                DMA2_Channel2_IRQHandler
                0x080030e8                DMA1_Channel4_IRQHandler
                0x080030e8                SAI2_IRQHandler
                0x080030e8                DFSDM1_FLT3_IRQHandler
                0x080030e8                DMA1_Channel7_IRQHandler
                0x080030e8                CAN1_RX1_IRQHandler
                0x080030e8                LCD_IRQHandler
                0x080030e8                UART5_IRQHandler
                0x080030e8                ADC3_IRQHandler
                0x080030e8                TIM4_IRQHandler
                0x080030e8                DMA2_Channel1_IRQHandler
                0x080030e8                QUADSPI_IRQHandler
                0x080030e8                I2C1_EV_IRQHandler
                0x080030e8                DMA1_Channel6_IRQHandler
                0x080030e8                DMA2_Channel4_IRQHandler
                0x080030e8                TIM3_IRQHandler
                0x080030e8                RCC_IRQHandler
                0x080030e8                Default_Handler
                0x080030e8                DMA2_Channel7_IRQHandler
                0x080030e8                EXTI15_10_IRQHandler
                0x080030e8                TIM7_IRQHandler
                0x080030e8                SDMMC1_IRQHandler
                0x080030e8                CAN2_TX_IRQHandler
                0x080030e8                TIM5_IRQHandler
                0x080030e8                I2C3_EV_IRQHandler
                0x080030e8                EXTI9_5_IRQHandler
                0x080030e8                RTC_WKUP_IRQHandler
                0x080030e8                PVD_PVM_IRQHandler
                0x080030e8                SPI2_IRQHandler
                0x080030e8                CAN1_TX_IRQHandler
                0x080030e8                DMA2_Channel5_IRQHandler
                0x080030e8                CRS_IRQHandler
                0x080030e8                DMA1_Channel5_IRQHandler
                0x080030e8                EXTI4_IRQHandler
                0x080030e8                RNG_IRQHandler
                0x080030e8                TIM1_TRG_COM_TIM17_IRQHandler
                0x080030e8                COMP_IRQHandler
                0x080030e8                WWDG_IRQHandler
                0x080030e8                I2C4_EV_IRQHandler
                0x080030e8                LPUART1_IRQHandler
                0x080030e8                DMA2_Channel6_IRQHandler
                0x080030e8                TIM2_IRQHandler
                0x080030e8                EXTI1_IRQHandler
                0x080030e8                DFSDM1_FLT0_IRQHandler
                0x080030e8                I2C2_ER_IRQHandler
                0x080030e8                DMA1_Channel2_IRQHandler
                0x080030e8                TIM8_BRK_IRQHandler
                0x080030e8                CAN1_SCE_IRQHandler
                0x080030e8                FLASH_IRQHandler
                0x080030e8                OTG_FS_IRQHandler
                0x080030e8                SPI3_IRQHandler
                0x080030e8                I2C1_ER_IRQHandler
                0x080030e8                FMC_IRQHandler
                0x080030e8                SWPMI1_IRQHandler
                0x080030e8                LPTIM1_IRQHandler
                0x080030e8                I2C4_ER_IRQHandler
                0x080030e8                SAI1_IRQHandler
                0x080030e8                DMA2_Channel3_IRQHandler
                0x080030e8                TIM1_BRK_TIM15_IRQHandler
 .text.HAL_Init
                0x080030ea       0x30 ./Drivers/STM32L4xx_HAL_Driver/Src/stm32l4xx_hal.o
                0x080030ea                HAL_Init
 *fill*         0x0800311a        0x2 
 .text.HAL_InitTick
                0x0800311c       0x78 ./Drivers/STM32L4xx_HAL_Driver/Src/stm32l4xx_hal.o
                0x0800311c                HAL_InitTick
 .text.HAL_IncTick
                0x08003194       0x28 ./Drivers/STM32L4xx_HAL_Driver/Src/stm32l4xx_hal.o
                0x08003194                HAL_IncTick
 .text.HAL_GetTick
                0x080031bc       0x18 ./Drivers/STM32L4xx_HAL_Driver/Src/stm32l4xx_hal.o
                0x080031bc                HAL_GetTick
 .text.HAL_CAN_Init
                0x080031d4      0x1f6 ./Drivers/STM32L4xx_HAL_Driver/Src/stm32l4xx_hal_can.o
                0x080031d4                HAL_CAN_Init
 *fill*         0x080033ca        0x2 
 .text.__NVIC_SetPriorityGrouping
                0x080033cc       0x48 ./Drivers/STM32L4xx_HAL_Driver/Src/stm32l4xx_hal_cortex.o
 .text.__NVIC_GetPriorityGrouping
                0x08003414       0x1c ./Drivers/STM32L4xx_HAL_Driver/Src/stm32l4xx_hal_cortex.o
 .text.__NVIC_SetPriority
                0x08003430       0x54 ./Drivers/STM32L4xx_HAL_Driver/Src/stm32l4xx_hal_cortex.o
 .text.NVIC_EncodePriority
                0x08003484       0x66 ./Drivers/STM32L4xx_HAL_Driver/Src/stm32l4xx_hal_cortex.o
 *fill*         0x080034ea        0x2 
 .text.SysTick_Config
                0x080034ec       0x44 ./Drivers/STM32L4xx_HAL_Driver/Src/stm32l4xx_hal_cortex.o
 .text.HAL_NVIC_SetPriorityGrouping
                0x08003530       0x16 ./Drivers/STM32L4xx_HAL_Driver/Src/stm32l4xx_hal_cortex.o
                0x08003530                HAL_NVIC_SetPriorityGrouping
 .text.HAL_NVIC_SetPriority
                0x08003546       0x38 ./Drivers/STM32L4xx_HAL_Driver/Src/stm32l4xx_hal_cortex.o
                0x08003546                HAL_NVIC_SetPriority
 .text.HAL_SYSTICK_Config
                0x0800357e       0x18 ./Drivers/STM32L4xx_HAL_Driver/Src/stm32l4xx_hal_cortex.o
                0x0800357e                HAL_SYSTICK_Config
 *fill*         0x08003596        0x2 
 .text.HAL_GPIO_Init
                0x08003598      0x324 ./Drivers/STM32L4xx_HAL_Driver/Src/stm32l4xx_hal_gpio.o
                0x08003598                HAL_GPIO_Init
 .text.HAL_I2C_Init
                0x080038bc      0x136 ./Drivers/STM32L4xx_HAL_Driver/Src/stm32l4xx_hal_i2c.o
                0x080038bc                HAL_I2C_Init
 .text.HAL_I2CEx_ConfigAnalogFilter
                0x080039f2       0x96 ./Drivers/STM32L4xx_HAL_Driver/Src/stm32l4xx_hal_i2c_ex.o
                0x080039f2                HAL_I2CEx_ConfigAnalogFilter
 .text.HAL_I2CEx_ConfigDigitalFilter
                0x08003a88       0x98 ./Drivers/STM32L4xx_HAL_Driver/Src/stm32l4xx_hal_i2c_ex.o
                0x08003a88                HAL_I2CEx_ConfigDigitalFilter
 .text.HAL_QSPI_Init
                0x08003b20       0xf8 ./Drivers/STM32L4xx_HAL_Driver/Src/stm32l4xx_hal_qspi.o
                0x08003b20                HAL_QSPI_Init
 .text.HAL_QSPI_SetTimeout
                0x08003c18       0x1c ./Drivers/STM32L4xx_HAL_Driver/Src/stm32l4xx_hal_qspi.o
                0x08003c18                HAL_QSPI_SetTimeout
 .text.QSPI_WaitFlagStateUntilTimeout
                0x08003c34       0x6e ./Drivers/STM32L4xx_HAL_Driver/Src/stm32l4xx_hal_qspi.o
 .text.LL_ADC_REG_SetSequencerLength
                0x08003ca2       0x26 ./Drivers/STM32L4xx_HAL_Driver/Src/stm32l4xx_ll_adc.o
 .text.LL_ADC_IsEnabled
                0x08003cc8       0x26 ./Drivers/STM32L4xx_HAL_Driver/Src/stm32l4xx_ll_adc.o
 *fill*         0x08003cee        0x2 
 .text.LL_ADC_CommonInit
                0x08003cf0       0x90 ./Drivers/STM32L4xx_HAL_Driver/Src/stm32l4xx_ll_adc.o
                0x08003cf0                LL_ADC_CommonInit
 .text.LL_ADC_Init
                0x08003d80       0x4c ./Drivers/STM32L4xx_HAL_Driver/Src/stm32l4xx_ll_adc.o
                0x08003d80                LL_ADC_Init
 .text.LL_ADC_REG_Init
                0x08003dcc       0x94 ./Drivers/STM32L4xx_HAL_Driver/Src/stm32l4xx_ll_adc.o
                0x08003dcc                LL_ADC_REG_Init
 .text.LL_GPIO_SetPinMode
                0x08003e60       0x7a ./Drivers/STM32L4xx_HAL_Driver/Src/stm32l4xx_ll_gpio.o
 .text.LL_GPIO_SetPinOutputType
                0x08003eda       0x30 ./Drivers/STM32L4xx_HAL_Driver/Src/stm32l4xx_ll_gpio.o
 .text.LL_GPIO_SetPinSpeed
                0x08003f0a       0x7a ./Drivers/STM32L4xx_HAL_Driver/Src/stm32l4xx_ll_gpio.o
 .text.LL_GPIO_SetPinPull
                0x08003f84       0x7a ./Drivers/STM32L4xx_HAL_Driver/Src/stm32l4xx_ll_gpio.o
 .text.LL_GPIO_SetAFPin_0_7
                0x08003ffe       0x7a ./Drivers/STM32L4xx_HAL_Driver/Src/stm32l4xx_ll_gpio.o
 .text.LL_GPIO_SetAFPin_8_15
                0x08004078       0x7e ./Drivers/STM32L4xx_HAL_Driver/Src/stm32l4xx_ll_gpio.o
 .text.LL_GPIO_Init
                0x080040f6       0xdc ./Drivers/STM32L4xx_HAL_Driver/Src/stm32l4xx_ll_gpio.o
                0x080040f6                LL_GPIO_Init
 *fill*         0x080041d2        0x2 
 .text.LL_RCC_HSI_IsReady
                0x080041d4       0x28 ./Drivers/STM32L4xx_HAL_Driver/Src/stm32l4xx_ll_rcc.o
 .text.LL_RCC_LSE_IsReady
                0x080041fc       0x28 ./Drivers/STM32L4xx_HAL_Driver/Src/stm32l4xx_ll_rcc.o
 .text.LL_RCC_MSI_IsEnabledRangeSelect
                0x08004224       0x24 ./Drivers/STM32L4xx_HAL_Driver/Src/stm32l4xx_ll_rcc.o
 .text.LL_RCC_MSI_GetRange
                0x08004248       0x1c ./Drivers/STM32L4xx_HAL_Driver/Src/stm32l4xx_ll_rcc.o
 .text.LL_RCC_MSI_GetRangeAfterStandby
                0x08004264       0x1c ./Drivers/STM32L4xx_HAL_Driver/Src/stm32l4xx_ll_rcc.o
 .text.LL_RCC_GetSysClkSource
                0x08004280       0x1c ./Drivers/STM32L4xx_HAL_Driver/Src/stm32l4xx_ll_rcc.o
 .text.LL_RCC_GetAHBPrescaler
                0x0800429c       0x1c ./Drivers/STM32L4xx_HAL_Driver/Src/stm32l4xx_ll_rcc.o
 .text.LL_RCC_GetAPB1Prescaler
                0x080042b8       0x1c ./Drivers/STM32L4xx_HAL_Driver/Src/stm32l4xx_ll_rcc.o
 .text.LL_RCC_GetAPB2Prescaler
                0x080042d4       0x1c ./Drivers/STM32L4xx_HAL_Driver/Src/stm32l4xx_ll_rcc.o
 .text.LL_RCC_GetUSARTClockSource
                0x080042f0       0x28 ./Drivers/STM32L4xx_HAL_Driver/Src/stm32l4xx_ll_rcc.o
 .text.LL_RCC_GetUARTClockSource
                0x08004318       0x28 ./Drivers/STM32L4xx_HAL_Driver/Src/stm32l4xx_ll_rcc.o
 .text.LL_RCC_PLL_GetMainSource
                0x08004340       0x1c ./Drivers/STM32L4xx_HAL_Driver/Src/stm32l4xx_ll_rcc.o
 .text.LL_RCC_PLL_GetN
                0x0800435c       0x1c ./Drivers/STM32L4xx_HAL_Driver/Src/stm32l4xx_ll_rcc.o
 .text.LL_RCC_PLL_GetR
                0x08004378       0x1c ./Drivers/STM32L4xx_HAL_Driver/Src/stm32l4xx_ll_rcc.o
 .text.LL_RCC_PLL_GetDivider
                0x08004394       0x1c ./Drivers/STM32L4xx_HAL_Driver/Src/stm32l4xx_ll_rcc.o
 .text.LL_RCC_GetUSARTClockFreq
                0x080043b0      0x1c4 ./Drivers/STM32L4xx_HAL_Driver/Src/stm32l4xx_ll_rcc.o
                0x080043b0                LL_RCC_GetUSARTClockFreq
 .text.LL_RCC_GetUARTClockFreq
                0x08004574      0x128 ./Drivers/STM32L4xx_HAL_Driver/Src/stm32l4xx_ll_rcc.o
                0x08004574                LL_RCC_GetUARTClockFreq
 .text.RCC_GetSystemClockFreq
                0x0800469c      0x11c ./Drivers/STM32L4xx_HAL_Driver/Src/stm32l4xx_ll_rcc.o
 .text.RCC_GetHCLKClockFreq
                0x080047b8       0x2c ./Drivers/STM32L4xx_HAL_Driver/Src/stm32l4xx_ll_rcc.o
 .text.RCC_GetPCLK1ClockFreq
                0x080047e4       0x28 ./Drivers/STM32L4xx_HAL_Driver/Src/stm32l4xx_ll_rcc.o
 .text.RCC_GetPCLK2ClockFreq
                0x0800480c       0x28 ./Drivers/STM32L4xx_HAL_Driver/Src/stm32l4xx_ll_rcc.o
 .text.RCC_PLL_GetFreqDomain_SYS
                0x08004834      0x114 ./Drivers/STM32L4xx_HAL_Driver/Src/stm32l4xx_ll_rcc.o
 .text.LL_RTC_SetHourFormat
                0x08004948       0x26 ./Drivers/STM32L4xx_HAL_Driver/Src/stm32l4xx_ll_rtc.o
 .text.LL_RTC_EnableInitMode
                0x0800496e       0x1c ./Drivers/STM32L4xx_HAL_Driver/Src/stm32l4xx_ll_rtc.o
 .text.LL_RTC_DisableInitMode
                0x0800498a       0x1c ./Drivers/STM32L4xx_HAL_Driver/Src/stm32l4xx_ll_rtc.o
 .text.LL_RTC_SetAsynchPrescaler
                0x080049a6       0x28 ./Drivers/STM32L4xx_HAL_Driver/Src/stm32l4xx_ll_rtc.o
 .text.LL_RTC_SetSynchPrescaler
                0x080049ce       0x2a ./Drivers/STM32L4xx_HAL_Driver/Src/stm32l4xx_ll_rtc.o
 .text.LL_RTC_EnableWriteProtection
                0x080049f8       0x1a ./Drivers/STM32L4xx_HAL_Driver/Src/stm32l4xx_ll_rtc.o
 .text.LL_RTC_DisableWriteProtection
                0x08004a12       0x20 ./Drivers/STM32L4xx_HAL_Driver/Src/stm32l4xx_ll_rtc.o
 .text.LL_RTC_IsActiveFlag_INIT
                0x08004a32       0x26 ./Drivers/STM32L4xx_HAL_Driver/Src/stm32l4xx_ll_rtc.o
 .text.LL_SYSTICK_IsActiveCounterFlag
                0x08004a58       0x28 ./Drivers/STM32L4xx_HAL_Driver/Src/stm32l4xx_ll_rtc.o
 .text.LL_RTC_Init
                0x08004a80       0x5e ./Drivers/STM32L4xx_HAL_Driver/Src/stm32l4xx_ll_rtc.o
                0x08004a80                LL_RTC_Init
 .text.LL_RTC_EnterInitMode
                0x08004ade       0x66 ./Drivers/STM32L4xx_HAL_Driver/Src/stm32l4xx_ll_rtc.o
                0x08004ade                LL_RTC_EnterInitMode
 .text.LL_SPI_IsEnabled
                0x08004b44       0x26 ./Drivers/STM32L4xx_HAL_Driver/Src/stm32l4xx_ll_spi.o
 .text.LL_SPI_SetRxFIFOThreshold
                0x08004b6a       0x26 ./Drivers/STM32L4xx_HAL_Driver/Src/stm32l4xx_ll_spi.o
 .text.LL_SPI_SetCRCPolynomial
                0x08004b90       0x20 ./Drivers/STM32L4xx_HAL_Driver/Src/stm32l4xx_ll_spi.o
 .text.LL_SPI_Init
                0x08004bb0       0xb0 ./Drivers/STM32L4xx_HAL_Driver/Src/stm32l4xx_ll_spi.o
                0x08004bb0                LL_SPI_Init
 .text.LL_TIM_SetPrescaler
                0x08004c60       0x1c ./Drivers/STM32L4xx_HAL_Driver/Src/stm32l4xx_ll_tim.o
 .text.LL_TIM_SetAutoReload
                0x08004c7c       0x1c ./Drivers/STM32L4xx_HAL_Driver/Src/stm32l4xx_ll_tim.o
 .text.LL_TIM_SetRepetitionCounter
                0x08004c98       0x1c ./Drivers/STM32L4xx_HAL_Driver/Src/stm32l4xx_ll_tim.o
 .text.LL_TIM_OC_SetCompareCH1
                0x08004cb4       0x1c ./Drivers/STM32L4xx_HAL_Driver/Src/stm32l4xx_ll_tim.o
 .text.LL_TIM_OC_SetCompareCH2
                0x08004cd0       0x1c ./Drivers/STM32L4xx_HAL_Driver/Src/stm32l4xx_ll_tim.o
 .text.LL_TIM_OC_SetCompareCH3
                0x08004cec       0x1c ./Drivers/STM32L4xx_HAL_Driver/Src/stm32l4xx_ll_tim.o
 .text.LL_TIM_OC_SetCompareCH4
                0x08004d08       0x1c ./Drivers/STM32L4xx_HAL_Driver/Src/stm32l4xx_ll_tim.o
 .text.LL_TIM_OC_SetCompareCH5
                0x08004d24       0x20 ./Drivers/STM32L4xx_HAL_Driver/Src/stm32l4xx_ll_tim.o
 .text.LL_TIM_OC_SetCompareCH6
                0x08004d44       0x1c ./Drivers/STM32L4xx_HAL_Driver/Src/stm32l4xx_ll_tim.o
 .text.LL_TIM_GenerateEvent_UPDATE
                0x08004d60       0x20 ./Drivers/STM32L4xx_HAL_Driver/Src/stm32l4xx_ll_tim.o
 .text.LL_TIM_Init
                0x08004d80      0x128 ./Drivers/STM32L4xx_HAL_Driver/Src/stm32l4xx_ll_tim.o
                0x08004d80                LL_TIM_Init
 .text.LL_TIM_OC_Init
                0x08004ea8       0xbe ./Drivers/STM32L4xx_HAL_Driver/Src/stm32l4xx_ll_tim.o
                0x08004ea8                LL_TIM_OC_Init
 *fill*         0x08004f66        0x2 
 .text.OC1Config
                0x08004f68      0x100 ./Drivers/STM32L4xx_HAL_Driver/Src/stm32l4xx_ll_tim.o
 .text.OC2Config
                0x08005068      0x108 ./Drivers/STM32L4xx_HAL_Driver/Src/stm32l4xx_ll_tim.o
 .text.OC3Config
                0x08005170      0x108 ./Drivers/STM32L4xx_HAL_Driver/Src/stm32l4xx_ll_tim.o
 .text.OC4Config
                0x08005278       0xd8 ./Drivers/STM32L4xx_HAL_Driver/Src/stm32l4xx_ll_tim.o
 .text.OC5Config
                0x08005350       0xc8 ./Drivers/STM32L4xx_HAL_Driver/Src/stm32l4xx_ll_tim.o
 .text.OC6Config
                0x08005418       0xc8 ./Drivers/STM32L4xx_HAL_Driver/Src/stm32l4xx_ll_tim.o
 .text.LL_USART_IsEnabled
                0x080054e0       0x26 ./Drivers/STM32L4xx_HAL_Driver/Src/stm32l4xx_ll_usart.o
 .text.LL_USART_SetStopBitsLength
                0x08005506       0x26 ./Drivers/STM32L4xx_HAL_Driver/Src/stm32l4xx_ll_usart.o
 .text.LL_USART_SetHWFlowCtrl
                0x0800552c       0x26 ./Drivers/STM32L4xx_HAL_Driver/Src/stm32l4xx_ll_usart.o
 .text.LL_USART_SetBaudRate
                0x08005552       0x6e ./Drivers/STM32L4xx_HAL_Driver/Src/stm32l4xx_ll_usart.o
 .text.LL_USART_Init
                0x080055c0       0xf8 ./Drivers/STM32L4xx_HAL_Driver/Src/stm32l4xx_ll_usart.o
                0x080055c0                LL_USART_Init
 .text.LL_SetSystemCoreClock
                0x080056b8       0x20 ./Drivers/STM32L4xx_HAL_Driver/Src/stm32l4xx_ll_utils.o
                0x080056b8                LL_SetSystemCoreClock
 .text.memset   0x080056d8       0x10 C:/ST/STM32CubeIDE_1.17.0/STM32CubeIDE/plugins/com.st.stm32cube.ide.mcu.externaltools.gnu-tools-for-stm32.13.3.rel1.win32_1.0.0.202411081344/tools/bin/../lib/gcc/arm-none-eabi/13.3.1/../../../../arm-none-eabi/lib/thumb/v7e-m+fp/hard\libc_nano.a(libc_a-memset.o)
                0x080056d8                memset
 .text.__libc_init_array
                0x080056e8       0x48 C:/ST/STM32CubeIDE_1.17.0/STM32CubeIDE/plugins/com.st.stm32cube.ide.mcu.externaltools.gnu-tools-for-stm32.13.3.rel1.win32_1.0.0.202411081344/tools/bin/../lib/gcc/arm-none-eabi/13.3.1/../../../../arm-none-eabi/lib/thumb/v7e-m+fp/hard\libc_nano.a(libc_a-init.o)
                0x080056e8                __libc_init_array
 *(.glue_7)
 .glue_7        0x08005730        0x0 linker stubs
 *(.glue_7t)
 .glue_7t       0x08005730        0x0 linker stubs
 *(.eh_frame)
 .eh_frame      0x08005730        0x0 C:/ST/STM32CubeIDE_1.17.0/STM32CubeIDE/plugins/com.st.stm32cube.ide.mcu.externaltools.gnu-tools-for-stm32.13.3.rel1.win32_1.0.0.202411081344/tools/bin/../lib/gcc/arm-none-eabi/13.3.1/thumb/v7e-m+fp/hard/crtbegin.o
 *(.init)
 .init          0x08005730        0x4 C:/ST/STM32CubeIDE_1.17.0/STM32CubeIDE/plugins/com.st.stm32cube.ide.mcu.externaltools.gnu-tools-for-stm32.13.3.rel1.win32_1.0.0.202411081344/tools/bin/../lib/gcc/arm-none-eabi/13.3.1/thumb/v7e-m+fp/hard/crti.o
                0x08005730                _init
 .init          0x08005734        0x8 C:/ST/STM32CubeIDE_1.17.0/STM32CubeIDE/plugins/com.st.stm32cube.ide.mcu.externaltools.gnu-tools-for-stm32.13.3.rel1.win32_1.0.0.202411081344/tools/bin/../lib/gcc/arm-none-eabi/13.3.1/thumb/v7e-m+fp/hard/crtn.o
 *(.fini)
 .fini          0x0800573c        0x4 C:/ST/STM32CubeIDE_1.17.0/STM32CubeIDE/plugins/com.st.stm32cube.ide.mcu.externaltools.gnu-tools-for-stm32.13.3.rel1.win32_1.0.0.202411081344/tools/bin/../lib/gcc/arm-none-eabi/13.3.1/thumb/v7e-m+fp/hard/crti.o
                0x0800573c                _fini
 .fini          0x08005740        0x8 C:/ST/STM32CubeIDE_1.17.0/STM32CubeIDE/plugins/com.st.stm32cube.ide.mcu.externaltools.gnu-tools-for-stm32.13.3.rel1.win32_1.0.0.202411081344/tools/bin/../lib/gcc/arm-none-eabi/13.3.1/thumb/v7e-m+fp/hard/crtn.o
                0x08005748                        . = ALIGN (0x4)
                0x08005748                        _etext = .

.vfp11_veneer   0x08005748        0x0
 .vfp11_veneer  0x08005748        0x0 linker stubs

.v4_bx          0x08005748        0x0
 .v4_bx         0x08005748        0x0 linker stubs

.iplt           0x08005748        0x0
 .iplt          0x08005748        0x0 C:/ST/STM32CubeIDE_1.17.0/STM32CubeIDE/plugins/com.st.stm32cube.ide.mcu.externaltools.gnu-tools-for-stm32.13.3.rel1.win32_1.0.0.202411081344/tools/bin/../lib/gcc/arm-none-eabi/13.3.1/thumb/v7e-m+fp/hard/crtbegin.o

.rodata         0x08005748       0x68
                0x08005748                        . = ALIGN (0x4)
 *(.rodata)
 *(.rodata*)
 .rodata.CHANNEL_OFFSET_TAB
                0x08005748        0x7 ./Core/Src/main.o
 *fill*         0x0800574f        0x1 
 .rodata.OFFSET_TAB_CCMRx
                0x08005750        0x9 ./Core/Src/main.o
 *fill*         0x08005759        0x3 
 .rodata.SHIFT_TAB_OCxx
                0x0800575c        0x9 ./Core/Src/main.o
 *fill*         0x08005765        0x3 
 .rodata.AHBPrescTable
                0x08005768       0x10 ./Core/Src/system_stm32l4xx.o
                0x08005768                AHBPrescTable
 .rodata.APBPrescTable
                0x08005778        0x8 ./Core/Src/system_stm32l4xx.o
                0x08005778                APBPrescTable
 .rodata.MSIRangeTable
                0x08005780       0x30 ./Core/Src/system_stm32l4xx.o
                0x08005780                MSIRangeTable
                0x080057b0                        . = ALIGN (0x4)

.ARM.extab      0x080057b0        0x0
                0x080057b0                        . = ALIGN (0x4)
 *(.ARM.extab* .gnu.linkonce.armextab.*)
                0x080057b0                        . = ALIGN (0x4)

.ARM            0x080057b0        0x0
                0x080057b0                        . = ALIGN (0x4)
                0x080057b0                        __exidx_start = .
 *(.ARM.exidx*)
                0x080057b0                        __exidx_end = .
                0x080057b0                        . = ALIGN (0x4)

.preinit_array  0x080057b0        0x0
                0x080057b0                        . = ALIGN (0x4)
                0x080057b0                        PROVIDE (__preinit_array_start = .)
 *(.preinit_array*)
                0x080057b0                        PROVIDE (__preinit_array_end = .)
                0x080057b0                        . = ALIGN (0x4)

.init_array     0x080057b0        0x4
                0x080057b0                        . = ALIGN (0x4)
                0x080057b0                        PROVIDE (__init_array_start = .)
 *(SORT_BY_NAME(.init_array.*))
 *(.init_array*)
 .init_array    0x080057b0        0x4 C:/ST/STM32CubeIDE_1.17.0/STM32CubeIDE/plugins/com.st.stm32cube.ide.mcu.externaltools.gnu-tools-for-stm32.13.3.rel1.win32_1.0.0.202411081344/tools/bin/../lib/gcc/arm-none-eabi/13.3.1/thumb/v7e-m+fp/hard/crtbegin.o
                0x080057b4                        PROVIDE (__init_array_end = .)
                0x080057b4                        . = ALIGN (0x4)

.fini_array     0x080057b4        0x4
                0x080057b4                        . = ALIGN (0x4)
                [!provide]                        PROVIDE (__fini_array_start = .)
 *(SORT_BY_NAME(.fini_array.*))
 *(.fini_array*)
 .fini_array    0x080057b4        0x4 C:/ST/STM32CubeIDE_1.17.0/STM32CubeIDE/plugins/com.st.stm32cube.ide.mcu.externaltools.gnu-tools-for-stm32.13.3.rel1.win32_1.0.0.202411081344/tools/bin/../lib/gcc/arm-none-eabi/13.3.1/thumb/v7e-m+fp/hard/crtbegin.o
                [!provide]                        PROVIDE (__fini_array_end = .)
                0x080057b8                        . = ALIGN (0x4)
                0x080057b8                        _sidata = LOADADDR (.data)

.rel.dyn        0x080057b8        0x0
 .rel.iplt      0x080057b8        0x0 C:/ST/STM32CubeIDE_1.17.0/STM32CubeIDE/plugins/com.st.stm32cube.ide.mcu.externaltools.gnu-tools-for-stm32.13.3.rel1.win32_1.0.0.202411081344/tools/bin/../lib/gcc/arm-none-eabi/13.3.1/thumb/v7e-m+fp/hard/crtbegin.o

.data           0x20000000        0xc load address 0x080057b8
                0x20000000                        . = ALIGN (0x4)
                0x20000000                        _sdata = .
 *(.data)
 *(.data*)
 .data.SystemCoreClock
                0x20000000        0x4 ./Core/Src/system_stm32l4xx.o
                0x20000000                SystemCoreClock
 .data.uwTickPrio
                0x20000004        0x4 ./Drivers/STM32L4xx_HAL_Driver/Src/stm32l4xx_hal.o
                0x20000004                uwTickPrio
 .data.uwTickFreq
                0x20000008        0x1 ./Drivers/STM32L4xx_HAL_Driver/Src/stm32l4xx_hal.o
                0x20000008                uwTickFreq
 *(.RamFunc)
 *(.RamFunc*)
                0x2000000c                        . = ALIGN (0x4)
 *fill*         0x20000009        0x3 
                0x2000000c                        _edata = .

.igot.plt       0x2000000c        0x0 load address 0x080057c4
 .igot.plt      0x2000000c        0x0 C:/ST/STM32CubeIDE_1.17.0/STM32CubeIDE/plugins/com.st.stm32cube.ide.mcu.externaltools.gnu-tools-for-stm32.13.3.rel1.win32_1.0.0.202411081344/tools/bin/../lib/gcc/arm-none-eabi/13.3.1/thumb/v7e-m+fp/hard/crtbegin.o
                0x2000000c                        . = ALIGN (0x4)

.bss            0x2000000c      0x1c4 load address 0x080057c4
                0x2000000c                        _sbss = .
                0x2000000c                        __bss_start__ = _sbss
 *(.bss)
 .bss           0x2000000c       0x1c C:/ST/STM32CubeIDE_1.17.0/STM32CubeIDE/plugins/com.st.stm32cube.ide.mcu.externaltools.gnu-tools-for-stm32.13.3.rel1.win32_1.0.0.202411081344/tools/bin/../lib/gcc/arm-none-eabi/13.3.1/thumb/v7e-m+fp/hard/crtbegin.o
 *(.bss*)
 .bss.hcan1     0x20000028       0x28 ./Core/Src/main.o
                0x20000028                hcan1
 .bss.hcan2     0x20000050       0x28 ./Core/Src/main.o
                0x20000050                hcan2
 .bss.hi2c1     0x20000078       0x54 ./Core/Src/main.o
                0x20000078                hi2c1
 .bss.hqspi     0x200000cc       0x4c ./Core/Src/main.o
                0x200000cc                hqspi
 .bss.flagDMATC1
                0x20000118        0x1 ./Core/Src/main.o
                0x20000118                flagDMATC1
 .bss.flagDMATC3
                0x20000119        0x1 ./Core/Src/main.o
                0x20000119                flagDMATC3
 *fill*         0x2000011a        0x2 
 .bss.adc1_Val  0x2000011c       0x1e ./Core/Src/main.o
                0x2000011c                adc1_Val
 *fill*         0x2000013a        0x2 
 .bss.adc3_Val  0x2000013c        0xc ./Core/Src/main.o
                0x2000013c                adc3_Val
 .bss.pmic_2_sric_tx_buffer
                0x20000148       0x14 ./Core/Src/main.o
                0x20000148                pmic_2_sric_tx_buffer
 .bss.pmic_2_obc_tx_buffer
                0x2000015c       0x14 ./Core/Src/main.o
                0x2000015c                pmic_2_obc_tx_buffer
 .bss.sr2pm     0x20000170       0x10 ./Core/Src/pmic_functions.o
                0x20000170                sr2pm
 .bss.obc2pm    0x20000180       0x10 ./Core/Src/pmic_functions.o
                0x20000180                obc2pm
 .bss.HAL_RCC_CAN1_CLK_ENABLED
                0x20000190        0x4 ./Core/Src/stm32l4xx_hal_msp.o
 .bss.usart1_rx_flag
                0x20000194        0x1 ./Core/Src/stm32l4xx_it.o
                0x20000194                usart1_rx_flag
 .bss.usart1_rx_data
                0x20000195        0x1 ./Core/Src/stm32l4xx_it.o
                0x20000195                usart1_rx_data
 .bss.usart2_rx_flag
                0x20000196        0x1 ./Core/Src/stm32l4xx_it.o
                0x20000196                usart2_rx_flag
 .bss.usart2_rx_data
                0x20000197        0x1 ./Core/Src/stm32l4xx_it.o
                0x20000197                usart2_rx_data
 .bss.usart3_rx_flag
                0x20000198        0x1 ./Core/Src/stm32l4xx_it.o
                0x20000198                usart3_rx_flag
 .bss.usart3_rx_data
                0x20000199        0x1 ./Core/Src/stm32l4xx_it.o
                0x20000199                usart3_rx_data
 *fill*         0x2000019a        0x2 
 .bss.sric_2_pmic_rx_buffer
                0x2000019c       0x14 ./Core/Src/stm32l4xx_it.o
                0x2000019c                sric_2_pmic_rx_buffer
 .bss.sric_2_pmic_rx_complete_flag
                0x200001b0        0x1 ./Core/Src/stm32l4xx_it.o
                0x200001b0                sric_2_pmic_rx_complete_flag
 *fill*         0x200001b1        0x3 
 .bss.obc_2_pmic_rx_buffer
                0x200001b4       0x14 ./Core/Src/stm32l4xx_it.o
                0x200001b4                obc_2_pmic_rx_buffer
 .bss.obc_2_pmic_rx_complete_flag
                0x200001c8        0x1 ./Core/Src/stm32l4xx_it.o
                0x200001c8                obc_2_pmic_rx_complete_flag
 .bss.cnt.1     0x200001c9        0x1 ./Core/Src/stm32l4xx_it.o
 .bss.cnt.0     0x200001ca        0x1 ./Core/Src/stm32l4xx_it.o
 *fill*         0x200001cb        0x1 
 .bss.uwTick    0x200001cc        0x4 ./Drivers/STM32L4xx_HAL_Driver/Src/stm32l4xx_hal.o
                0x200001cc                uwTick
 *(COMMON)
                0x200001d0                        . = ALIGN (0x4)
                0x200001d0                        _ebss = .
                0x200001d0                        __bss_end__ = _ebss

._user_heap_stack
                0x200001d0      0x600 load address 0x080057c4
                0x200001d0                        . = ALIGN (0x8)
                [!provide]                        PROVIDE (end = .)
                0x200001d0                        PROVIDE (_end = .)
                0x200003d0                        . = (. + _Min_Heap_Size)
 *fill*         0x200001d0      0x200 
                0x200007d0                        . = (. + _Min_Stack_Size)
 *fill*         0x200003d0      0x400 
                0x200007d0                        . = ALIGN (0x8)

/DISCARD/
 libc.a(*)
 libm.a(*)
 libgcc.a(*)

.ARM.attributes
                0x00000000       0x30
 *(.ARM.attributes)
 .ARM.attributes
                0x00000000       0x22 C:/ST/STM32CubeIDE_1.17.0/STM32CubeIDE/plugins/com.st.stm32cube.ide.mcu.externaltools.gnu-tools-for-stm32.13.3.rel1.win32_1.0.0.202411081344/tools/bin/../lib/gcc/arm-none-eabi/13.3.1/thumb/v7e-m+fp/hard/crti.o
 .ARM.attributes
                0x00000022       0x34 C:/ST/STM32CubeIDE_1.17.0/STM32CubeIDE/plugins/com.st.stm32cube.ide.mcu.externaltools.gnu-tools-for-stm32.13.3.rel1.win32_1.0.0.202411081344/tools/bin/../lib/gcc/arm-none-eabi/13.3.1/thumb/v7e-m+fp/hard/crtbegin.o
 .ARM.attributes
                0x00000056       0x34 ./Core/Src/main.o
 .ARM.attributes
                0x0000008a       0x34 ./Core/Src/pmic_functions.o
 .ARM.attributes
                0x000000be       0x34 ./Core/Src/stm32l4xx_hal_msp.o
 .ARM.attributes
                0x000000f2       0x34 ./Core/Src/stm32l4xx_it.o
 .ARM.attributes
                0x00000126       0x34 ./Core/Src/system_stm32l4xx.o
 .ARM.attributes
                0x0000015a       0x21 ./Core/Startup/startup_stm32l496vgtx.o
 .ARM.attributes
                0x0000017b       0x34 ./Drivers/STM32L4xx_HAL_Driver/Src/stm32l4xx_hal.o
 .ARM.attributes
                0x000001af       0x34 ./Drivers/STM32L4xx_HAL_Driver/Src/stm32l4xx_hal_can.o
 .ARM.attributes
                0x000001e3       0x34 ./Drivers/STM32L4xx_HAL_Driver/Src/stm32l4xx_hal_cortex.o
 .ARM.attributes
                0x00000217       0x34 ./Drivers/STM32L4xx_HAL_Driver/Src/stm32l4xx_hal_gpio.o
 .ARM.attributes
                0x0000024b       0x34 ./Drivers/STM32L4xx_HAL_Driver/Src/stm32l4xx_hal_i2c.o
 .ARM.attributes
                0x0000027f       0x34 ./Drivers/STM32L4xx_HAL_Driver/Src/stm32l4xx_hal_i2c_ex.o
 .ARM.attributes
                0x000002b3       0x34 ./Drivers/STM32L4xx_HAL_Driver/Src/stm32l4xx_hal_qspi.o
 .ARM.attributes
                0x000002e7       0x34 ./Drivers/STM32L4xx_HAL_Driver/Src/stm32l4xx_ll_adc.o
 .ARM.attributes
                0x0000031b       0x34 ./Drivers/STM32L4xx_HAL_Driver/Src/stm32l4xx_ll_gpio.o
 .ARM.attributes
                0x0000034f       0x34 ./Drivers/STM32L4xx_HAL_Driver/Src/stm32l4xx_ll_rcc.o
 .ARM.attributes
                0x00000383       0x34 ./Drivers/STM32L4xx_HAL_Driver/Src/stm32l4xx_ll_rtc.o
 .ARM.attributes
                0x000003b7       0x34 ./Drivers/STM32L4xx_HAL_Driver/Src/stm32l4xx_ll_spi.o
 .ARM.attributes
                0x000003eb       0x34 ./Drivers/STM32L4xx_HAL_Driver/Src/stm32l4xx_ll_tim.o
 .ARM.attributes
                0x0000041f       0x34 ./Drivers/STM32L4xx_HAL_Driver/Src/stm32l4xx_ll_usart.o
 .ARM.attributes
                0x00000453       0x34 ./Drivers/STM32L4xx_HAL_Driver/Src/stm32l4xx_ll_utils.o
 .ARM.attributes
                0x00000487       0x34 C:/ST/STM32CubeIDE_1.17.0/STM32CubeIDE/plugins/com.st.stm32cube.ide.mcu.externaltools.gnu-tools-for-stm32.13.3.rel1.win32_1.0.0.202411081344/tools/bin/../lib/gcc/arm-none-eabi/13.3.1/../../../../arm-none-eabi/lib/thumb/v7e-m+fp/hard\libc_nano.a(libc_a-memset.o)
 .ARM.attributes
                0x000004bb       0x34 C:/ST/STM32CubeIDE_1.17.0/STM32CubeIDE/plugins/com.st.stm32cube.ide.mcu.externaltools.gnu-tools-for-stm32.13.3.rel1.win32_1.0.0.202411081344/tools/bin/../lib/gcc/arm-none-eabi/13.3.1/../../../../arm-none-eabi/lib/thumb/v7e-m+fp/hard\libc_nano.a(libc_a-init.o)
 .ARM.attributes
                0x000004ef       0x22 C:/ST/STM32CubeIDE_1.17.0/STM32CubeIDE/plugins/com.st.stm32cube.ide.mcu.externaltools.gnu-tools-for-stm32.13.3.rel1.win32_1.0.0.202411081344/tools/bin/../lib/gcc/arm-none-eabi/13.3.1/thumb/v7e-m+fp/hard/crtn.o
OUTPUT(EPS PMIC.elf elf32-littlearm)
LOAD linker stubs
LOAD C:/ST/STM32CubeIDE_1.17.0/STM32CubeIDE/plugins/com.st.stm32cube.ide.mcu.externaltools.gnu-tools-for-stm32.13.3.rel1.win32_1.0.0.202411081344/tools/bin/../lib/gcc/arm-none-eabi/13.3.1/../../../../arm-none-eabi/lib/thumb/v7e-m+fp/hard\libc.a
LOAD C:/ST/STM32CubeIDE_1.17.0/STM32CubeIDE/plugins/com.st.stm32cube.ide.mcu.externaltools.gnu-tools-for-stm32.13.3.rel1.win32_1.0.0.202411081344/tools/bin/../lib/gcc/arm-none-eabi/13.3.1/../../../../arm-none-eabi/lib/thumb/v7e-m+fp/hard\libm.a
LOAD C:/ST/STM32CubeIDE_1.17.0/STM32CubeIDE/plugins/com.st.stm32cube.ide.mcu.externaltools.gnu-tools-for-stm32.13.3.rel1.win32_1.0.0.202411081344/tools/bin/../lib/gcc/arm-none-eabi/13.3.1/thumb/v7e-m+fp/hard\libgcc.a

.debug_info     0x00000000    0x12baf
 .debug_info    0x00000000     0x3ee4 ./Core/Src/main.o
 .debug_info    0x00003ee4      0x73d ./Core/Src/pmic_functions.o
 .debug_info    0x00004621     0x127f ./Core/Src/stm32l4xx_hal_msp.o
 .debug_info    0x000058a0      0x524 ./Core/Src/stm32l4xx_it.o
 .debug_info    0x00005dc4      0x5cd ./Core/Src/system_stm32l4xx.o
 .debug_info    0x00006391       0x30 ./Core/Startup/startup_stm32l496vgtx.o
 .debug_info    0x000063c1      0xb4b ./Drivers/STM32L4xx_HAL_Driver/Src/stm32l4xx_hal.o
 .debug_info    0x00006f0c      0xf17 ./Drivers/STM32L4xx_HAL_Driver/Src/stm32l4xx_hal_can.o
 .debug_info    0x00007e23      0xdb7 ./Drivers/STM32L4xx_HAL_Driver/Src/stm32l4xx_hal_cortex.o
 .debug_info    0x00008bda      0x76f ./Drivers/STM32L4xx_HAL_Driver/Src/stm32l4xx_hal_gpio.o
 .debug_info    0x00009349     0x20d2 ./Drivers/STM32L4xx_HAL_Driver/Src/stm32l4xx_hal_i2c.o
 .debug_info    0x0000b41b      0x999 ./Drivers/STM32L4xx_HAL_Driver/Src/stm32l4xx_hal_i2c_ex.o
 .debug_info    0x0000bdb4     0x11bf ./Drivers/STM32L4xx_HAL_Driver/Src/stm32l4xx_hal_qspi.o
 .debug_info    0x0000cf73      0xaee ./Drivers/STM32L4xx_HAL_Driver/Src/stm32l4xx_ll_adc.o
 .debug_info    0x0000da61      0x95e ./Drivers/STM32L4xx_HAL_Driver/Src/stm32l4xx_ll_gpio.o
 .debug_info    0x0000e3bf      0xe74 ./Drivers/STM32L4xx_HAL_Driver/Src/stm32l4xx_ll_rcc.o
 .debug_info    0x0000f233      0xe51 ./Drivers/STM32L4xx_HAL_Driver/Src/stm32l4xx_ll_rtc.o
 .debug_info    0x00010084      0x597 ./Drivers/STM32L4xx_HAL_Driver/Src/stm32l4xx_ll_spi.o
 .debug_info    0x0001061b     0x1171 ./Drivers/STM32L4xx_HAL_Driver/Src/stm32l4xx_ll_tim.o
 .debug_info    0x0001178c      0x7a6 ./Drivers/STM32L4xx_HAL_Driver/Src/stm32l4xx_ll_usart.o
 .debug_info    0x00011f32      0xc7d ./Drivers/STM32L4xx_HAL_Driver/Src/stm32l4xx_ll_utils.o

.debug_abbrev   0x00000000     0x2bbb
 .debug_abbrev  0x00000000      0x42a ./Core/Src/main.o
 .debug_abbrev  0x0000042a      0x20d ./Core/Src/pmic_functions.o
 .debug_abbrev  0x00000637      0x253 ./Core/Src/stm32l4xx_hal_msp.o
 .debug_abbrev  0x0000088a      0x1f4 ./Core/Src/stm32l4xx_it.o
 .debug_abbrev  0x00000a7e      0x11a ./Core/Src/system_stm32l4xx.o
 .debug_abbrev  0x00000b98       0x24 ./Core/Startup/startup_stm32l496vgtx.o
 .debug_abbrev  0x00000bbc      0x242 ./Drivers/STM32L4xx_HAL_Driver/Src/stm32l4xx_hal.o
 .debug_abbrev  0x00000dfe      0x26f ./Drivers/STM32L4xx_HAL_Driver/Src/stm32l4xx_hal_can.o
 .debug_abbrev  0x0000106d      0x31c ./Drivers/STM32L4xx_HAL_Driver/Src/stm32l4xx_hal_cortex.o
 .debug_abbrev  0x00001389      0x1cb ./Drivers/STM32L4xx_HAL_Driver/Src/stm32l4xx_hal_gpio.o
 .debug_abbrev  0x00001554      0x261 ./Drivers/STM32L4xx_HAL_Driver/Src/stm32l4xx_hal_i2c.o
 .debug_abbrev  0x000017b5      0x1c3 ./Drivers/STM32L4xx_HAL_Driver/Src/stm32l4xx_hal_i2c_ex.o
 .debug_abbrev  0x00001978      0x250 ./Drivers/STM32L4xx_HAL_Driver/Src/stm32l4xx_hal_qspi.o
 .debug_abbrev  0x00001bc8      0x1a9 ./Drivers/STM32L4xx_HAL_Driver/Src/stm32l4xx_ll_adc.o
 .debug_abbrev  0x00001d71      0x235 ./Drivers/STM32L4xx_HAL_Driver/Src/stm32l4xx_ll_gpio.o
 .debug_abbrev  0x00001fa6      0x221 ./Drivers/STM32L4xx_HAL_Driver/Src/stm32l4xx_ll_rcc.o
 .debug_abbrev  0x000021c7      0x22f ./Drivers/STM32L4xx_HAL_Driver/Src/stm32l4xx_ll_rtc.o
 .debug_abbrev  0x000023f6      0x18d ./Drivers/STM32L4xx_HAL_Driver/Src/stm32l4xx_ll_spi.o
 .debug_abbrev  0x00002583      0x20d ./Drivers/STM32L4xx_HAL_Driver/Src/stm32l4xx_ll_tim.o
 .debug_abbrev  0x00002790      0x1cc ./Drivers/STM32L4xx_HAL_Driver/Src/stm32l4xx_ll_usart.o
 .debug_abbrev  0x0000295c      0x25f ./Drivers/STM32L4xx_HAL_Driver/Src/stm32l4xx_ll_utils.o

.debug_aranges  0x00000000     0x1618
 .debug_aranges
                0x00000000      0x368 ./Core/Src/main.o
 .debug_aranges
                0x00000368       0x78 ./Core/Src/pmic_functions.o
 .debug_aranges
                0x000003e0       0x58 ./Core/Src/stm32l4xx_hal_msp.o
 .debug_aranges
                0x00000438       0xb8 ./Core/Src/stm32l4xx_it.o
 .debug_aranges
                0x000004f0       0x28 ./Core/Src/system_stm32l4xx.o
 .debug_aranges
                0x00000518       0x28 ./Core/Startup/startup_stm32l496vgtx.o
 .debug_aranges
                0x00000540      0x130 ./Drivers/STM32L4xx_HAL_Driver/Src/stm32l4xx_hal.o
 .debug_aranges
                0x00000670      0x138 ./Drivers/STM32L4xx_HAL_Driver/Src/stm32l4xx_hal_can.o
 .debug_aranges
                0x000007a8      0x128 ./Drivers/STM32L4xx_HAL_Driver/Src/stm32l4xx_hal_cortex.o
 .debug_aranges
                0x000008d0       0x58 ./Drivers/STM32L4xx_HAL_Driver/Src/stm32l4xx_hal_gpio.o
 .debug_aranges
                0x00000928      0x2a0 ./Drivers/STM32L4xx_HAL_Driver/Src/stm32l4xx_hal_i2c.o
 .debug_aranges
                0x00000bc8       0x48 ./Drivers/STM32L4xx_HAL_Driver/Src/stm32l4xx_hal_i2c_ex.o
 .debug_aranges
                0x00000c10      0x168 ./Drivers/STM32L4xx_HAL_Driver/Src/stm32l4xx_hal_qspi.o
 .debug_aranges
                0x00000d78       0xd0 ./Drivers/STM32L4xx_HAL_Driver/Src/stm32l4xx_ll_adc.o
 .debug_aranges
                0x00000e48       0x70 ./Drivers/STM32L4xx_HAL_Driver/Src/stm32l4xx_ll_gpio.o
 .debug_aranges
                0x00000eb8      0x290 ./Drivers/STM32L4xx_HAL_Driver/Src/stm32l4xx_ll_rcc.o
 .debug_aranges
                0x00001148      0x160 ./Drivers/STM32L4xx_HAL_Driver/Src/stm32l4xx_ll_rtc.o
 .debug_aranges
                0x000012a8       0x68 ./Drivers/STM32L4xx_HAL_Driver/Src/stm32l4xx_ll_spi.o
 .debug_aranges
                0x00001310      0x148 ./Drivers/STM32L4xx_HAL_Driver/Src/stm32l4xx_ll_tim.o
 .debug_aranges
                0x00001458       0x88 ./Drivers/STM32L4xx_HAL_Driver/Src/stm32l4xx_ll_usart.o
 .debug_aranges
                0x000014e0      0x138 ./Drivers/STM32L4xx_HAL_Driver/Src/stm32l4xx_ll_utils.o

.debug_rnglists
                0x00000000     0x10ca
 .debug_rnglists
                0x00000000      0x299 ./Core/Src/main.o
 .debug_rnglists
                0x00000299       0x59 ./Core/Src/pmic_functions.o
 .debug_rnglists
                0x000002f2       0x41 ./Core/Src/stm32l4xx_hal_msp.o
 .debug_rnglists
                0x00000333       0x87 ./Core/Src/stm32l4xx_it.o
 .debug_rnglists
                0x000003ba       0x1a ./Core/Src/system_stm32l4xx.o
 .debug_rnglists
                0x000003d4       0x19 ./Core/Startup/startup_stm32l496vgtx.o
 .debug_rnglists
                0x000003ed       0xdf ./Drivers/STM32L4xx_HAL_Driver/Src/stm32l4xx_hal.o
 .debug_rnglists
                0x000004cc       0xee ./Drivers/STM32L4xx_HAL_Driver/Src/stm32l4xx_hal_can.o
 .debug_rnglists
                0x000005ba       0xda ./Drivers/STM32L4xx_HAL_Driver/Src/stm32l4xx_hal_cortex.o
 .debug_rnglists
                0x00000694       0x3f ./Drivers/STM32L4xx_HAL_Driver/Src/stm32l4xx_hal_gpio.o
 .debug_rnglists
                0x000006d3      0x228 ./Drivers/STM32L4xx_HAL_Driver/Src/stm32l4xx_hal_i2c.o
 .debug_rnglists
                0x000008fb       0x35 ./Drivers/STM32L4xx_HAL_Driver/Src/stm32l4xx_hal_i2c_ex.o
 .debug_rnglists
                0x00000930      0x119 ./Drivers/STM32L4xx_HAL_Driver/Src/stm32l4xx_hal_qspi.o
 .debug_rnglists
                0x00000a49       0x9a ./Drivers/STM32L4xx_HAL_Driver/Src/stm32l4xx_ll_adc.o
 .debug_rnglists
                0x00000ae3       0x51 ./Drivers/STM32L4xx_HAL_Driver/Src/stm32l4xx_ll_gpio.o
 .debug_rnglists
                0x00000b34      0x1fb ./Drivers/STM32L4xx_HAL_Driver/Src/stm32l4xx_ll_rcc.o
 .debug_rnglists
                0x00000d2f      0x108 ./Drivers/STM32L4xx_HAL_Driver/Src/stm32l4xx_ll_rtc.o
 .debug_rnglists
                0x00000e37       0x4a ./Drivers/STM32L4xx_HAL_Driver/Src/stm32l4xx_ll_spi.o
 .debug_rnglists
                0x00000e81       0xfe ./Drivers/STM32L4xx_HAL_Driver/Src/stm32l4xx_ll_tim.o
 .debug_rnglists
                0x00000f7f       0x63 ./Drivers/STM32L4xx_HAL_Driver/Src/stm32l4xx_ll_usart.o
 .debug_rnglists
                0x00000fe2       0xe8 ./Drivers/STM32L4xx_HAL_Driver/Src/stm32l4xx_ll_utils.o

.debug_macro    0x00000000    0x30660
 .debug_macro   0x00000000      0x371 ./Core/Src/main.o
 .debug_macro   0x00000371      0xade ./Core/Src/main.o
 .debug_macro   0x00000e4f      0x1ad ./Core/Src/main.o
 .debug_macro   0x00000ffc       0x2e ./Core/Src/main.o
 .debug_macro   0x0000102a       0x28 ./Core/Src/main.o
 .debug_macro   0x00001052       0x22 ./Core/Src/main.o
 .debug_macro   0x00001074       0x8e ./Core/Src/main.o
 .debug_macro   0x00001102       0x51 ./Core/Src/main.o
 .debug_macro   0x00001153      0x103 ./Core/Src/main.o
 .debug_macro   0x00001256       0x6a ./Core/Src/main.o
 .debug_macro   0x000012c0      0x1df ./Core/Src/main.o
 .debug_macro   0x0000149f       0x1c ./Core/Src/main.o
 .debug_macro   0x000014bb       0x22 ./Core/Src/main.o
 .debug_macro   0x000014dd       0xfb ./Core/Src/main.o
 .debug_macro   0x000015d8     0x1011 ./Core/Src/main.o
 .debug_macro   0x000025e9      0x11f ./Core/Src/main.o
 .debug_macro   0x00002708    0x1c1e2 ./Core/Src/main.o
 .debug_macro   0x0001e8ea       0x6d ./Core/Src/main.o
 .debug_macro   0x0001e957     0x38fb ./Core/Src/main.o
 .debug_macro   0x00022252      0x190 ./Core/Src/main.o
 .debug_macro   0x000223e2       0x5c ./Core/Src/main.o
 .debug_macro   0x0002243e     0x187d ./Core/Src/main.o
 .debug_macro   0x00023cbb      0x773 ./Core/Src/main.o
 .debug_macro   0x0002442e      0x1b9 ./Core/Src/main.o
 .debug_macro   0x000245e7      0x202 ./Core/Src/main.o
 .debug_macro   0x000247e9      0x26b ./Core/Src/main.o
 .debug_macro   0x00024a54      0x23d ./Core/Src/main.o
 .debug_macro   0x00024c91      0x40f ./Core/Src/main.o
 .debug_macro   0x000250a0      0x241 ./Core/Src/main.o
 .debug_macro   0x000252e1      0x3ad ./Core/Src/main.o
 .debug_macro   0x0002568e       0xe4 ./Core/Src/main.o
 .debug_macro   0x00025772      0x22c ./Core/Src/main.o
 .debug_macro   0x0002599e       0x61 ./Core/Src/main.o
 .debug_macro   0x000259ff       0xa5 ./Core/Src/main.o
 .debug_macro   0x00025aa4      0x122 ./Core/Src/main.o
 .debug_macro   0x00025bc6      0x3ef ./Core/Src/main.o
 .debug_macro   0x00025fb5      0x2d4 ./Core/Src/main.o
 .debug_macro   0x00026289      0x433 ./Core/Src/main.o
 .debug_macro   0x000266bc      0xfad ./Core/Src/main.o
 .debug_macro   0x00027669      0x2cb ./Core/Src/main.o
 .debug_macro   0x00027934       0xd0 ./Core/Src/main.o
 .debug_macro   0x00027a04      0x98c ./Core/Src/main.o
 .debug_macro   0x00028390      0x1ed ./Core/Src/main.o
 .debug_macro   0x0002857d      0x3f7 ./Core/Src/main.o
 .debug_macro   0x00028974      0x16a ./Core/Src/main.o
 .debug_macro   0x00028ade      0x1a6 ./Core/Src/main.o
 .debug_macro   0x00028c84       0xa7 ./Core/Src/main.o
 .debug_macro   0x00028d2b      0x20e ./Core/Src/main.o
 .debug_macro   0x00028f39      0x4e5 ./Core/Src/main.o
 .debug_macro   0x0002941e      0x1d8 ./Core/Src/main.o
 .debug_macro   0x000295f6      0x9c1 ./Core/Src/main.o
 .debug_macro   0x00029fb7      0x30c ./Core/Src/main.o
 .debug_macro   0x0002a2c3      0x169 ./Core/Src/main.o
 .debug_macro   0x0002a42c       0xd0 ./Core/Src/main.o
 .debug_macro   0x0002a4fc       0x61 ./Core/Src/main.o
 .debug_macro   0x0002a55d       0x2a ./Core/Src/main.o
 .debug_macro   0x0002a587       0x43 ./Core/Src/main.o
 .debug_macro   0x0002a5ca       0x34 ./Core/Src/main.o
 .debug_macro   0x0002a5fe       0x16 ./Core/Src/main.o
 .debug_macro   0x0002a614       0x3c ./Core/Src/main.o
 .debug_macro   0x0002a650      0x370 ./Core/Src/main.o
 .debug_macro   0x0002a9c0       0x10 ./Core/Src/main.o
 .debug_macro   0x0002a9d0       0x16 ./Core/Src/main.o
 .debug_macro   0x0002a9e6       0x4a ./Core/Src/main.o
 .debug_macro   0x0002aa30       0x34 ./Core/Src/main.o
 .debug_macro   0x0002aa64       0x10 ./Core/Src/main.o
 .debug_macro   0x0002aa74       0x58 ./Core/Src/main.o
 .debug_macro   0x0002aacc       0x8e ./Core/Src/main.o
 .debug_macro   0x0002ab5a       0x1c ./Core/Src/main.o
 .debug_macro   0x0002ab76      0x185 ./Core/Src/main.o
 .debug_macro   0x0002acfb       0x16 ./Core/Src/main.o
 .debug_macro   0x0002ad11       0x16 ./Core/Src/main.o
 .debug_macro   0x0002ad27      0x146 ./Core/Src/main.o
 .debug_macro   0x0002ae6d       0x16 ./Core/Src/main.o
 .debug_macro   0x0002ae83       0x20 ./Core/Src/main.o
 .debug_macro   0x0002aea3      0x265 ./Core/Src/pmic_functions.o
 .debug_macro   0x0002b108      0x25b ./Core/Src/stm32l4xx_hal_msp.o
 .debug_macro   0x0002b363      0x27d ./Core/Src/stm32l4xx_it.o
 .debug_macro   0x0002b5e0      0x1c5 ./Core/Src/system_stm32l4xx.o
 .debug_macro   0x0002b7a5      0x213 ./Drivers/STM32L4xx_HAL_Driver/Src/stm32l4xx_hal.o
 .debug_macro   0x0002b9b8      0x1d4 ./Drivers/STM32L4xx_HAL_Driver/Src/stm32l4xx_hal_can.o
 .debug_macro   0x0002bb8c      0x1c5 ./Drivers/STM32L4xx_HAL_Driver/Src/stm32l4xx_hal_cortex.o
 .debug_macro   0x0002bd51      0x1cc ./Drivers/STM32L4xx_HAL_Driver/Src/stm32l4xx_hal_gpio.o
 .debug_macro   0x0002bf1d      0x291 ./Drivers/STM32L4xx_HAL_Driver/Src/stm32l4xx_hal_i2c.o
 .debug_macro   0x0002c1ae      0x1c5 ./Drivers/STM32L4xx_HAL_Driver/Src/stm32l4xx_hal_i2c_ex.o
 .debug_macro   0x0002c373      0x1e9 ./Drivers/STM32L4xx_HAL_Driver/Src/stm32l4xx_hal_qspi.o
 .debug_macro   0x0002c55c      0x275 ./Drivers/STM32L4xx_HAL_Driver/Src/stm32l4xx_ll_adc.o
 .debug_macro   0x0002c7d1      0xfa7 ./Drivers/STM32L4xx_HAL_Driver/Src/stm32l4xx_ll_adc.o
 .debug_macro   0x0002d778      0x207 ./Drivers/STM32L4xx_HAL_Driver/Src/stm32l4xx_ll_gpio.o
 .debug_macro   0x0002d97f      0x163 ./Drivers/STM32L4xx_HAL_Driver/Src/stm32l4xx_ll_gpio.o
 .debug_macro   0x0002dae2      0x222 ./Drivers/STM32L4xx_HAL_Driver/Src/stm32l4xx_ll_rcc.o
 .debug_macro   0x0002dd04      0x986 ./Drivers/STM32L4xx_HAL_Driver/Src/stm32l4xx_ll_rcc.o
 .debug_macro   0x0002e68a      0x261 ./Drivers/STM32L4xx_HAL_Driver/Src/stm32l4xx_ll_rtc.o
 .debug_macro   0x0002e8eb      0x4df ./Drivers/STM32L4xx_HAL_Driver/Src/stm32l4xx_ll_rtc.o
 .debug_macro   0x0002edca      0x225 ./Drivers/STM32L4xx_HAL_Driver/Src/stm32l4xx_ll_spi.o
 .debug_macro   0x0002efef      0x1d2 ./Drivers/STM32L4xx_HAL_Driver/Src/stm32l4xx_ll_spi.o
 .debug_macro   0x0002f1c1      0x26e ./Drivers/STM32L4xx_HAL_Driver/Src/stm32l4xx_ll_tim.o
 .debug_macro   0x0002f42f      0x9bb ./Drivers/STM32L4xx_HAL_Driver/Src/stm32l4xx_ll_tim.o
 .debug_macro   0x0002fdea      0x23a ./Drivers/STM32L4xx_HAL_Driver/Src/stm32l4xx_ll_usart.o
 .debug_macro   0x00030024      0x306 ./Drivers/STM32L4xx_HAL_Driver/Src/stm32l4xx_ll_usart.o
 .debug_macro   0x0003032a      0x295 ./Drivers/STM32L4xx_HAL_Driver/Src/stm32l4xx_ll_utils.o
 .debug_macro   0x000305bf       0xa1 ./Drivers/STM32L4xx_HAL_Driver/Src/stm32l4xx_ll_utils.o

.debug_line     0x00000000    0x14483
 .debug_line    0x00000000     0x1da0 ./Core/Src/main.o
 .debug_line    0x00001da0      0xb48 ./Core/Src/pmic_functions.o
 .debug_line    0x000028e8      0xa06 ./Core/Src/stm32l4xx_hal_msp.o
 .debug_line    0x000032ee      0xb52 ./Core/Src/stm32l4xx_it.o
 .debug_line    0x00003e40      0x7e1 ./Core/Src/system_stm32l4xx.o
 .debug_line    0x00004621       0x7a ./Core/Startup/startup_stm32l496vgtx.o
 .debug_line    0x0000469b      0xb49 ./Drivers/STM32L4xx_HAL_Driver/Src/stm32l4xx_hal.o
 .debug_line    0x000051e4     0x11f5 ./Drivers/STM32L4xx_HAL_Driver/Src/stm32l4xx_hal_can.o
 .debug_line    0x000063d9      0xce4 ./Drivers/STM32L4xx_HAL_Driver/Src/stm32l4xx_hal_cortex.o
 .debug_line    0x000070bd      0xb85 ./Drivers/STM32L4xx_HAL_Driver/Src/stm32l4xx_hal_gpio.o
 .debug_line    0x00007c42     0x374a ./Drivers/STM32L4xx_HAL_Driver/Src/stm32l4xx_hal_i2c.o
 .debug_line    0x0000b38c      0x8a9 ./Drivers/STM32L4xx_HAL_Driver/Src/stm32l4xx_hal_i2c_ex.o
 .debug_line    0x0000bc35     0x147e ./Drivers/STM32L4xx_HAL_Driver/Src/stm32l4xx_hal_qspi.o
 .debug_line    0x0000d0b3      0xb73 ./Drivers/STM32L4xx_HAL_Driver/Src/stm32l4xx_ll_adc.o
 .debug_line    0x0000dc26      0xaee ./Drivers/STM32L4xx_HAL_Driver/Src/stm32l4xx_ll_gpio.o
 .debug_line    0x0000e714     0x1f7a ./Drivers/STM32L4xx_HAL_Driver/Src/stm32l4xx_ll_rcc.o
 .debug_line    0x0001068e      0xea3 ./Drivers/STM32L4xx_HAL_Driver/Src/stm32l4xx_ll_rtc.o
 .debug_line    0x00011531      0x8c9 ./Drivers/STM32L4xx_HAL_Driver/Src/stm32l4xx_ll_spi.o
 .debug_line    0x00011dfa      0xed8 ./Drivers/STM32L4xx_HAL_Driver/Src/stm32l4xx_ll_tim.o
 .debug_line    0x00012cd2      0x9c8 ./Drivers/STM32L4xx_HAL_Driver/Src/stm32l4xx_ll_usart.o
 .debug_line    0x0001369a      0xde9 ./Drivers/STM32L4xx_HAL_Driver/Src/stm32l4xx_ll_utils.o

.debug_str      0x00000000   0x11f756
 .debug_str     0x00000000   0x11f756 ./Core/Src/main.o
                             0x116784 (size before relaxing)
 .debug_str     0x0011f756   0x110b79 ./Core/Src/pmic_functions.o
 .debug_str     0x0011f756   0x111432 ./Core/Src/stm32l4xx_hal_msp.o
 .debug_str     0x0011f756   0x110bf6 ./Core/Src/stm32l4xx_it.o
 .debug_str     0x0011f756    0xf0524 ./Core/Src/system_stm32l4xx.o
 .debug_str     0x0011f756       0x73 ./Core/Startup/startup_stm32l496vgtx.o
 .debug_str     0x0011f756    0xf112c ./Drivers/STM32L4xx_HAL_Driver/Src/stm32l4xx_hal.o
 .debug_str     0x0011f756    0xf0bad ./Drivers/STM32L4xx_HAL_Driver/Src/stm32l4xx_hal_can.o
 .debug_str     0x0011f756    0xf0dff ./Drivers/STM32L4xx_HAL_Driver/Src/stm32l4xx_hal_cortex.o
 .debug_str     0x0011f756    0xf069e ./Drivers/STM32L4xx_HAL_Driver/Src/stm32l4xx_hal_gpio.o
 .debug_str     0x0011f756    0xf1718 ./Drivers/STM32L4xx_HAL_Driver/Src/stm32l4xx_hal_i2c.o
 .debug_str     0x0011f756    0xf0a37 ./Drivers/STM32L4xx_HAL_Driver/Src/stm32l4xx_hal_i2c_ex.o
 .debug_str     0x0011f756    0xf0e78 ./Drivers/STM32L4xx_HAL_Driver/Src/stm32l4xx_hal_qspi.o
 .debug_str     0x0011f756    0xfe0ac ./Drivers/STM32L4xx_HAL_Driver/Src/stm32l4xx_ll_adc.o
 .debug_str     0x0011f756    0xf2001 ./Drivers/STM32L4xx_HAL_Driver/Src/stm32l4xx_ll_gpio.o
 .debug_str     0x0011f756    0xf717b ./Drivers/STM32L4xx_HAL_Driver/Src/stm32l4xx_ll_rcc.o
 .debug_str     0x0011f756    0xf3a85 ./Drivers/STM32L4xx_HAL_Driver/Src/stm32l4xx_ll_rtc.o
 .debug_str     0x0011f756    0xf26ce ./Drivers/STM32L4xx_HAL_Driver/Src/stm32l4xx_ll_spi.o
 .debug_str     0x0011f756    0xf7d54 ./Drivers/STM32L4xx_HAL_Driver/Src/stm32l4xx_ll_tim.o
 .debug_str     0x0011f756    0xf89fd ./Drivers/STM32L4xx_HAL_Driver/Src/stm32l4xx_ll_usart.o
 .debug_str     0x0011f756    0xf9e68 ./Drivers/STM32L4xx_HAL_Driver/Src/stm32l4xx_ll_utils.o

.comment        0x00000000       0x43
 .comment       0x00000000       0x43 ./Core/Src/main.o
                                 0x44 (size before relaxing)
 .comment       0x00000043       0x44 ./Core/Src/pmic_functions.o
 .comment       0x00000043       0x44 ./Core/Src/stm32l4xx_hal_msp.o
 .comment       0x00000043       0x44 ./Core/Src/stm32l4xx_it.o
 .comment       0x00000043       0x44 ./Core/Src/system_stm32l4xx.o
 .comment       0x00000043       0x44 ./Drivers/STM32L4xx_HAL_Driver/Src/stm32l4xx_hal.o
 .comment       0x00000043       0x44 ./Drivers/STM32L4xx_HAL_Driver/Src/stm32l4xx_hal_can.o
 .comment       0x00000043       0x44 ./Drivers/STM32L4xx_HAL_Driver/Src/stm32l4xx_hal_cortex.o
 .comment       0x00000043       0x44 ./Drivers/STM32L4xx_HAL_Driver/Src/stm32l4xx_hal_gpio.o
 .comment       0x00000043       0x44 ./Drivers/STM32L4xx_HAL_Driver/Src/stm32l4xx_hal_i2c.o
 .comment       0x00000043       0x44 ./Drivers/STM32L4xx_HAL_Driver/Src/stm32l4xx_hal_i2c_ex.o
 .comment       0x00000043       0x44 ./Drivers/STM32L4xx_HAL_Driver/Src/stm32l4xx_hal_qspi.o
 .comment       0x00000043       0x44 ./Drivers/STM32L4xx_HAL_Driver/Src/stm32l4xx_ll_adc.o
 .comment       0x00000043       0x44 ./Drivers/STM32L4xx_HAL_Driver/Src/stm32l4xx_ll_gpio.o
 .comment       0x00000043       0x44 ./Drivers/STM32L4xx_HAL_Driver/Src/stm32l4xx_ll_rcc.o
 .comment       0x00000043       0x44 ./Drivers/STM32L4xx_HAL_Driver/Src/stm32l4xx_ll_rtc.o
 .comment       0x00000043       0x44 ./Drivers/STM32L4xx_HAL_Driver/Src/stm32l4xx_ll_spi.o
 .comment       0x00000043       0x44 ./Drivers/STM32L4xx_HAL_Driver/Src/stm32l4xx_ll_tim.o
 .comment       0x00000043       0x44 ./Drivers/STM32L4xx_HAL_Driver/Src/stm32l4xx_ll_usart.o
 .comment       0x00000043       0x44 ./Drivers/STM32L4xx_HAL_Driver/Src/stm32l4xx_ll_utils.o

.debug_frame    0x00000000     0x5ee0
 .debug_frame   0x00000000      0xf44 ./Core/Src/main.o
 .debug_frame   0x00000f44      0x1d8 ./Core/Src/pmic_functions.o
 .debug_frame   0x0000111c      0x138 ./Core/Src/stm32l4xx_hal_msp.o
 .debug_frame   0x00001254      0x278 ./Core/Src/stm32l4xx_it.o
 .debug_frame   0x000014cc       0x58 ./Core/Src/system_stm32l4xx.o
 .debug_frame   0x00001524      0x498 ./Drivers/STM32L4xx_HAL_Driver/Src/stm32l4xx_hal.o
 .debug_frame   0x000019bc      0x5a0 ./Drivers/STM32L4xx_HAL_Driver/Src/stm32l4xx_hal_can.o
 .debug_frame   0x00001f5c      0x4e8 ./Drivers/STM32L4xx_HAL_Driver/Src/stm32l4xx_hal_cortex.o
 .debug_frame   0x00002444      0x14c ./Drivers/STM32L4xx_HAL_Driver/Src/stm32l4xx_hal_gpio.o
 .debug_frame   0x00002590      0xc38 ./Drivers/STM32L4xx_HAL_Driver/Src/stm32l4xx_hal_i2c.o
 .debug_frame   0x000031c8      0x100 ./Drivers/STM32L4xx_HAL_Driver/Src/stm32l4xx_hal_i2c_ex.o
 .debug_frame   0x000032c8      0x680 ./Drivers/STM32L4xx_HAL_Driver/Src/stm32l4xx_hal_qspi.o
 .debug_frame   0x00003948      0x398 ./Drivers/STM32L4xx_HAL_Driver/Src/stm32l4xx_ll_adc.o
 .debug_frame   0x00003ce0      0x1c0 ./Drivers/STM32L4xx_HAL_Driver/Src/stm32l4xx_ll_gpio.o
 .debug_frame   0x00003ea0      0xaf0 ./Drivers/STM32L4xx_HAL_Driver/Src/stm32l4xx_ll_rcc.o
 .debug_frame   0x00004990      0x66c ./Drivers/STM32L4xx_HAL_Driver/Src/stm32l4xx_ll_rtc.o
 .debug_frame   0x00004ffc      0x198 ./Drivers/STM32L4xx_HAL_Driver/Src/stm32l4xx_ll_spi.o
 .debug_frame   0x00005194      0x5d0 ./Drivers/STM32L4xx_HAL_Driver/Src/stm32l4xx_ll_tim.o
 .debug_frame   0x00005764      0x234 ./Drivers/STM32L4xx_HAL_Driver/Src/stm32l4xx_ll_usart.o
 .debug_frame   0x00005998      0x4fc ./Drivers/STM32L4xx_HAL_Driver/Src/stm32l4xx_ll_utils.o
 .debug_frame   0x00005e94       0x20 C:/ST/STM32CubeIDE_1.17.0/STM32CubeIDE/plugins/com.st.stm32cube.ide.mcu.externaltools.gnu-tools-for-stm32.13.3.rel1.win32_1.0.0.202411081344/tools/bin/../lib/gcc/arm-none-eabi/13.3.1/../../../../arm-none-eabi/lib/thumb/v7e-m+fp/hard\libc_nano.a(libc_a-memset.o)
 .debug_frame   0x00005eb4       0x2c C:/ST/STM32CubeIDE_1.17.0/STM32CubeIDE/plugins/com.st.stm32cube.ide.mcu.externaltools.gnu-tools-for-stm32.13.3.rel1.win32_1.0.0.202411081344/tools/bin/../lib/gcc/arm-none-eabi/13.3.1/../../../../arm-none-eabi/lib/thumb/v7e-m+fp/hard\libc_nano.a(libc_a-init.o)

.debug_line_str
                0x00000000       0x57
 .debug_line_str
                0x00000000       0x57 ./Core/Startup/startup_stm32l496vgtx.o
